[2026-06-01T05:22:39.636+0000] {local_task_job_runner.py:120} INFO - ::group::Pre task execution logs
[2026-06-01T05:22:39.671+0000] {taskinstance.py:2076} INFO - Dependencies all met for dep_context=non-requeueable deps ti=<TaskInstance: retailco_master_pipeline.extract_erp_to_lake manual__2026-05-31T20:59:38.339918+00:00 [queued]>
[2026-06-01T05:22:39.681+0000] {taskinstance.py:2076} INFO - Dependencies all met for dep_context=requeueable deps ti=<TaskInstance: retailco_master_pipeline.extract_erp_to_lake manual__2026-05-31T20:59:38.339918+00:00 [queued]>
[2026-06-01T05:22:39.682+0000] {taskinstance.py:2306} INFO - Starting attempt 3 of 3
[2026-06-01T05:22:39.696+0000] {taskinstance.py:2330} INFO - Executing <Task(BashOperator): extract_erp_to_lake> on 2026-05-31 20:59:38.339918+00:00
[2026-06-01T05:22:39.701+0000] {standard_task_runner.py:63} INFO - Started process 5054 to run task
[2026-06-01T05:22:39.704+0000] {standard_task_runner.py:90} INFO - Running: ['***', 'tasks', 'run', 'retailco_master_pipeline', 'extract_erp_to_lake', 'manual__2026-05-31T20:59:38.339918+00:00', '--job-id', '34', '--raw', '--subdir', 'DAGS_FOLDER/retailco_dag.py', '--cfg-path', '/tmp/tmp6iya9uax']
[2026-06-01T05:22:39.707+0000] {standard_task_runner.py:91} INFO - Job 34: Subtask extract_erp_to_lake
[2026-06-01T05:22:39.780+0000] {task_command.py:426} INFO - Running <TaskInstance: retailco_master_pipeline.extract_erp_to_lake manual__2026-05-31T20:59:38.339918+00:00 [running]> on host 9f8f7458f75c
[2026-06-01T05:22:39.888+0000] {taskinstance.py:2648} INFO - Exporting env vars: AIRFLOW_CTX_DAG_OWNER='data_engineering_team' AIRFLOW_CTX_DAG_ID='retailco_master_pipeline' AIRFLOW_CTX_TASK_ID='extract_erp_to_lake' AIRFLOW_CTX_EXECUTION_DATE='2026-05-31T20:59:38.339918+00:00' AIRFLOW_CTX_TRY_NUMBER='3' AIRFLOW_CTX_DAG_RUN_ID='manual__2026-05-31T20:59:38.339918+00:00'
[2026-06-01T05:22:39.890+0000] {taskinstance.py:430} INFO - ::endgroup::
[2026-06-01T05:22:39.905+0000] {subprocess.py:63} INFO - Tmp dir root location: /tmp
[2026-06-01T05:22:39.911+0000] {subprocess.py:75} INFO - Running command: ['/usr/bin/bash', '-c', 'python /opt/***/extractor.py']
[2026-06-01T05:22:39.923+0000] {subprocess.py:86} INFO - Output:
[2026-06-01T05:22:40.465+0000] {subprocess.py:93} INFO - 2026-06-01 05:22:40,464 - INFO - Incremental run: Fetching data updated after 2026-05-31T21:03:19.922324
[2026-06-01T05:22:40.465+0000] {subprocess.py:93} INFO - 2026-06-01 05:22:40,464 - INFO - Starting extraction for /customers...
[2026-06-01T05:22:40.479+0000] {subprocess.py:93} INFO - 2026-06-01 05:22:40,479 - WARNING - Network error: HTTPSConnectionPool(host='hngstage8da-55c7f5f769c8.herokuapp.com', port=443): Max retries exceeded with url: /customers?updated_after=2026-05-31T21%3A03%3A19.922324 (Caused by NewConnectionError('<urllib3.connection.HTTPSConnection object at 0x7d49994a4d10>: Failed to establish a new connection: [Errno -2] Name or service not known')). Retrying in 1s...
[2026-06-01T05:22:41.484+0000] {subprocess.py:93} INFO - 2026-06-01 05:22:41,484 - WARNING - Network error: HTTPSConnectionPool(host='hngstage8da-55c7f5f769c8.herokuapp.com', port=443): Max retries exceeded with url: /customers?updated_after=2026-05-31T21%3A03%3A19.922324 (Caused by NewConnectionError('<urllib3.connection.HTTPSConnection object at 0x7d49994a7090>: Failed to establish a new connection: [Errno -2] Name or service not known')). Retrying in 2s...
[2026-06-01T05:22:43.492+0000] {subprocess.py:93} INFO - 2026-06-01 05:22:43,492 - WARNING - Network error: HTTPSConnectionPool(host='hngstage8da-55c7f5f769c8.herokuapp.com', port=443): Max retries exceeded with url: /customers?updated_after=2026-05-31T21%3A03%3A19.922324 (Caused by NewConnectionError('<urllib3.connection.HTTPSConnection object at 0x7d49994a4d10>: Failed to establish a new connection: [Errno -2] Name or service not known')). Retrying in 4s...
[2026-06-01T05:22:47.519+0000] {subprocess.py:93} INFO - 2026-06-01 05:22:47,519 - WARNING - Network error: HTTPSConnectionPool(host='hngstage8da-55c7f5f769c8.herokuapp.com', port=443): Max retries exceeded with url: /customers?updated_after=2026-05-31T21%3A03%3A19.922324 (Caused by NewConnectionError('<urllib3.connection.HTTPSConnection object at 0x7d49994a7a50>: Failed to establish a new connection: [Errno -2] Name or service not known')). Retrying in 8s...
[2026-06-01T05:22:55.539+0000] {subprocess.py:93} INFO - 2026-06-01 05:22:55,539 - WARNING - Network error: HTTPSConnectionPool(host='hngstage8da-55c7f5f769c8.herokuapp.com', port=443): Max retries exceeded with url: /customers?updated_after=2026-05-31T21%3A03%3A19.922324 (Caused by NewConnectionError('<urllib3.connection.HTTPSConnection object at 0x7d49994a6e50>: Failed to establish a new connection: [Errno -2] Name or service not known')). Retrying in 16s...
[2026-06-01T05:23:11.537+0000] {subprocess.py:93} INFO - 
[2026-06-01T05:23:11.538+0000] {subprocess.py:93} INFO - --- Starting Full Lake Extraction ---
[2026-06-01T05:23:11.539+0000] {subprocess.py:93} INFO - 
[2026-06-01T05:23:11.539+0000] {subprocess.py:93} INFO - --- Processing customers ---
[2026-06-01T05:23:11.540+0000] {subprocess.py:93} INFO - Traceback (most recent call last):
[2026-06-01T05:23:11.541+0000] {subprocess.py:93} INFO -   File "/opt/***/extractor.py", line 249, in <module>
[2026-06-01T05:23:11.541+0000] {subprocess.py:93} INFO -     new_data = fetch_all_pages(endpoint, updated_after=last_run_time)
[2026-06-01T05:23:11.542+0000] {subprocess.py:93} INFO -                ^^^^^^^^^^^^^^^^^^^^^^^^^^^^^^^^^^^^^^^^^^^^^^^^^^^^^^
[2026-06-01T05:23:11.543+0000] {subprocess.py:93} INFO -   File "/opt/***/extractor.py", line 118, in fetch_all_pages
[2026-06-01T05:23:11.544+0000] {subprocess.py:93} INFO -     response_data = make_robust_request(url, params=params)
[2026-06-01T05:23:11.544+0000] {subprocess.py:93} INFO -                     ^^^^^^^^^^^^^^^^^^^^^^^^^^^^^^^^^^^^^^^
[2026-06-01T05:23:11.545+0000] {subprocess.py:93} INFO -   File "/opt/***/extractor.py", line 98, in make_robust_request
[2026-06-01T05:23:11.546+0000] {subprocess.py:93} INFO -     raise Exception(f"Max retries exceeded for URL: {url}")
[2026-06-01T05:23:11.547+0000] {subprocess.py:93} INFO - Exception: Max retries exceeded for URL: https://hngstage8da-55c7f5f769c8.herokuapp.com/customers
[2026-06-01T05:23:11.575+0000] {subprocess.py:97} INFO - Command exited with return code 1
[2026-06-01T05:23:11.576+0000] {taskinstance.py:441} INFO - ::group::Post task execution logs
[2026-06-01T05:23:11.591+0000] {taskinstance.py:2905} ERROR - Task failed with exception
Traceback (most recent call last):
  File "/home/airflow/.local/lib/python3.11/site-packages/airflow/models/taskinstance.py", line 465, in _execute_task
    result = _execute_callable(context=context, **execute_callable_kwargs)
             ^^^^^^^^^^^^^^^^^^^^^^^^^^^^^^^^^^^^^^^^^^^^^^^^^^^^^^^^^^^^^
  File "/home/airflow/.local/lib/python3.11/site-packages/airflow/models/taskinstance.py", line 432, in _execute_callable
    return execute_callable(context=context, **execute_callable_kwargs)
           ^^^^^^^^^^^^^^^^^^^^^^^^^^^^^^^^^^^^^^^^^^^^^^^^^^^^^^^^^^^^
  File "/home/airflow/.local/lib/python3.11/site-packages/airflow/models/baseoperator.py", line 400, in wrapper
    return func(self, *args, **kwargs)
           ^^^^^^^^^^^^^^^^^^^^^^^^^^^
  File "/home/airflow/.local/lib/python3.11/site-packages/airflow/operators/bash.py", line 243, in execute
    raise AirflowException(
airflow.exceptions.AirflowException: Bash command failed. The command returned a non-zero exit code 1.
[2026-06-01T05:23:11.596+0000] {taskinstance.py:1206} INFO - Marking task as FAILED. dag_id=retailco_master_pipeline, task_id=extract_erp_to_lake, run_id=manual__2026-05-31T20:59:38.339918+00:00, execution_date=20260531T205938, start_date=20260601T052239, end_date=20260601T052311
[2026-06-01T05:23:11.610+0000] {standard_task_runner.py:110} ERROR - Failed to execute job 34 for task extract_erp_to_lake (Bash command failed. The command returned a non-zero exit code 1.; 5054)
[2026-06-01T05:23:11.641+0000] {local_task_job_runner.py:240} INFO - Task exited with return code 1
[2026-06-01T05:23:11.666+0000] {taskinstance.py:3498} INFO - 0 downstream tasks scheduled from follow-on schedule check
[2026-06-01T05:23:11.672+0000] {local_task_job_runner.py:222} INFO - ::endgroup::
