[2026-05-31T20:59:43.381+0000] {local_task_job_runner.py:120} INFO - ::group::Pre task execution logs
[2026-05-31T20:59:43.825+0000] {taskinstance.py:2076} INFO - Dependencies all met for dep_context=non-requeueable deps ti=<TaskInstance: retailco_master_pipeline.extract_erp_to_lake manual__2026-05-31T20:59:38.339918+00:00 [queued]>
[2026-05-31T20:59:43.852+0000] {taskinstance.py:2076} INFO - Dependencies all met for dep_context=requeueable deps ti=<TaskInstance: retailco_master_pipeline.extract_erp_to_lake manual__2026-05-31T20:59:38.339918+00:00 [queued]>
[2026-05-31T20:59:43.854+0000] {taskinstance.py:2306} INFO - Starting attempt 1 of 3
[2026-05-31T20:59:43.909+0000] {taskinstance.py:2330} INFO - Executing <Task(BashOperator): extract_erp_to_lake> on 2026-05-31 20:59:38.339918+00:00
[2026-05-31T20:59:43.928+0000] {standard_task_runner.py:63} INFO - Started process 4422 to run task
[2026-05-31T20:59:43.935+0000] {standard_task_runner.py:90} INFO - Running: ['***', 'tasks', 'run', 'retailco_master_pipeline', 'extract_erp_to_lake', 'manual__2026-05-31T20:59:38.339918+00:00', '--job-id', '30', '--raw', '--subdir', 'DAGS_FOLDER/retailco_dag.py', '--cfg-path', '/tmp/tmpsm3lm05m']
[2026-05-31T20:59:43.940+0000] {standard_task_runner.py:91} INFO - Job 30: Subtask extract_erp_to_lake
[2026-05-31T20:59:44.179+0000] {task_command.py:426} INFO - Running <TaskInstance: retailco_master_pipeline.extract_erp_to_lake manual__2026-05-31T20:59:38.339918+00:00 [running]> on host 9f8f7458f75c
[2026-05-31T20:59:44.562+0000] {taskinstance.py:2648} INFO - Exporting env vars: AIRFLOW_CTX_DAG_OWNER='data_engineering_team' AIRFLOW_CTX_DAG_ID='retailco_master_pipeline' AIRFLOW_CTX_TASK_ID='extract_erp_to_lake' AIRFLOW_CTX_EXECUTION_DATE='2026-05-31T20:59:38.339918+00:00' AIRFLOW_CTX_TRY_NUMBER='1' AIRFLOW_CTX_DAG_RUN_ID='manual__2026-05-31T20:59:38.339918+00:00'
[2026-05-31T20:59:44.567+0000] {taskinstance.py:430} INFO - ::endgroup::
[2026-05-31T20:59:44.713+0000] {subprocess.py:63} INFO - Tmp dir root location: /tmp
[2026-05-31T20:59:44.726+0000] {subprocess.py:75} INFO - Running command: ['/usr/bin/bash', '-c', 'python /opt/***/extractor.py']
[2026-05-31T20:59:44.813+0000] {subprocess.py:86} INFO - Output:
[2026-05-31T20:59:47.573+0000] {subprocess.py:93} INFO - 2026-05-31 20:59:47,573 - INFO - First run: Performing full historical extract.
[2026-05-31T20:59:47.575+0000] {subprocess.py:93} INFO - 2026-05-31 20:59:47,573 - INFO - Starting extraction for /customers...
[2026-05-31T21:00:40.166+0000] {subprocess.py:93} INFO - 2026-05-31 21:00:40,166 - WARNING - Server error 500. Retrying in 1s...
[2026-05-31T21:03:19.821+0000] {subprocess.py:93} INFO - 2026-05-31 21:03:19,818 - INFO - Finished /customers. Total records: 5000
[2026-05-31T21:03:20.512+0000] {subprocess.py:93} INFO - 2026-05-31 21:03:20,511 - INFO - Successfully saved 5000 records to raw.customers
[2026-05-31T21:03:20.513+0000] {subprocess.py:93} INFO - 2026-05-31 21:03:20,512 - INFO - Watermark for customers updated to 2026-05-31T21:03:19.922324+00:00
[2026-05-31T21:03:20.514+0000] {subprocess.py:93} INFO - 2026-05-31 21:03:20,514 - INFO - First run: Performing full historical extract.
[2026-05-31T21:03:20.515+0000] {subprocess.py:93} INFO - 2026-05-31 21:03:20,514 - INFO - Starting extraction for /products...
[2026-05-31T21:04:35.480+0000] {subprocess.py:93} INFO - 2026-05-31 21:04:35,474 - INFO - Finished /products. Total records: 2000
[2026-05-31T21:04:35.714+0000] {subprocess.py:93} INFO - 2026-05-31 21:04:35,713 - INFO - Successfully saved 2000 records to raw.products
[2026-05-31T21:04:35.715+0000] {subprocess.py:93} INFO - 2026-05-31 21:04:35,714 - INFO - Watermark for products updated to 2026-05-31T21:04:35.562605+00:00
[2026-05-31T21:04:35.716+0000] {subprocess.py:93} INFO - 2026-05-31 21:04:35,715 - INFO - First run: Performing full historical extract.
[2026-05-31T21:04:35.718+0000] {subprocess.py:93} INFO - 2026-05-31 21:04:35,716 - INFO - Starting extraction for /stores...
[2026-05-31T21:04:37.217+0000] {subprocess.py:93} INFO - 2026-05-31 21:04:37,216 - INFO - Finished /stores. Total records: 4
[2026-05-31T21:04:37.233+0000] {subprocess.py:93} INFO - 2026-05-31 21:04:37,233 - INFO - Successfully saved 4 records to raw.stores
[2026-05-31T21:04:37.235+0000] {subprocess.py:93} INFO - 2026-05-31 21:04:37,233 - INFO - Watermark for stores updated to 2026-05-31T21:04:37.221770+00:00
[2026-05-31T21:04:37.236+0000] {subprocess.py:93} INFO - 2026-05-31 21:04:37,234 - INFO - First run: Performing full historical extract.
[2026-05-31T21:04:37.237+0000] {subprocess.py:93} INFO - 2026-05-31 21:04:37,234 - INFO - Starting extraction for /employees...
[2026-05-31T21:04:38.950+0000] {subprocess.py:93} INFO - 2026-05-31 21:04:38,949 - INFO - Finished /employees. Total records: 50
[2026-05-31T21:04:38.974+0000] {subprocess.py:93} INFO - 2026-05-31 21:04:38,974 - INFO - Successfully saved 50 records to raw.employees
[2026-05-31T21:04:38.977+0000] {subprocess.py:93} INFO - 2026-05-31 21:04:38,974 - INFO - Watermark for employees updated to 2026-05-31T21:04:38.952682+00:00
[2026-05-31T21:04:38.980+0000] {subprocess.py:93} INFO - 2026-05-31 21:04:38,977 - INFO - First run: Performing full historical extract.
[2026-05-31T21:04:38.981+0000] {subprocess.py:93} INFO - 2026-05-31 21:04:38,978 - INFO - Starting extraction for /payment_methods...
[2026-05-31T21:04:40.256+0000] {subprocess.py:93} INFO - 2026-05-31 21:04:40,254 - INFO - Finished /payment_methods. Total records: 5
[2026-05-31T21:04:40.276+0000] {subprocess.py:93} INFO - 2026-05-31 21:04:40,275 - INFO - Successfully saved 5 records to raw.payment_methods
[2026-05-31T21:04:40.278+0000] {subprocess.py:93} INFO - 2026-05-31 21:04:40,276 - INFO - Watermark for payment_methods updated to 2026-05-31T21:04:40.258909+00:00
[2026-05-31T21:04:40.281+0000] {subprocess.py:93} INFO - 2026-05-31 21:04:40,278 - INFO - First run: Performing full historical extract.
[2026-05-31T21:04:40.283+0000] {subprocess.py:93} INFO - 2026-05-31 21:04:40,278 - INFO - Starting extraction for /orders...
[2026-05-31T21:05:13.763+0000] {subprocess.py:93} INFO - 2026-05-31 21:05:13,762 - WARNING - Server error 500. Retrying in 1s...
[2026-05-31T21:08:28.009+0000] {subprocess.py:93} INFO - 2026-05-31 21:08:28,004 - WARNING - Network error: HTTPSConnectionPool(host='hngstage8da-55c7f5f769c8.herokuapp.com', port=443): Read timed out. (read timeout=10). Retrying in 1s...
[2026-05-31T21:11:16.437+0000] {subprocess.py:93} INFO - 2026-05-31 21:11:16,435 - WARNING - Network error: HTTPSConnectionPool(host='hngstage8da-55c7f5f769c8.herokuapp.com', port=443): Read timed out. (read timeout=10). Retrying in 1s...
[2026-05-31T21:11:41.012+0000] {subprocess.py:93} INFO - 2026-05-31 21:11:41,012 - WARNING - Network error: HTTPSConnectionPool(host='hngstage8da-55c7f5f769c8.herokuapp.com', port=443): Read timed out. (read timeout=10). Retrying in 1s...
[2026-05-31T21:11:55.066+0000] {subprocess.py:93} INFO - 2026-05-31 21:11:55,065 - WARNING - Server error 500. Retrying in 1s...
[2026-05-31T21:12:03.223+0000] {subprocess.py:93} INFO - 2026-05-31 21:12:03,223 - WARNING - Server error 500. Retrying in 1s...
[2026-05-31T21:12:35.998+0000] {subprocess.py:93} INFO - 2026-05-31 21:12:35,997 - WARNING - Network error: HTTPSConnectionPool(host='hngstage8da-55c7f5f769c8.herokuapp.com', port=443): Read timed out. (read timeout=10). Retrying in 1s...
[2026-05-31T21:17:48.148+0000] {subprocess.py:93} INFO - 2026-05-31 21:17:48,136 - WARNING - Server error 500. Retrying in 1s...
[2026-05-31T21:20:10.416+0000] {subprocess.py:93} INFO - 2026-05-31 21:20:10,415 - WARNING - Server error 500. Retrying in 1s...
[2026-05-31T21:21:08.509+0000] {subprocess.py:93} INFO - 2026-05-31 21:21:08,505 - WARNING - Network error: HTTPSConnectionPool(host='hngstage8da-55c7f5f769c8.herokuapp.com', port=443): Read timed out. (read timeout=10). Retrying in 1s...
[2026-05-31T21:25:34.032+0000] {subprocess.py:93} INFO - 2026-05-31 21:25:34,027 - WARNING - Network error: HTTPSConnectionPool(host='hngstage8da-55c7f5f769c8.herokuapp.com', port=443): Read timed out. (read timeout=10). Retrying in 1s...
[2026-05-31T21:25:50.641+0000] {subprocess.py:93} INFO - 2026-05-31 21:25:50,641 - WARNING - Server error 500. Retrying in 1s...
[2026-05-31T21:26:34.670+0000] {subprocess.py:93} INFO - 2026-05-31 21:26:34,669 - WARNING - Server error 500. Retrying in 1s...
[2026-05-31T21:26:59.456+0000] {subprocess.py:93} INFO - 2026-05-31 21:26:59,456 - WARNING - Server error 500. Retrying in 1s...
[2026-05-31T21:29:33.565+0000] {subprocess.py:93} INFO - 2026-05-31 21:29:33,565 - WARNING - Server error 500. Retrying in 1s...
[2026-05-31T21:29:52.152+0000] {subprocess.py:93} INFO - 2026-05-31 21:29:52,152 - WARNING - Network error: HTTPSConnectionPool(host='hngstage8da-55c7f5f769c8.herokuapp.com', port=443): Read timed out.. Retrying in 1s...
[2026-05-31T21:29:58.603+0000] {subprocess.py:93} INFO - 2026-05-31 21:29:58,603 - WARNING - Server error 500. Retrying in 1s...
[2026-05-31T21:31:26.864+0000] {subprocess.py:93} INFO - 2026-05-31 21:31:26,864 - WARNING - Network error: HTTPSConnectionPool(host='hngstage8da-55c7f5f769c8.herokuapp.com', port=443): Read timed out. (read timeout=10). Retrying in 1s...
[2026-05-31T21:33:26.914+0000] {subprocess.py:93} INFO - 2026-05-31 21:33:26,913 - WARNING - Server error 500. Retrying in 1s...
[2026-05-31T21:35:47.449+0000] {subprocess.py:93} INFO - 2026-05-31 21:35:47,449 - WARNING - Server error 500. Retrying in 1s...
[2026-05-31T21:35:53.771+0000] {subprocess.py:93} INFO - 2026-05-31 21:35:53,770 - WARNING - Server error 500. Retrying in 1s...
[2026-05-31T21:38:13.368+0000] {subprocess.py:93} INFO - 2026-05-31 21:38:13,367 - WARNING - Server error 500. Retrying in 1s...
[2026-05-31T21:41:34.023+0000] {subprocess.py:93} INFO - 2026-05-31 21:41:34,023 - WARNING - Server error 500. Retrying in 1s...
[2026-05-31T21:42:59.033+0000] {subprocess.py:93} INFO - 2026-05-31 21:42:59,033 - WARNING - Server error 500. Retrying in 1s...
[2026-05-31T21:43:09.272+0000] {subprocess.py:93} INFO - 2026-05-31 21:43:09,271 - WARNING - Server error 500. Retrying in 1s...
[2026-05-31T21:47:23.429+0000] {subprocess.py:93} INFO - 2026-05-31 21:47:23,428 - WARNING - Server error 500. Retrying in 1s...
[2026-05-31T21:49:23.174+0000] {subprocess.py:93} INFO - 2026-05-31 21:49:23,173 - WARNING - Network error: HTTPSConnectionPool(host='hngstage8da-55c7f5f769c8.herokuapp.com', port=443): Read timed out. (read timeout=10). Retrying in 1s...
[2026-05-31T21:49:44.431+0000] {subprocess.py:93} INFO - 2026-05-31 21:49:44,431 - WARNING - Server error 500. Retrying in 1s...
[2026-05-31T21:52:35.821+0000] {subprocess.py:93} INFO - 2026-05-31 21:52:35,820 - WARNING - Network error: HTTPSConnectionPool(host='hngstage8da-55c7f5f769c8.herokuapp.com', port=443): Read timed out. (read timeout=10). Retrying in 1s...
[2026-06-01T00:55:46.558+0000] {subprocess.py:93} INFO - 2026-06-01 00:55:46,553 - WARNING - Network error: HTTPSConnectionPool(host='hngstage8da-55c7f5f769c8.herokuapp.com', port=443): Max retries exceeded with url: /orders?cursor=eyJpZCI6ImQ1ZDM0MzI4LTc4MmUtNDA2Ni1iYTFlLWE0MDA4NWRhZDNkNyIsInVwZGF0ZWRBdCI6IjIwMjYtMDItMjZUMjI6MzI6MjguMDA3WiJ9 (Caused by NewConnectionError('<urllib3.connection.HTTPSConnection object at 0x71d761003b50>: Failed to establish a new connection: [Errno -2] Name or service not known')). Retrying in 1s...
[2026-06-01T00:55:46.453+0000] {local_task_job_runner.py:214} ERROR - Heartbeat time limit exceeded!
[2026-06-01T00:55:46.633+0000] {local_task_job_runner.py:222} INFO - ::endgroup::
[2026-06-01T00:55:46.935+0000] {process_utils.py:132} INFO - Sending 15 to group 4422. PIDs of all processes in the group: [4423, 4422]
[2026-06-01T00:55:47.017+0000] {process_utils.py:87} INFO - Sending the signal 15 to group 4422
[2026-06-01T00:55:47.471+0000] {taskinstance.py:2611} ERROR - Received SIGTERM. Terminating subprocesses.
[2026-06-01T00:55:47.688+0000] {subprocess.py:104} INFO - Sending SIGTERM signal to process group
[2026-06-01T00:55:47.902+0000] {taskinstance.py:441} INFO - ::group::Post task execution logs
[2026-06-01T00:55:49.601+0000] {taskinstance.py:2905} ERROR - Task failed with exception
Traceback (most recent call last):
  File "/home/airflow/.local/lib/python3.11/site-packages/airflow/models/taskinstance.py", line 465, in _execute_task
    result = _execute_callable(context=context, **execute_callable_kwargs)
             ^^^^^^^^^^^^^^^^^^^^^^^^^^^^^^^^^^^^^^^^^^^^^^^^^^^^^^^^^^^^^
  File "/home/airflow/.local/lib/python3.11/site-packages/airflow/models/taskinstance.py", line 432, in _execute_callable
    return execute_callable(context=context, **execute_callable_kwargs)
           ^^^^^^^^^^^^^^^^^^^^^^^^^^^^^^^^^^^^^^^^^^^^^^^^^^^^^^^^^^^^
  File "/home/airflow/.local/lib/python3.11/site-packages/airflow/models/baseoperator.py", line 400, in wrapper
    return func(self, *args, **kwargs)
           ^^^^^^^^^^^^^^^^^^^^^^^^^^^
  File "/home/airflow/.local/lib/python3.11/site-packages/airflow/operators/bash.py", line 234, in execute
    result = self.subprocess_hook.run_command(
             ^^^^^^^^^^^^^^^^^^^^^^^^^^^^^^^^^
  File "/home/airflow/.local/lib/python3.11/site-packages/airflow/hooks/subprocess.py", line 91, in run_command
    for raw_line in iter(self.sub_process.stdout.readline, b""):
  File "/home/airflow/.local/lib/python3.11/site-packages/airflow/models/taskinstance.py", line 2613, in signal_handler
    raise AirflowTaskTerminated("Task received SIGTERM signal")
airflow.exceptions.AirflowTaskTerminated: Task received SIGTERM signal
[2026-06-01T00:55:49.903+0000] {taskinstance.py:1206} INFO - Marking task as UP_FOR_RETRY. dag_id=retailco_master_pipeline, task_id=extract_erp_to_lake, run_id=manual__2026-05-31T20:59:38.339918+00:00, execution_date=20260531T205938, start_date=20260531T205943, end_date=20260601T005549
[2026-06-01T00:55:50.601+0000] {process_utils.py:80} INFO - Process psutil.Process(pid=4422, status='terminated', exitcode=2, started='20:59:43') (4422) terminated with exit code 2
[2026-06-01T00:55:50.619+0000] {process_utils.py:80} INFO - Process psutil.Process(pid=4423, status='terminated', started='20:59:44') (4423) terminated with exit code None
