[2026-05-31T15:56:19.813+0000] {local_task_job_runner.py:120} INFO - ::group::Pre task execution logs
[2026-05-31T15:56:19.846+0000] {taskinstance.py:2076} INFO - Dependencies all met for dep_context=non-requeueable deps ti=<TaskInstance: retailco_master_pipeline.dbt_run_staging manual__2026-05-31T15:55:29.897550+00:00 [queued]>
[2026-05-31T15:56:19.855+0000] {taskinstance.py:2076} INFO - Dependencies all met for dep_context=requeueable deps ti=<TaskInstance: retailco_master_pipeline.dbt_run_staging manual__2026-05-31T15:55:29.897550+00:00 [queued]>
[2026-05-31T15:56:19.856+0000] {taskinstance.py:2306} INFO - Starting attempt 1 of 3
[2026-05-31T15:56:19.870+0000] {taskinstance.py:2330} INFO - Executing <Task(BashOperator): dbt_run_staging> on 2026-05-31 15:55:29.897550+00:00
[2026-05-31T15:56:19.875+0000] {standard_task_runner.py:63} INFO - Started process 1391 to run task
[2026-05-31T15:56:19.879+0000] {standard_task_runner.py:90} INFO - Running: ['***', 'tasks', 'run', 'retailco_master_pipeline', 'dbt_run_staging', 'manual__2026-05-31T15:55:29.897550+00:00', '--job-id', '21', '--raw', '--subdir', 'DAGS_FOLDER/retailco_dag.py', '--cfg-path', '/tmp/tmpqxft5qys']
[2026-05-31T15:56:19.882+0000] {standard_task_runner.py:91} INFO - Job 21: Subtask dbt_run_staging
[2026-05-31T15:56:19.968+0000] {task_command.py:426} INFO - Running <TaskInstance: retailco_master_pipeline.dbt_run_staging manual__2026-05-31T15:55:29.897550+00:00 [running]> on host 9f8f7458f75c
[2026-05-31T15:56:20.090+0000] {taskinstance.py:2648} INFO - Exporting env vars: AIRFLOW_CTX_DAG_OWNER='data_engineering_team' AIRFLOW_CTX_DAG_ID='retailco_master_pipeline' AIRFLOW_CTX_TASK_ID='dbt_run_staging' AIRFLOW_CTX_EXECUTION_DATE='2026-05-31T15:55:29.897550+00:00' AIRFLOW_CTX_TRY_NUMBER='1' AIRFLOW_CTX_DAG_RUN_ID='manual__2026-05-31T15:55:29.897550+00:00'
[2026-05-31T15:56:20.092+0000] {taskinstance.py:430} INFO - ::endgroup::
[2026-05-31T15:56:20.107+0000] {subprocess.py:63} INFO - Tmp dir root location: /tmp
[2026-05-31T15:56:20.109+0000] {subprocess.py:75} INFO - Running command: ['/usr/bin/bash', '-c', 'cd /opt/***/retailco_models && dbt run --select staging']
[2026-05-31T15:56:20.120+0000] {subprocess.py:86} INFO - Output:
[2026-05-31T15:56:24.313+0000] {subprocess.py:93} INFO - [0m15:56:24  Running with dbt=1.7.0
[2026-05-31T15:56:25.039+0000] {subprocess.py:93} INFO - [0m15:56:25  Registered adapter: postgres=1.7.0
[2026-05-31T15:56:25.595+0000] {subprocess.py:93} INFO - [0m15:56:25  [[33mWARNING[0m]: Configuration paths exist in your dbt_project.yml file which do not apply to any resources.
[2026-05-31T15:56:25.596+0000] {subprocess.py:93} INFO - There are 1 unused configuration paths:
[2026-05-31T15:56:25.597+0000] {subprocess.py:93} INFO - - models.retailco_models.example
[2026-05-31T15:56:25.648+0000] {subprocess.py:93} INFO - [0m15:56:25  Found 19 models, 2 snapshots, 16 tests, 8 sources, 0 exposures, 0 metrics, 401 macros, 0 groups, 0 semantic models
[2026-05-31T15:56:25.654+0000] {subprocess.py:93} INFO - [0m15:56:25
[2026-05-31T15:56:25.814+0000] {subprocess.py:93} INFO - [0m15:56:25  Concurrency: 4 threads (target='dev')
[2026-05-31T15:56:25.816+0000] {subprocess.py:93} INFO - [0m15:56:25
[2026-05-31T15:56:25.830+0000] {subprocess.py:93} INFO - [0m15:56:25  1 of 8 START sql view model marts.stg_customers ................................ [RUN]
[2026-05-31T15:56:25.832+0000] {subprocess.py:93} INFO - [0m15:56:25  2 of 8 START sql view model marts.stg_employees ................................ [RUN]
[2026-05-31T15:56:25.833+0000] {subprocess.py:93} INFO - [0m15:56:25  3 of 8 START sql view model marts.stg_inventory_movements ...................... [RUN]
[2026-05-31T15:56:25.835+0000] {subprocess.py:93} INFO - [0m15:56:25  4 of 8 START sql view model marts.stg_orders ................................... [RUN]
[2026-05-31T15:56:26.262+0000] {subprocess.py:93} INFO - [0m15:56:26  4 of 8 OK created sql view model marts.stg_orders .............................. [[32mCREATE VIEW[0m in 0.41s]
[2026-05-31T15:56:26.277+0000] {subprocess.py:93} INFO - [0m15:56:26  3 of 8 OK created sql view model marts.stg_inventory_movements ................. [[32mCREATE VIEW[0m in 0.43s]
[2026-05-31T15:56:26.289+0000] {subprocess.py:93} INFO - [0m15:56:26  5 of 8 START sql view model marts.stg_payment_methods .......................... [RUN]
[2026-05-31T15:56:26.291+0000] {subprocess.py:93} INFO - [0m15:56:26  2 of 8 OK created sql view model marts.stg_employees ........................... [[32mCREATE VIEW[0m in 0.44s]
[2026-05-31T15:56:26.295+0000] {subprocess.py:93} INFO - [0m15:56:26  1 of 8 OK created sql view model marts.stg_customers ........................... [[32mCREATE VIEW[0m in 0.45s]
[2026-05-31T15:56:26.300+0000] {subprocess.py:93} INFO - [0m15:56:26  6 of 8 START sql view model marts.stg_payments ................................. [RUN]
[2026-05-31T15:56:26.319+0000] {subprocess.py:93} INFO - [0m15:56:26  7 of 8 START sql view model marts.stg_products ................................. [RUN]
[2026-05-31T15:56:26.323+0000] {subprocess.py:93} INFO - [0m15:56:26  8 of 8 START sql view model marts.stg_stores ................................... [RUN]
[2026-05-31T15:56:26.700+0000] {subprocess.py:93} INFO - [0m15:56:26  5 of 8 OK created sql view model marts.stg_payment_methods ..................... [[32mCREATE VIEW[0m in 0.39s]
[2026-05-31T15:56:26.753+0000] {subprocess.py:93} INFO - [0m15:56:26  8 of 8 OK created sql view model marts.stg_stores .............................. [[32mCREATE VIEW[0m in 0.41s]
[2026-05-31T15:56:26.773+0000] {subprocess.py:93} INFO - [0m15:56:26  6 of 8 OK created sql view model marts.stg_payments ............................ [[32mCREATE VIEW[0m in 0.46s]
[2026-05-31T15:56:26.787+0000] {subprocess.py:93} INFO - [0m15:56:26  7 of 8 OK created sql view model marts.stg_products ............................ [[32mCREATE VIEW[0m in 0.45s]
[2026-05-31T15:56:26.863+0000] {subprocess.py:93} INFO - [0m15:56:26
[2026-05-31T15:56:26.865+0000] {subprocess.py:93} INFO - [0m15:56:26  Finished running 8 view models in 0 hours 0 minutes and 1.21 seconds (1.21s).
[2026-05-31T15:56:26.902+0000] {subprocess.py:93} INFO - [0m15:56:26
[2026-05-31T15:56:26.904+0000] {subprocess.py:93} INFO - [0m15:56:26  [32mCompleted successfully[0m
[2026-05-31T15:56:26.905+0000] {subprocess.py:93} INFO - [0m15:56:26
[2026-05-31T15:56:26.907+0000] {subprocess.py:93} INFO - [0m15:56:26  Done. PASS=8 WARN=0 ERROR=0 SKIP=0 TOTAL=8
[2026-05-31T15:56:28.818+0000] {subprocess.py:97} INFO - Command exited with return code 0
[2026-05-31T15:56:28.820+0000] {taskinstance.py:441} INFO - ::group::Post task execution logs
[2026-05-31T15:56:28.877+0000] {taskinstance.py:1206} INFO - Marking task as SUCCESS. dag_id=retailco_master_pipeline, task_id=dbt_run_staging, run_id=manual__2026-05-31T15:55:29.897550+00:00, execution_date=20260531T155529, start_date=20260531T155619, end_date=20260531T155628
[2026-05-31T15:56:28.910+0000] {local_task_job_runner.py:240} INFO - Task exited with return code 0
[2026-05-31T15:56:28.946+0000] {taskinstance.py:3498} INFO - 1 downstream tasks scheduled from follow-on schedule check
[2026-05-31T15:56:28.953+0000] {local_task_job_runner.py:222} INFO - ::endgroup::
