[2026-05-31T20:14:28.648+0000] {local_task_job_runner.py:120} INFO - ::group::Pre task execution logs
[2026-05-31T20:14:28.724+0000] {taskinstance.py:2076} INFO - Dependencies all met for dep_context=non-requeueable deps ti=<TaskInstance: retailco_master_pipeline.dbt_snapshot_dimensions manual__2026-05-31T20:13:33.267598+00:00 [queued]>
[2026-05-31T20:14:28.741+0000] {taskinstance.py:2076} INFO - Dependencies all met for dep_context=requeueable deps ti=<TaskInstance: retailco_master_pipeline.dbt_snapshot_dimensions manual__2026-05-31T20:13:33.267598+00:00 [queued]>
[2026-05-31T20:14:28.747+0000] {taskinstance.py:2306} INFO - Starting attempt 1 of 3
[2026-05-31T20:14:28.786+0000] {taskinstance.py:2330} INFO - Executing <Task(BashOperator): dbt_snapshot_dimensions> on 2026-05-31 20:13:33.267598+00:00
[2026-05-31T20:14:28.804+0000] {standard_task_runner.py:63} INFO - Started process 3922 to run task
[2026-05-31T20:14:28.813+0000] {standard_task_runner.py:90} INFO - Running: ['***', 'tasks', 'run', 'retailco_master_pipeline', 'dbt_snapshot_dimensions', 'manual__2026-05-31T20:13:33.267598+00:00', '--job-id', '26', '--raw', '--subdir', 'DAGS_FOLDER/retailco_dag.py', '--cfg-path', '/tmp/tmpd7tpgvj0']
[2026-05-31T20:14:28.820+0000] {standard_task_runner.py:91} INFO - Job 26: Subtask dbt_snapshot_dimensions
[2026-05-31T20:14:29.024+0000] {task_command.py:426} INFO - Running <TaskInstance: retailco_master_pipeline.dbt_snapshot_dimensions manual__2026-05-31T20:13:33.267598+00:00 [running]> on host 9f8f7458f75c
[2026-05-31T20:14:29.310+0000] {taskinstance.py:2648} INFO - Exporting env vars: AIRFLOW_CTX_DAG_OWNER='data_engineering_team' AIRFLOW_CTX_DAG_ID='retailco_master_pipeline' AIRFLOW_CTX_TASK_ID='dbt_snapshot_dimensions' AIRFLOW_CTX_EXECUTION_DATE='2026-05-31T20:13:33.267598+00:00' AIRFLOW_CTX_TRY_NUMBER='1' AIRFLOW_CTX_DAG_RUN_ID='manual__2026-05-31T20:13:33.267598+00:00'
[2026-05-31T20:14:29.314+0000] {taskinstance.py:430} INFO - ::endgroup::
[2026-05-31T20:14:29.354+0000] {subprocess.py:63} INFO - Tmp dir root location: /tmp
[2026-05-31T20:14:29.363+0000] {subprocess.py:75} INFO - Running command: ['/usr/bin/bash', '-c', 'cd /opt/***/retailco_models && dbt snapshot']
[2026-05-31T20:14:29.388+0000] {subprocess.py:86} INFO - Output:
[2026-05-31T20:14:38.546+0000] {subprocess.py:93} INFO - [0m20:14:38  Running with dbt=1.7.0
[2026-05-31T20:14:39.942+0000] {subprocess.py:93} INFO - [0m20:14:39  Registered adapter: postgres=1.7.0
[2026-05-31T20:14:41.435+0000] {subprocess.py:93} INFO - [0m20:14:41  [[33mWARNING[0m]: Configuration paths exist in your dbt_project.yml file which do not apply to any resources.
[2026-05-31T20:14:41.436+0000] {subprocess.py:93} INFO - There are 1 unused configuration paths:
[2026-05-31T20:14:41.438+0000] {subprocess.py:93} INFO - - models.retailco_models.example
[2026-05-31T20:14:41.598+0000] {subprocess.py:93} INFO - [0m20:14:41  Found 19 models, 2 snapshots, 16 tests, 8 sources, 0 exposures, 0 metrics, 401 macros, 0 groups, 0 semantic models
[2026-05-31T20:14:41.616+0000] {subprocess.py:93} INFO - [0m20:14:41
[2026-05-31T20:14:42.045+0000] {subprocess.py:93} INFO - [0m20:14:42  Concurrency: 4 threads (target='dev')
[2026-05-31T20:14:42.048+0000] {subprocess.py:93} INFO - [0m20:14:42
[2026-05-31T20:14:42.076+0000] {subprocess.py:93} INFO - [0m20:14:42  1 of 2 START snapshot snapshots.customer_snapshot .............................. [RUN]
[2026-05-31T20:14:42.080+0000] {subprocess.py:93} INFO - [0m20:14:42  2 of 2 START snapshot snapshots.product_snapshot ............................... [RUN]
[2026-05-31T20:14:43.186+0000] {subprocess.py:93} INFO - [0m20:14:43  2 of 2 OK snapshotted snapshots.product_snapshot ............................... [[32mINSERT 0 0[0m in 1.09s]
[2026-05-31T20:14:43.199+0000] {subprocess.py:93} INFO - [0m20:14:43  1 of 2 OK snapshotted snapshots.customer_snapshot .............................. [[32mINSERT 0 50[0m in 1.11s]
[2026-05-31T20:14:43.275+0000] {subprocess.py:93} INFO - [0m20:14:43
[2026-05-31T20:14:43.278+0000] {subprocess.py:93} INFO - [0m20:14:43  Finished running 2 snapshots in 0 hours 0 minutes and 1.65 seconds (1.65s).
[2026-05-31T20:14:43.348+0000] {subprocess.py:93} INFO - [0m20:14:43
[2026-05-31T20:14:43.351+0000] {subprocess.py:93} INFO - [0m20:14:43  [32mCompleted successfully[0m
[2026-05-31T20:14:43.354+0000] {subprocess.py:93} INFO - [0m20:14:43
[2026-05-31T20:14:43.357+0000] {subprocess.py:93} INFO - [0m20:14:43  Done. PASS=2 WARN=0 ERROR=0 SKIP=0 TOTAL=2
[2026-05-31T20:14:46.370+0000] {subprocess.py:97} INFO - Command exited with return code 0
[2026-05-31T20:14:46.376+0000] {taskinstance.py:441} INFO - ::group::Post task execution logs
[2026-05-31T20:14:46.456+0000] {taskinstance.py:1206} INFO - Marking task as SUCCESS. dag_id=retailco_master_pipeline, task_id=dbt_snapshot_dimensions, run_id=manual__2026-05-31T20:13:33.267598+00:00, execution_date=20260531T201333, start_date=20260531T201428, end_date=20260531T201446
[2026-05-31T20:14:46.515+0000] {local_task_job_runner.py:240} INFO - Task exited with return code 0
[2026-05-31T20:14:46.572+0000] {taskinstance.py:3498} INFO - 1 downstream tasks scheduled from follow-on schedule check
[2026-05-31T20:14:46.580+0000] {local_task_job_runner.py:222} INFO - ::endgroup::
