[2026-05-31T14:55:58.431+0000] {local_task_job_runner.py:120} INFO - ::group::Pre task execution logs
[2026-05-31T14:55:58.471+0000] {taskinstance.py:2076} INFO - Dependencies all met for dep_context=non-requeueable deps ti=<TaskInstance: retailco_master_pipeline.dbt_run_staging manual__2026-05-31T14:43:34.200895+00:00 [queued]>
[2026-05-31T14:55:58.482+0000] {taskinstance.py:2076} INFO - Dependencies all met for dep_context=requeueable deps ti=<TaskInstance: retailco_master_pipeline.dbt_run_staging manual__2026-05-31T14:43:34.200895+00:00 [queued]>
[2026-05-31T14:55:58.483+0000] {taskinstance.py:2306} INFO - Starting attempt 1 of 3
[2026-05-31T14:55:58.498+0000] {taskinstance.py:2330} INFO - Executing <Task(BashOperator): dbt_run_staging> on 2026-05-31 14:43:34.200895+00:00
[2026-05-31T14:55:58.504+0000] {standard_task_runner.py:63} INFO - Started process 726 to run task
[2026-05-31T14:55:58.508+0000] {standard_task_runner.py:90} INFO - Running: ['***', 'tasks', 'run', 'retailco_master_pipeline', 'dbt_run_staging', 'manual__2026-05-31T14:43:34.200895+00:00', '--job-id', '15', '--raw', '--subdir', 'DAGS_FOLDER/retailco_dag.py', '--cfg-path', '/tmp/tmpqcbyfgep']
[2026-05-31T14:55:58.513+0000] {standard_task_runner.py:91} INFO - Job 15: Subtask dbt_run_staging
[2026-05-31T14:55:58.604+0000] {task_command.py:426} INFO - Running <TaskInstance: retailco_master_pipeline.dbt_run_staging manual__2026-05-31T14:43:34.200895+00:00 [running]> on host 9f8f7458f75c
[2026-05-31T14:55:58.885+0000] {taskinstance.py:2648} INFO - Exporting env vars: AIRFLOW_CTX_DAG_OWNER='data_engineering_team' AIRFLOW_CTX_DAG_ID='retailco_master_pipeline' AIRFLOW_CTX_TASK_ID='dbt_run_staging' AIRFLOW_CTX_EXECUTION_DATE='2026-05-31T14:43:34.200895+00:00' AIRFLOW_CTX_TRY_NUMBER='1' AIRFLOW_CTX_DAG_RUN_ID='manual__2026-05-31T14:43:34.200895+00:00'
[2026-05-31T14:55:58.887+0000] {taskinstance.py:430} INFO - ::endgroup::
[2026-05-31T14:55:58.913+0000] {subprocess.py:63} INFO - Tmp dir root location: /tmp
[2026-05-31T14:55:58.914+0000] {subprocess.py:75} INFO - Running command: ['/usr/bin/bash', '-c', 'cd /opt/***/retailco_models && dbt run --select staging']
[2026-05-31T14:55:58.928+0000] {subprocess.py:86} INFO - Output:
[2026-05-31T14:56:02.641+0000] {subprocess.py:93} INFO - [0m14:56:02  Running with dbt=1.7.0
[2026-05-31T14:56:03.284+0000] {subprocess.py:93} INFO - [0m14:56:03  Registered adapter: postgres=1.7.0
[2026-05-31T14:56:03.747+0000] {subprocess.py:93} INFO - [0m14:56:03  [[33mWARNING[0m]: Configuration paths exist in your dbt_project.yml file which do not apply to any resources.
[2026-05-31T14:56:03.748+0000] {subprocess.py:93} INFO - There are 1 unused configuration paths:
[2026-05-31T14:56:03.749+0000] {subprocess.py:93} INFO - - models.retailco_models.example
[2026-05-31T14:56:03.814+0000] {subprocess.py:93} INFO - [0m14:56:03  Found 19 models, 2 snapshots, 16 tests, 8 sources, 0 exposures, 0 metrics, 401 macros, 0 groups, 0 semantic models
[2026-05-31T14:56:03.821+0000] {subprocess.py:93} INFO - [0m14:56:03
[2026-05-31T14:56:04.033+0000] {subprocess.py:93} INFO - [0m14:56:04  Concurrency: 4 threads (target='dev')
[2026-05-31T14:56:04.035+0000] {subprocess.py:93} INFO - [0m14:56:04
[2026-05-31T14:56:04.049+0000] {subprocess.py:93} INFO - [0m14:56:04  1 of 8 START sql view model marts.stg_customers ................................ [RUN]
[2026-05-31T14:56:04.051+0000] {subprocess.py:93} INFO - [0m14:56:04  2 of 8 START sql view model marts.stg_employees ................................ [RUN]
[2026-05-31T14:56:04.053+0000] {subprocess.py:93} INFO - [0m14:56:04  3 of 8 START sql view model marts.stg_inventory_movements ...................... [RUN]
[2026-05-31T14:56:04.054+0000] {subprocess.py:93} INFO - [0m14:56:04  4 of 8 START sql view model marts.stg_orders ................................... [RUN]
[2026-05-31T14:56:04.442+0000] {subprocess.py:93} INFO - [0m14:56:04  3 of 8 OK created sql view model marts.stg_inventory_movements ................. [[32mCREATE VIEW[0m in 0.37s]
[2026-05-31T14:56:04.444+0000] {subprocess.py:93} INFO - [0m14:56:04  2 of 8 OK created sql view model marts.stg_employees ........................... [[32mCREATE VIEW[0m in 0.38s]
[2026-05-31T14:56:04.447+0000] {subprocess.py:93} INFO - [0m14:56:04  1 of 8 OK created sql view model marts.stg_customers ........................... [[32mCREATE VIEW[0m in 0.38s]
[2026-05-31T14:56:04.448+0000] {subprocess.py:93} INFO - [0m14:56:04  4 of 8 OK created sql view model marts.stg_orders .............................. [[32mCREATE VIEW[0m in 0.38s]
[2026-05-31T14:56:04.464+0000] {subprocess.py:93} INFO - [0m14:56:04  5 of 8 START sql view model marts.stg_payment_methods .......................... [RUN]
[2026-05-31T14:56:04.466+0000] {subprocess.py:93} INFO - [0m14:56:04  6 of 8 START sql view model marts.stg_payments ................................. [RUN]
[2026-05-31T14:56:04.468+0000] {subprocess.py:93} INFO - [0m14:56:04  7 of 8 START sql view model marts.stg_products ................................. [RUN]
[2026-05-31T14:56:04.469+0000] {subprocess.py:93} INFO - [0m14:56:04  8 of 8 START sql view model marts.stg_stores ................................... [RUN]
[2026-05-31T14:56:04.749+0000] {subprocess.py:93} INFO - [0m14:56:04  6 of 8 OK created sql view model marts.stg_payments ............................ [[32mCREATE VIEW[0m in 0.27s]
[2026-05-31T14:56:04.764+0000] {subprocess.py:93} INFO - [0m14:56:04  7 of 8 OK created sql view model marts.stg_products ............................ [[32mCREATE VIEW[0m in 0.28s]
[2026-05-31T14:56:04.776+0000] {subprocess.py:93} INFO - [0m14:56:04  5 of 8 OK created sql view model marts.stg_payment_methods ..................... [[32mCREATE VIEW[0m in 0.30s]
[2026-05-31T14:56:04.778+0000] {subprocess.py:93} INFO - [0m14:56:04  8 of 8 OK created sql view model marts.stg_stores .............................. [[32mCREATE VIEW[0m in 0.29s]
[2026-05-31T14:56:04.823+0000] {subprocess.py:93} INFO - [0m14:56:04
[2026-05-31T14:56:04.825+0000] {subprocess.py:93} INFO - [0m14:56:04  Finished running 8 view models in 0 hours 0 minutes and 1.00 seconds (1.00s).
[2026-05-31T14:56:04.864+0000] {subprocess.py:93} INFO - [0m14:56:04
[2026-05-31T14:56:04.866+0000] {subprocess.py:93} INFO - [0m14:56:04  [32mCompleted successfully[0m
[2026-05-31T14:56:04.869+0000] {subprocess.py:93} INFO - [0m14:56:04
[2026-05-31T14:56:04.871+0000] {subprocess.py:93} INFO - [0m14:56:04  Done. PASS=8 WARN=0 ERROR=0 SKIP=0 TOTAL=8
[2026-05-31T14:56:07.272+0000] {subprocess.py:97} INFO - Command exited with return code 0
[2026-05-31T14:56:07.274+0000] {taskinstance.py:441} INFO - ::group::Post task execution logs
[2026-05-31T14:56:07.318+0000] {taskinstance.py:1206} INFO - Marking task as SUCCESS. dag_id=retailco_master_pipeline, task_id=dbt_run_staging, run_id=manual__2026-05-31T14:43:34.200895+00:00, execution_date=20260531T144334, start_date=20260531T145558, end_date=20260531T145607
[2026-05-31T14:56:07.343+0000] {local_task_job_runner.py:240} INFO - Task exited with return code 0
[2026-05-31T14:56:07.372+0000] {taskinstance.py:3498} INFO - 1 downstream tasks scheduled from follow-on schedule check
[2026-05-31T14:56:07.376+0000] {local_task_job_runner.py:222} INFO - ::endgroup::
