[2026-05-31T20:15:04.412+0000] {local_task_job_runner.py:120} INFO - ::group::Pre task execution logs
[2026-05-31T20:15:04.483+0000] {taskinstance.py:2076} INFO - Dependencies all met for dep_context=non-requeueable deps ti=<TaskInstance: retailco_master_pipeline.dbt_run_marts manual__2026-05-31T20:13:33.267598+00:00 [queued]>
[2026-05-31T20:15:04.501+0000] {taskinstance.py:2076} INFO - Dependencies all met for dep_context=requeueable deps ti=<TaskInstance: retailco_master_pipeline.dbt_run_marts manual__2026-05-31T20:13:33.267598+00:00 [queued]>
[2026-05-31T20:15:04.506+0000] {taskinstance.py:2306} INFO - Starting attempt 1 of 3
[2026-05-31T20:15:04.533+0000] {taskinstance.py:2330} INFO - Executing <Task(BashOperator): dbt_run_marts> on 2026-05-31 20:13:33.267598+00:00
[2026-05-31T20:15:04.541+0000] {standard_task_runner.py:63} INFO - Started process 3955 to run task
[2026-05-31T20:15:04.546+0000] {standard_task_runner.py:90} INFO - Running: ['***', 'tasks', 'run', 'retailco_master_pipeline', 'dbt_run_marts', 'manual__2026-05-31T20:13:33.267598+00:00', '--job-id', '28', '--raw', '--subdir', 'DAGS_FOLDER/retailco_dag.py', '--cfg-path', '/tmp/tmppha7kapn']
[2026-05-31T20:15:04.551+0000] {standard_task_runner.py:91} INFO - Job 28: Subtask dbt_run_marts
[2026-05-31T20:15:04.689+0000] {task_command.py:426} INFO - Running <TaskInstance: retailco_master_pipeline.dbt_run_marts manual__2026-05-31T20:13:33.267598+00:00 [running]> on host 9f8f7458f75c
[2026-05-31T20:15:04.954+0000] {taskinstance.py:2648} INFO - Exporting env vars: AIRFLOW_CTX_DAG_OWNER='data_engineering_team' AIRFLOW_CTX_DAG_ID='retailco_master_pipeline' AIRFLOW_CTX_TASK_ID='dbt_run_marts' AIRFLOW_CTX_EXECUTION_DATE='2026-05-31T20:13:33.267598+00:00' AIRFLOW_CTX_TRY_NUMBER='1' AIRFLOW_CTX_DAG_RUN_ID='manual__2026-05-31T20:13:33.267598+00:00'
[2026-05-31T20:15:04.962+0000] {taskinstance.py:430} INFO - ::endgroup::
[2026-05-31T20:15:05.018+0000] {subprocess.py:63} INFO - Tmp dir root location: /tmp
[2026-05-31T20:15:05.021+0000] {subprocess.py:75} INFO - Running command: ['/usr/bin/bash', '-c', 'cd /opt/***/retailco_models && dbt run --select marts']
[2026-05-31T20:15:05.040+0000] {subprocess.py:86} INFO - Output:
[2026-05-31T20:15:11.306+0000] {subprocess.py:93} INFO - [0m20:15:11  Running with dbt=1.7.0
[2026-05-31T20:15:12.475+0000] {subprocess.py:93} INFO - [0m20:15:12  Registered adapter: postgres=1.7.0
[2026-05-31T20:15:13.992+0000] {subprocess.py:93} INFO - [0m20:15:13  [[33mWARNING[0m]: Configuration paths exist in your dbt_project.yml file which do not apply to any resources.
[2026-05-31T20:15:13.993+0000] {subprocess.py:93} INFO - There are 1 unused configuration paths:
[2026-05-31T20:15:13.994+0000] {subprocess.py:93} INFO - - models.retailco_models.example
[2026-05-31T20:15:14.104+0000] {subprocess.py:93} INFO - [0m20:15:14  Found 19 models, 2 snapshots, 16 tests, 8 sources, 0 exposures, 0 metrics, 401 macros, 0 groups, 0 semantic models
[2026-05-31T20:15:14.115+0000] {subprocess.py:93} INFO - [0m20:15:14
[2026-05-31T20:15:14.408+0000] {subprocess.py:93} INFO - [0m20:15:14  Concurrency: 4 threads (target='dev')
[2026-05-31T20:15:14.412+0000] {subprocess.py:93} INFO - [0m20:15:14
[2026-05-31T20:15:14.441+0000] {subprocess.py:93} INFO - [0m20:15:14  1 of 11 START sql view model marts.dim_customer ................................ [RUN]
[2026-05-31T20:15:14.444+0000] {subprocess.py:93} INFO - [0m20:15:14  2 of 11 START sql view model marts.dim_date .................................... [RUN]
[2026-05-31T20:15:14.447+0000] {subprocess.py:93} INFO - [0m20:15:14  3 of 11 START sql view model marts.dim_employee ................................ [RUN]
[2026-05-31T20:15:14.451+0000] {subprocess.py:93} INFO - [0m20:15:14  4 of 11 START sql view model marts.dim_payment_method .......................... [RUN]
[2026-05-31T20:15:15.175+0000] {subprocess.py:93} INFO - [0m20:15:15  3 of 11 OK created sql view model marts.dim_employee ........................... [[32mCREATE VIEW[0m in 0.66s]
[2026-05-31T20:15:15.227+0000] {subprocess.py:93} INFO - [0m20:15:15  5 of 11 START sql view model marts.dim_product ................................. [RUN]
[2026-05-31T20:15:15.237+0000] {subprocess.py:93} INFO - [0m20:15:15  1 of 11 OK created sql view model marts.dim_customer ........................... [[32mCREATE VIEW[0m in 0.76s]
[2026-05-31T20:15:15.240+0000] {subprocess.py:93} INFO - [0m20:15:15  4 of 11 OK created sql view model marts.dim_payment_method ..................... [[32mCREATE VIEW[0m in 0.76s]
[2026-05-31T20:15:15.279+0000] {subprocess.py:93} INFO - [0m20:15:15  2 of 11 OK created sql view model marts.dim_date ............................... [[32mCREATE VIEW[0m in 0.80s]
[2026-05-31T20:15:15.283+0000] {subprocess.py:93} INFO - [0m20:15:15  6 of 11 START sql view model marts.dim_store ................................... [RUN]
[2026-05-31T20:15:15.285+0000] {subprocess.py:93} INFO - [0m20:15:15  7 of 11 START sql view model marts.fct_order_lifecycle ......................... [RUN]
[2026-05-31T20:15:15.310+0000] {subprocess.py:93} INFO - [0m20:15:15  8 of 11 START sql view model marts.flagged_payments ............................ [RUN]
[2026-05-31T20:15:15.768+0000] {subprocess.py:93} INFO - [0m20:15:15  5 of 11 OK created sql view model marts.dim_product ............................ [[32mCREATE VIEW[0m in 0.50s]
[2026-05-31T20:15:15.825+0000] {subprocess.py:93} INFO - [0m20:15:15  9 of 11 START sql view model marts.fct_sales ................................... [RUN]
[2026-05-31T20:15:15.836+0000] {subprocess.py:93} INFO - [0m20:15:15  6 of 11 OK created sql view model marts.dim_store .............................. [[32mCREATE VIEW[0m in 0.52s]
[2026-05-31T20:15:15.840+0000] {subprocess.py:93} INFO - [0m20:15:15  7 of 11 OK created sql view model marts.fct_order_lifecycle .................... [[32mCREATE VIEW[0m in 0.53s]
[2026-05-31T20:15:15.890+0000] {subprocess.py:93} INFO - [0m20:15:15  8 of 11 OK created sql view model marts.flagged_payments ....................... [[32mCREATE VIEW[0m in 0.53s]
[2026-05-31T20:15:15.894+0000] {subprocess.py:93} INFO - [0m20:15:15  10 of 11 START sql view model marts.fct_inventory_daily ........................ [RUN]
[2026-05-31T20:15:15.924+0000] {subprocess.py:93} INFO - [0m20:15:15  11 of 11 START sql view model marts.fct_payments ............................... [RUN]
[2026-05-31T20:15:16.275+0000] {subprocess.py:93} INFO - [0m20:15:16  9 of 11 OK created sql view model marts.fct_sales .............................. [[32mCREATE VIEW[0m in 0.42s]
[2026-05-31T20:15:16.320+0000] {subprocess.py:93} INFO - [0m20:15:16  10 of 11 OK created sql view model marts.fct_inventory_daily ................... [[32mCREATE VIEW[0m in 0.41s]
[2026-05-31T20:15:16.344+0000] {subprocess.py:93} INFO - [0m20:15:16  11 of 11 OK created sql view model marts.fct_payments .......................... [[32mCREATE VIEW[0m in 0.39s]
[2026-05-31T20:15:16.424+0000] {subprocess.py:93} INFO - [0m20:15:16
[2026-05-31T20:15:16.427+0000] {subprocess.py:93} INFO - [0m20:15:16  Finished running 11 view models in 0 hours 0 minutes and 2.31 seconds (2.31s).
[2026-05-31T20:15:16.505+0000] {subprocess.py:93} INFO - [0m20:15:16
[2026-05-31T20:15:16.508+0000] {subprocess.py:93} INFO - [0m20:15:16  [32mCompleted successfully[0m
[2026-05-31T20:15:16.512+0000] {subprocess.py:93} INFO - [0m20:15:16
[2026-05-31T20:15:16.516+0000] {subprocess.py:93} INFO - [0m20:15:16  Done. PASS=11 WARN=0 ERROR=0 SKIP=0 TOTAL=11
[2026-05-31T20:15:18.821+0000] {subprocess.py:97} INFO - Command exited with return code 0
[2026-05-31T20:15:18.823+0000] {taskinstance.py:441} INFO - ::group::Post task execution logs
[2026-05-31T20:15:18.905+0000] {taskinstance.py:1206} INFO - Marking task as SUCCESS. dag_id=retailco_master_pipeline, task_id=dbt_run_marts, run_id=manual__2026-05-31T20:13:33.267598+00:00, execution_date=20260531T201333, start_date=20260531T201504, end_date=20260531T201518
[2026-05-31T20:15:18.985+0000] {local_task_job_runner.py:240} INFO - Task exited with return code 0
[2026-05-31T20:15:19.044+0000] {taskinstance.py:3498} INFO - 1 downstream tasks scheduled from follow-on schedule check
[2026-05-31T20:15:19.048+0000] {local_task_job_runner.py:222} INFO - ::endgroup::
