[2026-05-31T20:14:01.856+0000] {local_task_job_runner.py:120} INFO - ::group::Pre task execution logs
[2026-05-31T20:14:01.961+0000] {taskinstance.py:2076} INFO - Dependencies all met for dep_context=non-requeueable deps ti=<TaskInstance: retailco_master_pipeline.load_lake_to_warehouse manual__2026-05-31T20:13:33.267598+00:00 [queued]>
[2026-05-31T20:14:01.984+0000] {taskinstance.py:2076} INFO - Dependencies all met for dep_context=requeueable deps ti=<TaskInstance: retailco_master_pipeline.load_lake_to_warehouse manual__2026-05-31T20:13:33.267598+00:00 [queued]>
[2026-05-31T20:14:01.989+0000] {taskinstance.py:2306} INFO - Starting attempt 1 of 3
[2026-05-31T20:14:02.023+0000] {taskinstance.py:2330} INFO - Executing <Task(BashOperator): load_lake_to_warehouse> on 2026-05-31 20:13:33.267598+00:00
[2026-05-31T20:14:02.036+0000] {standard_task_runner.py:63} INFO - Started process 3905 to run task
[2026-05-31T20:14:02.045+0000] {standard_task_runner.py:90} INFO - Running: ['***', 'tasks', 'run', 'retailco_master_pipeline', 'load_lake_to_warehouse', 'manual__2026-05-31T20:13:33.267598+00:00', '--job-id', '25', '--raw', '--subdir', 'DAGS_FOLDER/retailco_dag.py', '--cfg-path', '/tmp/tmp2qz_3pwm']
[2026-05-31T20:14:02.051+0000] {standard_task_runner.py:91} INFO - Job 25: Subtask load_lake_to_warehouse
[2026-05-31T20:14:02.231+0000] {task_command.py:426} INFO - Running <TaskInstance: retailco_master_pipeline.load_lake_to_warehouse manual__2026-05-31T20:13:33.267598+00:00 [running]> on host 9f8f7458f75c
[2026-05-31T20:14:02.448+0000] {taskinstance.py:2648} INFO - Exporting env vars: AIRFLOW_CTX_DAG_OWNER='data_engineering_team' AIRFLOW_CTX_DAG_ID='retailco_master_pipeline' AIRFLOW_CTX_TASK_ID='load_lake_to_warehouse' AIRFLOW_CTX_EXECUTION_DATE='2026-05-31T20:13:33.267598+00:00' AIRFLOW_CTX_TRY_NUMBER='1' AIRFLOW_CTX_DAG_RUN_ID='manual__2026-05-31T20:13:33.267598+00:00'
[2026-05-31T20:14:02.450+0000] {taskinstance.py:430} INFO - ::endgroup::
[2026-05-31T20:14:02.487+0000] {subprocess.py:63} INFO - Tmp dir root location: /tmp
[2026-05-31T20:14:02.490+0000] {subprocess.py:75} INFO - Running command: ['/usr/bin/bash', '-c', 'python /opt/***/loader.py']
[2026-05-31T20:14:02.508+0000] {subprocess.py:86} INFO - Output:
[2026-05-31T20:14:09.758+0000] {subprocess.py:93} INFO - 2026-05-31 20:14:09,757 - INFO - Reading the config from /opt/***/***.cfg
[2026-05-31T20:14:10.683+0000] {subprocess.py:93} INFO - 2026-05-31 20:14:10,682 - INFO - Configured default timezone UTC
[2026-05-31T20:14:19.036+0000] {subprocess.py:93} INFO - 
[2026-05-31T20:14:19.038+0000] {subprocess.py:93} INFO - --- Starting Full dlt Warehouse Load ---
[2026-05-31T20:14:19.039+0000] {subprocess.py:93} INFO - 
[2026-05-31T20:14:19.040+0000] {subprocess.py:93} INFO - Extracting 'customers' from Lake and loading to Warehouse...
[2026-05-31T20:14:19.041+0000] {subprocess.py:93} INFO - [[34m2026-05-31T20:14:19.036+0000[0m] {[34mloader.py:[0m83} INFO[0m - SUCCESS: customers securely loaded to the Data Warehouse.[0m
[2026-05-31T20:14:19.870+0000] {subprocess.py:93} INFO - 
[2026-05-31T20:14:19.871+0000] {subprocess.py:93} INFO - Extracting 'products' from Lake and loading to Warehouse...
[2026-05-31T20:14:19.872+0000] {subprocess.py:93} INFO - [[34m2026-05-31T20:14:19.870+0000[0m] {[34mloader.py:[0m83} INFO[0m - SUCCESS: products securely loaded to the Data Warehouse.[0m
[2026-05-31T20:14:20.600+0000] {subprocess.py:93} INFO - 
[2026-05-31T20:14:20.601+0000] {subprocess.py:93} INFO - Extracting 'stores' from Lake and loading to Warehouse...
[2026-05-31T20:14:20.602+0000] {subprocess.py:93} INFO - [[34m2026-05-31T20:14:20.599+0000[0m] {[34mloader.py:[0m83} INFO[0m - SUCCESS: stores securely loaded to the Data Warehouse.[0m
[2026-05-31T20:14:21.394+0000] {subprocess.py:93} INFO - 
[2026-05-31T20:14:21.395+0000] {subprocess.py:93} INFO - Extracting 'employees' from Lake and loading to Warehouse...
[2026-05-31T20:14:21.396+0000] {subprocess.py:93} INFO - [[34m2026-05-31T20:14:21.393+0000[0m] {[34mloader.py:[0m83} INFO[0m - SUCCESS: employees securely loaded to the Data Warehouse.[0m
[2026-05-31T20:14:22.067+0000] {subprocess.py:93} INFO - 
[2026-05-31T20:14:22.068+0000] {subprocess.py:93} INFO - Extracting 'payment_methods' from Lake and loading to Warehouse...
[2026-05-31T20:14:22.070+0000] {subprocess.py:93} INFO - [[34m2026-05-31T20:14:22.066+0000[0m] {[34mloader.py:[0m83} INFO[0m - SUCCESS: payment_methods securely loaded to the Data Warehouse.[0m
[2026-05-31T20:14:23.045+0000] {subprocess.py:93} INFO - 
[2026-05-31T20:14:23.046+0000] {subprocess.py:93} INFO - Extracting 'orders' from Lake and loading to Warehouse...
[2026-05-31T20:14:23.047+0000] {subprocess.py:93} INFO - [[34m2026-05-31T20:14:23.044+0000[0m] {[34mloader.py:[0m83} INFO[0m - SUCCESS: orders securely loaded to the Data Warehouse.[0m
[2026-05-31T20:14:23.855+0000] {subprocess.py:93} INFO - 
[2026-05-31T20:14:23.856+0000] {subprocess.py:93} INFO - Extracting 'payments' from Lake and loading to Warehouse...
[2026-05-31T20:14:23.857+0000] {subprocess.py:93} INFO - [[34m2026-05-31T20:14:23.854+0000[0m] {[34mloader.py:[0m83} INFO[0m - SUCCESS: payments securely loaded to the Data Warehouse.[0m
[2026-05-31T20:14:24.732+0000] {subprocess.py:93} INFO - 
[2026-05-31T20:14:24.734+0000] {subprocess.py:93} INFO - Extracting 'inventory_movements' from Lake and loading to Warehouse...
[2026-05-31T20:14:24.735+0000] {subprocess.py:93} INFO - [[34m2026-05-31T20:14:24.732+0000[0m] {[34mloader.py:[0m83} INFO[0m - SUCCESS: inventory_movements securely loaded to the Data Warehouse.[0m
[2026-05-31T20:14:24.736+0000] {subprocess.py:93} INFO - 
[2026-05-31T20:14:24.737+0000] {subprocess.py:93} INFO - --- CHECKPOINT 3 COMPLETE: All tables loaded into the Analytics Warehouse! ---
[2026-05-31T20:14:26.697+0000] {subprocess.py:97} INFO - Command exited with return code 0
[2026-05-31T20:14:26.700+0000] {taskinstance.py:441} INFO - ::group::Post task execution logs
[2026-05-31T20:14:26.773+0000] {taskinstance.py:1206} INFO - Marking task as SUCCESS. dag_id=retailco_master_pipeline, task_id=load_lake_to_warehouse, run_id=manual__2026-05-31T20:13:33.267598+00:00, execution_date=20260531T201333, start_date=20260531T201401, end_date=20260531T201426
[2026-05-31T20:14:26.848+0000] {local_task_job_runner.py:240} INFO - Task exited with return code 0
[2026-05-31T20:14:26.915+0000] {taskinstance.py:3498} INFO - 1 downstream tasks scheduled from follow-on schedule check
[2026-05-31T20:14:26.923+0000] {local_task_job_runner.py:222} INFO - ::endgroup::
