[2026-05-31T15:56:30.056+0000] {local_task_job_runner.py:120} INFO - ::group::Pre task execution logs
[2026-05-31T15:56:30.096+0000] {taskinstance.py:2076} INFO - Dependencies all met for dep_context=non-requeueable deps ti=<TaskInstance: retailco_master_pipeline.dbt_run_marts manual__2026-05-31T15:55:29.897550+00:00 [queued]>
[2026-05-31T15:56:30.106+0000] {taskinstance.py:2076} INFO - Dependencies all met for dep_context=requeueable deps ti=<TaskInstance: retailco_master_pipeline.dbt_run_marts manual__2026-05-31T15:55:29.897550+00:00 [queued]>
[2026-05-31T15:56:30.110+0000] {taskinstance.py:2306} INFO - Starting attempt 1 of 3
[2026-05-31T15:56:30.126+0000] {taskinstance.py:2330} INFO - Executing <Task(BashOperator): dbt_run_marts> on 2026-05-31 15:55:29.897550+00:00
[2026-05-31T15:56:30.131+0000] {standard_task_runner.py:63} INFO - Started process 1410 to run task
[2026-05-31T15:56:30.135+0000] {standard_task_runner.py:90} INFO - Running: ['***', 'tasks', 'run', 'retailco_master_pipeline', 'dbt_run_marts', 'manual__2026-05-31T15:55:29.897550+00:00', '--job-id', '22', '--raw', '--subdir', 'DAGS_FOLDER/retailco_dag.py', '--cfg-path', '/tmp/tmpx91eyiv3']
[2026-05-31T15:56:30.138+0000] {standard_task_runner.py:91} INFO - Job 22: Subtask dbt_run_marts
[2026-05-31T15:56:30.220+0000] {task_command.py:426} INFO - Running <TaskInstance: retailco_master_pipeline.dbt_run_marts manual__2026-05-31T15:55:29.897550+00:00 [running]> on host 9f8f7458f75c
[2026-05-31T15:56:30.342+0000] {taskinstance.py:2648} INFO - Exporting env vars: AIRFLOW_CTX_DAG_OWNER='data_engineering_team' AIRFLOW_CTX_DAG_ID='retailco_master_pipeline' AIRFLOW_CTX_TASK_ID='dbt_run_marts' AIRFLOW_CTX_EXECUTION_DATE='2026-05-31T15:55:29.897550+00:00' AIRFLOW_CTX_TRY_NUMBER='1' AIRFLOW_CTX_DAG_RUN_ID='manual__2026-05-31T15:55:29.897550+00:00'
[2026-05-31T15:56:30.343+0000] {taskinstance.py:430} INFO - ::endgroup::
[2026-05-31T15:56:30.357+0000] {subprocess.py:63} INFO - Tmp dir root location: /tmp
[2026-05-31T15:56:30.360+0000] {subprocess.py:75} INFO - Running command: ['/usr/bin/bash', '-c', 'cd /opt/***/retailco_models && dbt run --select marts']
[2026-05-31T15:56:30.369+0000] {subprocess.py:86} INFO - Output:
[2026-05-31T15:56:34.028+0000] {subprocess.py:93} INFO - [0m15:56:34  Running with dbt=1.7.0
[2026-05-31T15:56:34.620+0000] {subprocess.py:93} INFO - [0m15:56:34  Registered adapter: postgres=1.7.0
[2026-05-31T15:56:35.049+0000] {subprocess.py:93} INFO - [0m15:56:35  [[33mWARNING[0m]: Configuration paths exist in your dbt_project.yml file which do not apply to any resources.
[2026-05-31T15:56:35.050+0000] {subprocess.py:93} INFO - There are 1 unused configuration paths:
[2026-05-31T15:56:35.050+0000] {subprocess.py:93} INFO - - models.retailco_models.example
[2026-05-31T15:56:35.109+0000] {subprocess.py:93} INFO - [0m15:56:35  Found 19 models, 2 snapshots, 16 tests, 8 sources, 0 exposures, 0 metrics, 401 macros, 0 groups, 0 semantic models
[2026-05-31T15:56:35.116+0000] {subprocess.py:93} INFO - [0m15:56:35
[2026-05-31T15:56:35.306+0000] {subprocess.py:93} INFO - [0m15:56:35  Concurrency: 4 threads (target='dev')
[2026-05-31T15:56:35.309+0000] {subprocess.py:93} INFO - [0m15:56:35
[2026-05-31T15:56:35.322+0000] {subprocess.py:93} INFO - [0m15:56:35  1 of 11 START sql view model marts.dim_customer ................................ [RUN]
[2026-05-31T15:56:35.325+0000] {subprocess.py:93} INFO - [0m15:56:35  2 of 11 START sql view model marts.dim_date .................................... [RUN]
[2026-05-31T15:56:35.327+0000] {subprocess.py:93} INFO - [0m15:56:35  3 of 11 START sql view model marts.dim_employee ................................ [RUN]
[2026-05-31T15:56:35.329+0000] {subprocess.py:93} INFO - [0m15:56:35  4 of 11 START sql view model marts.dim_payment_method .......................... [RUN]
[2026-05-31T15:56:35.685+0000] {subprocess.py:93} INFO - [0m15:56:35  3 of 11 OK created sql view model marts.dim_employee ........................... [[32mCREATE VIEW[0m in 0.34s]
[2026-05-31T15:56:35.708+0000] {subprocess.py:93} INFO - [0m15:56:35  1 of 11 OK created sql view model marts.dim_customer ........................... [[32mCREATE VIEW[0m in 0.37s]
[2026-05-31T15:56:35.711+0000] {subprocess.py:93} INFO - [0m15:56:35  5 of 11 START sql view model marts.dim_product ................................. [RUN]
[2026-05-31T15:56:35.730+0000] {subprocess.py:93} INFO - [0m15:56:35  4 of 11 OK created sql view model marts.dim_payment_method ..................... [[32mCREATE VIEW[0m in 0.39s]
[2026-05-31T15:56:35.732+0000] {subprocess.py:93} INFO - [0m15:56:35  6 of 11 START sql view model marts.dim_store ................................... [RUN]
[2026-05-31T15:56:35.750+0000] {subprocess.py:93} INFO - [0m15:56:35  2 of 11 OK created sql view model marts.dim_date ............................... [[32mCREATE VIEW[0m in 0.41s]
[2026-05-31T15:56:35.759+0000] {subprocess.py:93} INFO - [0m15:56:35  7 of 11 START sql view model marts.fct_order_lifecycle ......................... [RUN]
[2026-05-31T15:56:35.771+0000] {subprocess.py:93} INFO - [0m15:56:35  8 of 11 START sql view model marts.flagged_payments ............................ [RUN]
[2026-05-31T15:56:36.022+0000] {subprocess.py:93} INFO - [0m15:56:36  5 of 11 OK created sql view model marts.dim_product ............................ [[32mCREATE VIEW[0m in 0.29s]
[2026-05-31T15:56:36.042+0000] {subprocess.py:93} INFO - [0m15:56:36  6 of 11 OK created sql view model marts.dim_store .............................. [[32mCREATE VIEW[0m in 0.29s]
[2026-05-31T15:56:36.048+0000] {subprocess.py:93} INFO - [0m15:56:36  9 of 11 START sql view model marts.fct_sales ................................... [RUN]
[2026-05-31T15:56:36.062+0000] {subprocess.py:93} INFO - [0m15:56:36  7 of 11 OK created sql view model marts.fct_order_lifecycle .................... [[32mCREATE VIEW[0m in 0.28s]
[2026-05-31T15:56:36.068+0000] {subprocess.py:93} INFO - [0m15:56:36  10 of 11 START sql view model marts.fct_inventory_daily ........................ [RUN]
[2026-05-31T15:56:36.072+0000] {subprocess.py:93} INFO - [0m15:56:36  8 of 11 OK created sql view model marts.flagged_payments ....................... [[32mCREATE VIEW[0m in 0.29s]
[2026-05-31T15:56:36.095+0000] {subprocess.py:93} INFO - [0m15:56:36  11 of 11 START sql view model marts.fct_payments ............................... [RUN]
[2026-05-31T15:56:36.308+0000] {subprocess.py:93} INFO - [0m15:56:36  9 of 11 OK created sql view model marts.fct_sales .............................. [[32mCREATE VIEW[0m in 0.24s]
[2026-05-31T15:56:36.310+0000] {subprocess.py:93} INFO - [0m15:56:36  10 of 11 OK created sql view model marts.fct_inventory_daily ................... [[32mCREATE VIEW[0m in 0.22s]
[2026-05-31T15:56:36.322+0000] {subprocess.py:93} INFO - [0m15:56:36  11 of 11 OK created sql view model marts.fct_payments .......................... [[32mCREATE VIEW[0m in 0.22s]
[2026-05-31T15:56:36.359+0000] {subprocess.py:93} INFO - [0m15:56:36
[2026-05-31T15:56:36.361+0000] {subprocess.py:93} INFO - [0m15:56:36  Finished running 11 view models in 0 hours 0 minutes and 1.24 seconds (1.24s).
[2026-05-31T15:56:36.402+0000] {subprocess.py:93} INFO - [0m15:56:36
[2026-05-31T15:56:36.404+0000] {subprocess.py:93} INFO - [0m15:56:36  [32mCompleted successfully[0m
[2026-05-31T15:56:36.406+0000] {subprocess.py:93} INFO - [0m15:56:36
[2026-05-31T15:56:36.408+0000] {subprocess.py:93} INFO - [0m15:56:36  Done. PASS=11 WARN=0 ERROR=0 SKIP=0 TOTAL=11
[2026-05-31T15:56:38.285+0000] {subprocess.py:97} INFO - Command exited with return code 0
[2026-05-31T15:56:38.287+0000] {taskinstance.py:441} INFO - ::group::Post task execution logs
[2026-05-31T15:56:38.344+0000] {taskinstance.py:1206} INFO - Marking task as SUCCESS. dag_id=retailco_master_pipeline, task_id=dbt_run_marts, run_id=manual__2026-05-31T15:55:29.897550+00:00, execution_date=20260531T155529, start_date=20260531T155630, end_date=20260531T155638
[2026-05-31T15:56:38.376+0000] {local_task_job_runner.py:240} INFO - Task exited with return code 0
[2026-05-31T15:56:38.403+0000] {taskinstance.py:3498} INFO - 1 downstream tasks scheduled from follow-on schedule check
[2026-05-31T15:56:38.407+0000] {local_task_job_runner.py:222} INFO - ::endgroup::
