[2026-05-31T14:11:42.498+0000] {local_task_job_runner.py:120} INFO - ::group::Pre task execution logs
[2026-05-31T14:11:42.542+0000] {taskinstance.py:2076} INFO - Dependencies all met for dep_context=non-requeueable deps ti=<TaskInstance: retailco_master_pipeline.extract_erp_to_lake manual__2026-05-31T14:11:41.066036+00:00 [queued]>
[2026-05-31T14:11:42.554+0000] {taskinstance.py:2076} INFO - Dependencies all met for dep_context=requeueable deps ti=<TaskInstance: retailco_master_pipeline.extract_erp_to_lake manual__2026-05-31T14:11:41.066036+00:00 [queued]>
[2026-05-31T14:11:42.559+0000] {taskinstance.py:2306} INFO - Starting attempt 1 of 3
[2026-05-31T14:11:42.579+0000] {taskinstance.py:2330} INFO - Executing <Task(BashOperator): extract_erp_to_lake> on 2026-05-31 14:11:41.066036+00:00
[2026-05-31T14:11:42.585+0000] {standard_task_runner.py:63} INFO - Started process 188 to run task
[2026-05-31T14:11:42.590+0000] {standard_task_runner.py:90} INFO - Running: ['***', 'tasks', 'run', 'retailco_master_pipeline', 'extract_erp_to_lake', 'manual__2026-05-31T14:11:41.066036+00:00', '--job-id', '4', '--raw', '--subdir', 'DAGS_FOLDER/retailco_dag.py', '--cfg-path', '/tmp/tmpt1lgnpce']
[2026-05-31T14:11:42.593+0000] {standard_task_runner.py:91} INFO - Job 4: Subtask extract_erp_to_lake
[2026-05-31T14:11:42.699+0000] {task_command.py:426} INFO - Running <TaskInstance: retailco_master_pipeline.extract_erp_to_lake manual__2026-05-31T14:11:41.066036+00:00 [running]> on host 9f8f7458f75c
[2026-05-31T14:11:42.829+0000] {taskinstance.py:2648} INFO - Exporting env vars: AIRFLOW_CTX_DAG_OWNER='data_engineering_team' AIRFLOW_CTX_DAG_ID='retailco_master_pipeline' AIRFLOW_CTX_TASK_ID='extract_erp_to_lake' AIRFLOW_CTX_EXECUTION_DATE='2026-05-31T14:11:41.066036+00:00' AIRFLOW_CTX_TRY_NUMBER='1' AIRFLOW_CTX_DAG_RUN_ID='manual__2026-05-31T14:11:41.066036+00:00'
[2026-05-31T14:11:42.831+0000] {taskinstance.py:430} INFO - ::endgroup::
[2026-05-31T14:11:42.853+0000] {subprocess.py:63} INFO - Tmp dir root location: /tmp
[2026-05-31T14:11:42.856+0000] {subprocess.py:75} INFO - Running command: ['/usr/bin/bash', '-c', 'python /opt/***/extractor.py']
[2026-05-31T14:11:42.874+0000] {subprocess.py:86} INFO - Output:
[2026-05-31T14:11:43.469+0000] {subprocess.py:93} INFO - 
[2026-05-31T14:11:43.470+0000] {subprocess.py:93} INFO - --- Starting Full Lake Extraction ---
[2026-05-31T14:11:43.471+0000] {subprocess.py:93} INFO - Traceback (most recent call last):
[2026-05-31T14:11:43.472+0000] {subprocess.py:93} INFO -   File "/opt/***/extractor.py", line 229, in <module>
[2026-05-31T14:11:43.474+0000] {subprocess.py:93} INFO -     conn = get_db_connection()
[2026-05-31T14:11:43.474+0000] {subprocess.py:93} INFO -            ^^^^^^^^^^^^^^^^^^^
[2026-05-31T14:11:43.475+0000] {subprocess.py:93} INFO -   File "/opt/***/extractor.py", line 43, in get_db_connection
[2026-05-31T14:11:43.477+0000] {subprocess.py:93} INFO -     return psycopg2.connect(
[2026-05-31T14:11:43.478+0000] {subprocess.py:93} INFO -            ^^^^^^^^^^^^^^^^^
[2026-05-31T14:11:43.479+0000] {subprocess.py:93} INFO -   File "/home/***/.local/lib/python3.11/site-packages/psycopg2/__init__.py", line 122, in connect
[2026-05-31T14:11:43.479+0000] {subprocess.py:93} INFO -     conn = _connect(dsn, connection_factory=connection_factory, **kwasync)
[2026-05-31T14:11:43.480+0000] {subprocess.py:93} INFO -            ^^^^^^^^^^^^^^^^^^^^^^^^^^^^^^^^^^^^^^^^^^^^^^^^^^^^^^^^^^^^^^^
[2026-05-31T14:11:43.481+0000] {subprocess.py:93} INFO - psycopg2.OperationalError: connection to server at "data-warehouse" (172.18.0.2), port 5432 failed: FATAL:  password authentication failed for user "admin"
[2026-05-31T14:11:43.481+0000] {subprocess.py:93} INFO - 
[2026-05-31T14:11:43.509+0000] {subprocess.py:97} INFO - Command exited with return code 1
[2026-05-31T14:11:43.510+0000] {taskinstance.py:441} INFO - ::group::Post task execution logs
[2026-05-31T14:11:43.527+0000] {taskinstance.py:2905} ERROR - Task failed with exception
Traceback (most recent call last):
  File "/home/airflow/.local/lib/python3.11/site-packages/airflow/models/taskinstance.py", line 465, in _execute_task
    result = _execute_callable(context=context, **execute_callable_kwargs)
             ^^^^^^^^^^^^^^^^^^^^^^^^^^^^^^^^^^^^^^^^^^^^^^^^^^^^^^^^^^^^^
  File "/home/airflow/.local/lib/python3.11/site-packages/airflow/models/taskinstance.py", line 432, in _execute_callable
    return execute_callable(context=context, **execute_callable_kwargs)
           ^^^^^^^^^^^^^^^^^^^^^^^^^^^^^^^^^^^^^^^^^^^^^^^^^^^^^^^^^^^^
  File "/home/airflow/.local/lib/python3.11/site-packages/airflow/models/baseoperator.py", line 400, in wrapper
    return func(self, *args, **kwargs)
           ^^^^^^^^^^^^^^^^^^^^^^^^^^^
  File "/home/airflow/.local/lib/python3.11/site-packages/airflow/operators/bash.py", line 243, in execute
    raise AirflowException(
airflow.exceptions.AirflowException: Bash command failed. The command returned a non-zero exit code 1.
[2026-05-31T14:11:43.531+0000] {taskinstance.py:1206} INFO - Marking task as UP_FOR_RETRY. dag_id=retailco_master_pipeline, task_id=extract_erp_to_lake, run_id=manual__2026-05-31T14:11:41.066036+00:00, execution_date=20260531T141141, start_date=20260531T141142, end_date=20260531T141143
[2026-05-31T14:11:43.550+0000] {standard_task_runner.py:110} ERROR - Failed to execute job 4 for task extract_erp_to_lake (Bash command failed. The command returned a non-zero exit code 1.; 188)
[2026-05-31T14:11:43.567+0000] {local_task_job_runner.py:240} INFO - Task exited with return code 1
[2026-05-31T14:11:43.601+0000] {taskinstance.py:3498} INFO - 0 downstream tasks scheduled from follow-on schedule check
[2026-05-31T14:11:43.604+0000] {local_task_job_runner.py:222} INFO - ::endgroup::
