[2026-05-31T14:14:19.132+0000] {local_task_job_runner.py:120} INFO - ::group::Pre task execution logs
[2026-05-31T14:14:19.165+0000] {taskinstance.py:2076} INFO - Dependencies all met for dep_context=non-requeueable deps ti=<TaskInstance: retailco_master_pipeline.extract_erp_to_lake manual__2026-05-31T14:11:41.066036+00:00 [queued]>
[2026-05-31T14:14:19.173+0000] {taskinstance.py:2076} INFO - Dependencies all met for dep_context=requeueable deps ti=<TaskInstance: retailco_master_pipeline.extract_erp_to_lake manual__2026-05-31T14:11:41.066036+00:00 [queued]>
[2026-05-31T14:14:19.178+0000] {taskinstance.py:2306} INFO - Starting attempt 2 of 3
[2026-05-31T14:14:19.192+0000] {taskinstance.py:2330} INFO - Executing <Task(BashOperator): extract_erp_to_lake> on 2026-05-31 14:11:41.066036+00:00
[2026-05-31T14:14:19.196+0000] {standard_task_runner.py:63} INFO - Started process 216 to run task
[2026-05-31T14:14:19.200+0000] {standard_task_runner.py:90} INFO - Running: ['***', 'tasks', 'run', 'retailco_master_pipeline', 'extract_erp_to_lake', 'manual__2026-05-31T14:11:41.066036+00:00', '--job-id', '5', '--raw', '--subdir', 'DAGS_FOLDER/retailco_dag.py', '--cfg-path', '/tmp/tmpvj554dil']
[2026-05-31T14:14:19.202+0000] {standard_task_runner.py:91} INFO - Job 5: Subtask extract_erp_to_lake
[2026-05-31T14:14:19.288+0000] {task_command.py:426} INFO - Running <TaskInstance: retailco_master_pipeline.extract_erp_to_lake manual__2026-05-31T14:11:41.066036+00:00 [running]> on host 9f8f7458f75c
[2026-05-31T14:14:19.391+0000] {taskinstance.py:2648} INFO - Exporting env vars: AIRFLOW_CTX_DAG_OWNER='data_engineering_team' AIRFLOW_CTX_DAG_ID='retailco_master_pipeline' AIRFLOW_CTX_TASK_ID='extract_erp_to_lake' AIRFLOW_CTX_EXECUTION_DATE='2026-05-31T14:11:41.066036+00:00' AIRFLOW_CTX_TRY_NUMBER='2' AIRFLOW_CTX_DAG_RUN_ID='manual__2026-05-31T14:11:41.066036+00:00'
[2026-05-31T14:14:19.392+0000] {taskinstance.py:430} INFO - ::endgroup::
[2026-05-31T14:14:19.407+0000] {subprocess.py:63} INFO - Tmp dir root location: /tmp
[2026-05-31T14:14:19.408+0000] {subprocess.py:75} INFO - Running command: ['/usr/bin/bash', '-c', 'python /opt/***/extractor.py']
[2026-05-31T14:14:19.418+0000] {subprocess.py:86} INFO - Output:
[2026-05-31T14:14:19.922+0000] {subprocess.py:93} INFO - 
[2026-05-31T14:14:19.923+0000] {subprocess.py:93} INFO - --- Starting Full Lake Extraction ---
[2026-05-31T14:14:19.923+0000] {subprocess.py:93} INFO - Traceback (most recent call last):
[2026-05-31T14:14:19.924+0000] {subprocess.py:93} INFO -   File "/opt/***/extractor.py", line 229, in <module>
[2026-05-31T14:14:19.926+0000] {subprocess.py:93} INFO -     conn = get_db_connection()
[2026-05-31T14:14:19.926+0000] {subprocess.py:93} INFO -            ^^^^^^^^^^^^^^^^^^^
[2026-05-31T14:14:19.927+0000] {subprocess.py:93} INFO -   File "/opt/***/extractor.py", line 43, in get_db_connection
[2026-05-31T14:14:19.929+0000] {subprocess.py:93} INFO -     return psycopg2.connect(
[2026-05-31T14:14:19.930+0000] {subprocess.py:93} INFO -            ^^^^^^^^^^^^^^^^^
[2026-05-31T14:14:19.930+0000] {subprocess.py:93} INFO -   File "/home/***/.local/lib/python3.11/site-packages/psycopg2/__init__.py", line 122, in connect
[2026-05-31T14:14:19.931+0000] {subprocess.py:93} INFO -     conn = _connect(dsn, connection_factory=connection_factory, **kwasync)
[2026-05-31T14:14:19.932+0000] {subprocess.py:93} INFO -            ^^^^^^^^^^^^^^^^^^^^^^^^^^^^^^^^^^^^^^^^^^^^^^^^^^^^^^^^^^^^^^^
[2026-05-31T14:14:19.932+0000] {subprocess.py:93} INFO - psycopg2.OperationalError: connection to server at "data-warehouse" (172.18.0.2), port 5432 failed: FATAL:  password authentication failed for user "admin"
[2026-05-31T14:14:19.933+0000] {subprocess.py:93} INFO - 
[2026-05-31T14:14:19.953+0000] {subprocess.py:97} INFO - Command exited with return code 1
[2026-05-31T14:14:19.954+0000] {taskinstance.py:441} INFO - ::group::Post task execution logs
[2026-05-31T14:14:19.973+0000] {taskinstance.py:2905} ERROR - Task failed with exception
Traceback (most recent call last):
  File "/home/airflow/.local/lib/python3.11/site-packages/airflow/models/taskinstance.py", line 465, in _execute_task
    result = _execute_callable(context=context, **execute_callable_kwargs)
             ^^^^^^^^^^^^^^^^^^^^^^^^^^^^^^^^^^^^^^^^^^^^^^^^^^^^^^^^^^^^^
  File "/home/airflow/.local/lib/python3.11/site-packages/airflow/models/taskinstance.py", line 432, in _execute_callable
    return execute_callable(context=context, **execute_callable_kwargs)
           ^^^^^^^^^^^^^^^^^^^^^^^^^^^^^^^^^^^^^^^^^^^^^^^^^^^^^^^^^^^^
  File "/home/airflow/.local/lib/python3.11/site-packages/airflow/models/baseoperator.py", line 400, in wrapper
    return func(self, *args, **kwargs)
           ^^^^^^^^^^^^^^^^^^^^^^^^^^^
  File "/home/airflow/.local/lib/python3.11/site-packages/airflow/operators/bash.py", line 243, in execute
    raise AirflowException(
airflow.exceptions.AirflowException: Bash command failed. The command returned a non-zero exit code 1.
[2026-05-31T14:14:19.978+0000] {taskinstance.py:1206} INFO - Marking task as UP_FOR_RETRY. dag_id=retailco_master_pipeline, task_id=extract_erp_to_lake, run_id=manual__2026-05-31T14:11:41.066036+00:00, execution_date=20260531T141141, start_date=20260531T141419, end_date=20260531T141419
[2026-05-31T14:14:19.991+0000] {standard_task_runner.py:110} ERROR - Failed to execute job 5 for task extract_erp_to_lake (Bash command failed. The command returned a non-zero exit code 1.; 216)
[2026-05-31T14:14:20.015+0000] {local_task_job_runner.py:240} INFO - Task exited with return code 1
[2026-05-31T14:14:20.043+0000] {taskinstance.py:3498} INFO - 0 downstream tasks scheduled from follow-on schedule check
[2026-05-31T14:14:20.047+0000] {local_task_job_runner.py:222} INFO - ::endgroup::
