[2026-06-01T05:15:12.641+0000] {local_task_job_runner.py:120} INFO - ::group::Pre task execution logs
[2026-06-01T05:15:13.198+0000] {taskinstance.py:2076} INFO - Dependencies all met for dep_context=non-requeueable deps ti=<TaskInstance: retailco_master_pipeline.extract_erp_to_lake scheduled__2026-05-31T00:00:00+00:00 [queued]>
[2026-06-01T05:15:13.241+0000] {taskinstance.py:2076} INFO - Dependencies all met for dep_context=requeueable deps ti=<TaskInstance: retailco_master_pipeline.extract_erp_to_lake scheduled__2026-05-31T00:00:00+00:00 [queued]>
[2026-06-01T05:15:13.243+0000] {taskinstance.py:2306} INFO - Starting attempt 1 of 3
[2026-06-01T05:15:13.389+0000] {taskinstance.py:2330} INFO - Executing <Task(BashOperator): extract_erp_to_lake> on 2026-05-31 00:00:00+00:00
[2026-06-01T05:15:13.427+0000] {standard_task_runner.py:63} INFO - Started process 4977 to run task
[2026-06-01T05:15:13.445+0000] {standard_task_runner.py:90} INFO - Running: ['***', 'tasks', 'run', 'retailco_master_pipeline', 'extract_erp_to_lake', 'scheduled__2026-05-31T00:00:00+00:00', '--job-id', '32', '--raw', '--subdir', 'DAGS_FOLDER/retailco_dag.py', '--cfg-path', '/tmp/tmpyve4anpx']
[2026-06-01T05:15:13.453+0000] {standard_task_runner.py:91} INFO - Job 32: Subtask extract_erp_to_lake
[2026-06-01T05:15:14.236+0000] {task_command.py:426} INFO - Running <TaskInstance: retailco_master_pipeline.extract_erp_to_lake scheduled__2026-05-31T00:00:00+00:00 [running]> on host 9f8f7458f75c
[2026-06-01T05:15:15.642+0000] {taskinstance.py:2648} INFO - Exporting env vars: AIRFLOW_CTX_DAG_OWNER='data_engineering_team' AIRFLOW_CTX_DAG_ID='retailco_master_pipeline' AIRFLOW_CTX_TASK_ID='extract_erp_to_lake' AIRFLOW_CTX_EXECUTION_DATE='2026-05-31T00:00:00+00:00' AIRFLOW_CTX_TRY_NUMBER='1' AIRFLOW_CTX_DAG_RUN_ID='scheduled__2026-05-31T00:00:00+00:00'
[2026-06-01T05:15:15.663+0000] {taskinstance.py:430} INFO - ::endgroup::
[2026-06-01T05:15:15.857+0000] {subprocess.py:63} INFO - Tmp dir root location: /tmp
[2026-06-01T05:15:15.864+0000] {subprocess.py:75} INFO - Running command: ['/usr/bin/bash', '-c', 'python /opt/***/extractor.py']
[2026-06-01T05:15:15.935+0000] {subprocess.py:86} INFO - Output:
[2026-06-01T05:15:21.782+0000] {subprocess.py:93} INFO - 2026-06-01 05:15:21,781 - INFO - Incremental run: Fetching data updated after 2026-05-31T21:03:19.922324
[2026-06-01T05:15:21.793+0000] {subprocess.py:93} INFO - 2026-06-01 05:15:21,782 - INFO - Starting extraction for /customers...
[2026-06-01T05:15:21.887+0000] {subprocess.py:93} INFO - 2026-06-01 05:15:21,887 - WARNING - Network error: HTTPSConnectionPool(host='hngstage8da-55c7f5f769c8.herokuapp.com', port=443): Max retries exceeded with url: /customers?updated_after=2026-05-31T21%3A03%3A19.922324 (Caused by NewConnectionError('<urllib3.connection.HTTPSConnection object at 0x7be771b2f890>: Failed to establish a new connection: [Errno -2] Name or service not known')). Retrying in 1s...
[2026-06-01T05:15:22.906+0000] {subprocess.py:93} INFO - 2026-06-01 05:15:22,906 - WARNING - Network error: HTTPSConnectionPool(host='hngstage8da-55c7f5f769c8.herokuapp.com', port=443): Max retries exceeded with url: /customers?updated_after=2026-05-31T21%3A03%3A19.922324 (Caused by NewConnectionError('<urllib3.connection.HTTPSConnection object at 0x7be771b2f890>: Failed to establish a new connection: [Errno -2] Name or service not known')). Retrying in 2s...
[2026-06-01T05:15:24.921+0000] {subprocess.py:93} INFO - 2026-06-01 05:15:24,921 - WARNING - Network error: HTTPSConnectionPool(host='hngstage8da-55c7f5f769c8.herokuapp.com', port=443): Max retries exceeded with url: /customers?updated_after=2026-05-31T21%3A03%3A19.922324 (Caused by NewConnectionError('<urllib3.connection.HTTPSConnection object at 0x7be771b2f8d0>: Failed to establish a new connection: [Errno -2] Name or service not known')). Retrying in 4s...
[2026-06-01T05:15:28.940+0000] {subprocess.py:93} INFO - 2026-06-01 05:15:28,939 - WARNING - Network error: HTTPSConnectionPool(host='hngstage8da-55c7f5f769c8.herokuapp.com', port=443): Max retries exceeded with url: /customers?updated_after=2026-05-31T21%3A03%3A19.922324 (Caused by NewConnectionError('<urllib3.connection.HTTPSConnection object at 0x7be771b2f890>: Failed to establish a new connection: [Errno -2] Name or service not known')). Retrying in 8s...
[2026-06-01T05:15:36.940+0000] {subprocess.py:93} INFO - 2026-06-01 05:15:36,940 - WARNING - Network error: HTTPSConnectionPool(host='hngstage8da-55c7f5f769c8.herokuapp.com', port=443): Max retries exceeded with url: /customers?updated_after=2026-05-31T21%3A03%3A19.922324 (Caused by NewConnectionError('<urllib3.connection.HTTPSConnection object at 0x7be771b2f890>: Failed to establish a new connection: [Errno -2] Name or service not known')). Retrying in 16s...
[2026-06-01T05:15:52.941+0000] {subprocess.py:93} INFO - 
[2026-06-01T05:15:52.945+0000] {subprocess.py:93} INFO - --- Starting Full Lake Extraction ---
[2026-06-01T05:15:52.946+0000] {subprocess.py:93} INFO - 
[2026-06-01T05:15:52.947+0000] {subprocess.py:93} INFO - --- Processing customers ---
[2026-06-01T05:15:52.947+0000] {subprocess.py:93} INFO - Traceback (most recent call last):
[2026-06-01T05:15:52.948+0000] {subprocess.py:93} INFO -   File "/opt/***/extractor.py", line 249, in <module>
[2026-06-01T05:15:52.949+0000] {subprocess.py:93} INFO -     new_data = fetch_all_pages(endpoint, updated_after=last_run_time)
[2026-06-01T05:15:52.950+0000] {subprocess.py:93} INFO -                ^^^^^^^^^^^^^^^^^^^^^^^^^^^^^^^^^^^^^^^^^^^^^^^^^^^^^^
[2026-06-01T05:15:52.950+0000] {subprocess.py:93} INFO -   File "/opt/***/extractor.py", line 118, in fetch_all_pages
[2026-06-01T05:15:52.951+0000] {subprocess.py:93} INFO -     response_data = make_robust_request(url, params=params)
[2026-06-01T05:15:52.952+0000] {subprocess.py:93} INFO -                     ^^^^^^^^^^^^^^^^^^^^^^^^^^^^^^^^^^^^^^^
[2026-06-01T05:15:52.952+0000] {subprocess.py:93} INFO -   File "/opt/***/extractor.py", line 98, in make_robust_request
[2026-06-01T05:15:52.953+0000] {subprocess.py:93} INFO -     raise Exception(f"Max retries exceeded for URL: {url}")
[2026-06-01T05:15:52.954+0000] {subprocess.py:93} INFO - Exception: Max retries exceeded for URL: https://hngstage8da-55c7f5f769c8.herokuapp.com/customers
[2026-06-01T05:15:53.006+0000] {subprocess.py:97} INFO - Command exited with return code 1
[2026-06-01T05:15:53.009+0000] {taskinstance.py:441} INFO - ::group::Post task execution logs
[2026-06-01T05:15:53.023+0000] {taskinstance.py:2905} ERROR - Task failed with exception
Traceback (most recent call last):
  File "/home/airflow/.local/lib/python3.11/site-packages/airflow/models/taskinstance.py", line 465, in _execute_task
    result = _execute_callable(context=context, **execute_callable_kwargs)
             ^^^^^^^^^^^^^^^^^^^^^^^^^^^^^^^^^^^^^^^^^^^^^^^^^^^^^^^^^^^^^
  File "/home/airflow/.local/lib/python3.11/site-packages/airflow/models/taskinstance.py", line 432, in _execute_callable
    return execute_callable(context=context, **execute_callable_kwargs)
           ^^^^^^^^^^^^^^^^^^^^^^^^^^^^^^^^^^^^^^^^^^^^^^^^^^^^^^^^^^^^
  File "/home/airflow/.local/lib/python3.11/site-packages/airflow/models/baseoperator.py", line 400, in wrapper
    return func(self, *args, **kwargs)
           ^^^^^^^^^^^^^^^^^^^^^^^^^^^
  File "/home/airflow/.local/lib/python3.11/site-packages/airflow/operators/bash.py", line 243, in execute
    raise AirflowException(
airflow.exceptions.AirflowException: Bash command failed. The command returned a non-zero exit code 1.
[2026-06-01T05:15:53.030+0000] {taskinstance.py:1206} INFO - Marking task as UP_FOR_RETRY. dag_id=retailco_master_pipeline, task_id=extract_erp_to_lake, run_id=scheduled__2026-05-31T00:00:00+00:00, execution_date=20260531T000000, start_date=20260601T051513, end_date=20260601T051553
[2026-06-01T05:15:53.044+0000] {standard_task_runner.py:110} ERROR - Failed to execute job 32 for task extract_erp_to_lake (Bash command failed. The command returned a non-zero exit code 1.; 4977)
[2026-06-01T05:15:53.076+0000] {local_task_job_runner.py:240} INFO - Task exited with return code 1
[2026-06-01T05:15:53.121+0000] {taskinstance.py:3498} INFO - 0 downstream tasks scheduled from follow-on schedule check
[2026-06-01T05:15:53.125+0000] {local_task_job_runner.py:222} INFO - ::endgroup::
