[2026-05-31T15:55:33.640+0000] {local_task_job_runner.py:120} INFO - ::group::Pre task execution logs
[2026-05-31T15:55:33.952+0000] {taskinstance.py:2076} INFO - Dependencies all met for dep_context=non-requeueable deps ti=<TaskInstance: retailco_master_pipeline.extract_erp_to_lake manual__2026-05-31T15:55:29.897550+00:00 [queued]>
[2026-05-31T15:55:33.974+0000] {taskinstance.py:2076} INFO - Dependencies all met for dep_context=requeueable deps ti=<TaskInstance: retailco_master_pipeline.extract_erp_to_lake manual__2026-05-31T15:55:29.897550+00:00 [queued]>
[2026-05-31T15:55:33.976+0000] {taskinstance.py:2306} INFO - Starting attempt 1 of 3
[2026-05-31T15:55:34.012+0000] {taskinstance.py:2330} INFO - Executing <Task(BashOperator): extract_erp_to_lake> on 2026-05-31 15:55:29.897550+00:00
[2026-05-31T15:55:34.023+0000] {standard_task_runner.py:63} INFO - Started process 1357 to run task
[2026-05-31T15:55:34.029+0000] {standard_task_runner.py:90} INFO - Running: ['***', 'tasks', 'run', 'retailco_master_pipeline', 'extract_erp_to_lake', 'manual__2026-05-31T15:55:29.897550+00:00', '--job-id', '18', '--raw', '--subdir', 'DAGS_FOLDER/retailco_dag.py', '--cfg-path', '/tmp/tmpamt92lxb']
[2026-05-31T15:55:34.034+0000] {standard_task_runner.py:91} INFO - Job 18: Subtask extract_erp_to_lake
[2026-05-31T15:55:34.148+0000] {task_command.py:426} INFO - Running <TaskInstance: retailco_master_pipeline.extract_erp_to_lake manual__2026-05-31T15:55:29.897550+00:00 [running]> on host 9f8f7458f75c
[2026-05-31T15:55:34.357+0000] {taskinstance.py:2648} INFO - Exporting env vars: AIRFLOW_CTX_DAG_OWNER='data_engineering_team' AIRFLOW_CTX_DAG_ID='retailco_master_pipeline' AIRFLOW_CTX_TASK_ID='extract_erp_to_lake' AIRFLOW_CTX_EXECUTION_DATE='2026-05-31T15:55:29.897550+00:00' AIRFLOW_CTX_TRY_NUMBER='1' AIRFLOW_CTX_DAG_RUN_ID='manual__2026-05-31T15:55:29.897550+00:00'
[2026-05-31T15:55:34.363+0000] {taskinstance.py:430} INFO - ::endgroup::
[2026-05-31T15:55:34.483+0000] {subprocess.py:63} INFO - Tmp dir root location: /tmp
[2026-05-31T15:55:34.488+0000] {subprocess.py:75} INFO - Running command: ['/usr/bin/bash', '-c', 'python /opt/***/extractor.py']
[2026-05-31T15:55:34.511+0000] {subprocess.py:86} INFO - Output:
[2026-05-31T15:55:35.871+0000] {subprocess.py:93} INFO - 2026-05-31 15:55:35,871 - INFO - First run: Performing full historical extract.
[2026-05-31T15:55:35.873+0000] {subprocess.py:93} INFO - 2026-05-31 15:55:35,871 - INFO - Starting extraction for /customers...
[2026-05-31T15:55:37.627+0000] {subprocess.py:93} INFO - 2026-05-31 15:55:37,627 - INFO - Finished /customers. Total records: 50
[2026-05-31T15:55:37.649+0000] {subprocess.py:93} INFO - 2026-05-31 15:55:37,649 - INFO - Successfully saved 50 records to raw.customers
[2026-05-31T15:55:37.650+0000] {subprocess.py:93} INFO - 2026-05-31 15:55:37,649 - INFO - Watermark for customers updated to 2026-05-31T15:55:37.628338+00:00
[2026-05-31T15:55:37.651+0000] {subprocess.py:93} INFO - 2026-05-31 15:55:37,650 - INFO - First run: Performing full historical extract.
[2026-05-31T15:55:37.652+0000] {subprocess.py:93} INFO - 2026-05-31 15:55:37,650 - INFO - Starting extraction for /products...
[2026-05-31T15:55:39.075+0000] {subprocess.py:93} INFO - 2026-05-31 15:55:39,075 - INFO - Finished /products. Total records: 50
[2026-05-31T15:55:39.091+0000] {subprocess.py:93} INFO - 2026-05-31 15:55:39,091 - INFO - Successfully saved 50 records to raw.products
[2026-05-31T15:55:39.092+0000] {subprocess.py:93} INFO - 2026-05-31 15:55:39,091 - INFO - Watermark for products updated to 2026-05-31T15:55:39.077039+00:00
[2026-05-31T15:55:39.092+0000] {subprocess.py:93} INFO - 2026-05-31 15:55:39,091 - INFO - First run: Performing full historical extract.
[2026-05-31T15:55:39.093+0000] {subprocess.py:93} INFO - 2026-05-31 15:55:39,092 - INFO - Starting extraction for /stores...
[2026-05-31T15:55:40.293+0000] {subprocess.py:93} INFO - 2026-05-31 15:55:40,292 - INFO - Finished /stores. Total records: 4
[2026-05-31T15:55:40.302+0000] {subprocess.py:93} INFO - 2026-05-31 15:55:40,302 - INFO - Successfully saved 4 records to raw.stores
[2026-05-31T15:55:40.303+0000] {subprocess.py:93} INFO - 2026-05-31 15:55:40,302 - INFO - Watermark for stores updated to 2026-05-31T15:55:40.293894+00:00
[2026-05-31T15:55:40.303+0000] {subprocess.py:93} INFO - 2026-05-31 15:55:40,302 - INFO - First run: Performing full historical extract.
[2026-05-31T15:55:40.304+0000] {subprocess.py:93} INFO - 2026-05-31 15:55:40,303 - INFO - Starting extraction for /employees...
[2026-05-31T15:55:41.742+0000] {subprocess.py:93} INFO - 2026-05-31 15:55:41,742 - INFO - Finished /employees. Total records: 50
[2026-05-31T15:55:41.759+0000] {subprocess.py:93} INFO - 2026-05-31 15:55:41,758 - INFO - Successfully saved 50 records to raw.employees
[2026-05-31T15:55:41.759+0000] {subprocess.py:93} INFO - 2026-05-31 15:55:41,759 - INFO - Watermark for employees updated to 2026-05-31T15:55:41.743590+00:00
[2026-05-31T15:55:41.760+0000] {subprocess.py:93} INFO - 2026-05-31 15:55:41,759 - INFO - First run: Performing full historical extract.
[2026-05-31T15:55:41.760+0000] {subprocess.py:93} INFO - 2026-05-31 15:55:41,759 - INFO - Starting extraction for /payment_methods...
[2026-05-31T15:55:42.975+0000] {subprocess.py:93} INFO - 2026-05-31 15:55:42,974 - INFO - Finished /payment_methods. Total records: 5
[2026-05-31T15:55:42.979+0000] {subprocess.py:93} INFO - 2026-05-31 15:55:42,979 - INFO - Successfully saved 5 records to raw.payment_methods
[2026-05-31T15:55:42.980+0000] {subprocess.py:93} INFO - 2026-05-31 15:55:42,979 - INFO - Watermark for payment_methods updated to 2026-05-31T15:55:42.975812+00:00
[2026-05-31T15:55:42.980+0000] {subprocess.py:93} INFO - 2026-05-31 15:55:42,980 - INFO - First run: Performing full historical extract.
[2026-05-31T15:55:42.981+0000] {subprocess.py:93} INFO - 2026-05-31 15:55:42,980 - INFO - Starting extraction for /orders...
[2026-05-31T15:55:44.895+0000] {subprocess.py:93} INFO - 2026-05-31 15:55:44,895 - INFO - Finished /orders. Total records: 50
[2026-05-31T15:55:44.910+0000] {subprocess.py:93} INFO - 2026-05-31 15:55:44,910 - INFO - Successfully saved 50 records to raw.orders
[2026-05-31T15:55:44.911+0000] {subprocess.py:93} INFO - 2026-05-31 15:55:44,910 - INFO - Watermark for orders updated to 2026-05-31T15:55:44.896796+00:00
[2026-05-31T15:55:44.911+0000] {subprocess.py:93} INFO - 2026-05-31 15:55:44,911 - INFO - First run: Performing full historical extract.
[2026-05-31T15:55:44.912+0000] {subprocess.py:93} INFO - 2026-05-31 15:55:44,911 - INFO - Starting extraction for /payments...
[2026-05-31T15:55:46.545+0000] {subprocess.py:93} INFO - 2026-05-31 15:55:46,545 - INFO - Finished /payments. Total records: 50
[2026-05-31T15:55:46.562+0000] {subprocess.py:93} INFO - 2026-05-31 15:55:46,562 - INFO - Successfully saved 50 records to raw.payments
[2026-05-31T15:55:46.563+0000] {subprocess.py:93} INFO - 2026-05-31 15:55:46,562 - INFO - Watermark for payments updated to 2026-05-31T15:55:46.547213+00:00
[2026-05-31T15:55:46.564+0000] {subprocess.py:93} INFO - 2026-05-31 15:55:46,563 - INFO - First run: Performing full historical extract.
[2026-05-31T15:55:46.564+0000] {subprocess.py:93} INFO - 2026-05-31 15:55:46,563 - INFO - Starting extraction for /inventory_movements...
[2026-05-31T15:55:47.920+0000] {subprocess.py:93} INFO - 2026-05-31 15:55:47,918 - INFO - Finished /inventory_movements. Total records: 50
[2026-05-31T15:55:47.945+0000] {subprocess.py:93} INFO - 2026-05-31 15:55:47,945 - INFO - Successfully saved 50 records to raw.inventory_movements
[2026-05-31T15:55:47.946+0000] {subprocess.py:93} INFO - 2026-05-31 15:55:47,945 - INFO - Watermark for inventory_movements updated to 2026-05-31T15:55:47.923785+00:00
[2026-05-31T15:55:47.947+0000] {subprocess.py:93} INFO - 
[2026-05-31T15:55:47.948+0000] {subprocess.py:93} INFO - --- Starting Full Lake Extraction ---
[2026-05-31T15:55:47.949+0000] {subprocess.py:93} INFO - 
[2026-05-31T15:55:47.950+0000] {subprocess.py:93} INFO - --- Processing customers ---
[2026-05-31T15:55:47.951+0000] {subprocess.py:93} INFO - 
[2026-05-31T15:55:47.953+0000] {subprocess.py:93} INFO - --- Processing products ---
[2026-05-31T15:55:47.955+0000] {subprocess.py:93} INFO - 
[2026-05-31T15:55:47.956+0000] {subprocess.py:93} INFO - --- Processing stores ---
[2026-05-31T15:55:47.958+0000] {subprocess.py:93} INFO - 
[2026-05-31T15:55:47.959+0000] {subprocess.py:93} INFO - --- Processing employees ---
[2026-05-31T15:55:47.959+0000] {subprocess.py:93} INFO - 
[2026-05-31T15:55:47.960+0000] {subprocess.py:93} INFO - --- Processing payment_methods ---
[2026-05-31T15:55:47.961+0000] {subprocess.py:93} INFO - 
[2026-05-31T15:55:47.962+0000] {subprocess.py:93} INFO - --- Processing orders ---
[2026-05-31T15:55:47.963+0000] {subprocess.py:93} INFO - 
[2026-05-31T15:55:47.964+0000] {subprocess.py:93} INFO - --- Processing payments ---
[2026-05-31T15:55:47.965+0000] {subprocess.py:93} INFO - 
[2026-05-31T15:55:47.966+0000] {subprocess.py:93} INFO - --- Processing inventory_movements ---
[2026-05-31T15:55:47.966+0000] {subprocess.py:93} INFO - 
[2026-05-31T15:55:47.968+0000] {subprocess.py:93} INFO - SUCCESS: All entities safely written to the Data Lake!
[2026-05-31T15:55:48.001+0000] {subprocess.py:97} INFO - Command exited with return code 0
[2026-05-31T15:55:48.007+0000] {taskinstance.py:441} INFO - ::group::Post task execution logs
[2026-05-31T15:55:48.062+0000] {taskinstance.py:1206} INFO - Marking task as SUCCESS. dag_id=retailco_master_pipeline, task_id=extract_erp_to_lake, run_id=manual__2026-05-31T15:55:29.897550+00:00, execution_date=20260531T155529, start_date=20260531T155533, end_date=20260531T155548
[2026-05-31T15:55:51.948+0000] {local_task_job_runner.py:240} INFO - Task exited with return code 0
[2026-05-31T15:55:51.999+0000] {taskinstance.py:3498} INFO - 1 downstream tasks scheduled from follow-on schedule check
[2026-05-31T15:55:52.006+0000] {local_task_job_runner.py:222} INFO - ::endgroup::
