[2026-05-31T15:56:09.795+0000] {local_task_job_runner.py:120} INFO - ::group::Pre task execution logs
[2026-05-31T15:56:09.832+0000] {taskinstance.py:2076} INFO - Dependencies all met for dep_context=non-requeueable deps ti=<TaskInstance: retailco_master_pipeline.dbt_snapshot_dimensions manual__2026-05-31T15:55:29.897550+00:00 [queued]>
[2026-05-31T15:56:09.841+0000] {taskinstance.py:2076} INFO - Dependencies all met for dep_context=requeueable deps ti=<TaskInstance: retailco_master_pipeline.dbt_snapshot_dimensions manual__2026-05-31T15:55:29.897550+00:00 [queued]>
[2026-05-31T15:56:09.842+0000] {taskinstance.py:2306} INFO - Starting attempt 1 of 3
[2026-05-31T15:56:09.856+0000] {taskinstance.py:2330} INFO - Executing <Task(BashOperator): dbt_snapshot_dimensions> on 2026-05-31 15:55:29.897550+00:00
[2026-05-31T15:56:09.861+0000] {standard_task_runner.py:63} INFO - Started process 1377 to run task
[2026-05-31T15:56:09.866+0000] {standard_task_runner.py:90} INFO - Running: ['***', 'tasks', 'run', 'retailco_master_pipeline', 'dbt_snapshot_dimensions', 'manual__2026-05-31T15:55:29.897550+00:00', '--job-id', '20', '--raw', '--subdir', 'DAGS_FOLDER/retailco_dag.py', '--cfg-path', '/tmp/tmpsm4lxytv']
[2026-05-31T15:56:09.869+0000] {standard_task_runner.py:91} INFO - Job 20: Subtask dbt_snapshot_dimensions
[2026-05-31T15:56:09.941+0000] {task_command.py:426} INFO - Running <TaskInstance: retailco_master_pipeline.dbt_snapshot_dimensions manual__2026-05-31T15:55:29.897550+00:00 [running]> on host 9f8f7458f75c
[2026-05-31T15:56:10.053+0000] {taskinstance.py:2648} INFO - Exporting env vars: AIRFLOW_CTX_DAG_OWNER='data_engineering_team' AIRFLOW_CTX_DAG_ID='retailco_master_pipeline' AIRFLOW_CTX_TASK_ID='dbt_snapshot_dimensions' AIRFLOW_CTX_EXECUTION_DATE='2026-05-31T15:55:29.897550+00:00' AIRFLOW_CTX_TRY_NUMBER='1' AIRFLOW_CTX_DAG_RUN_ID='manual__2026-05-31T15:55:29.897550+00:00'
[2026-05-31T15:56:10.055+0000] {taskinstance.py:430} INFO - ::endgroup::
[2026-05-31T15:56:10.068+0000] {subprocess.py:63} INFO - Tmp dir root location: /tmp
[2026-05-31T15:56:10.069+0000] {subprocess.py:75} INFO - Running command: ['/usr/bin/bash', '-c', 'cd /opt/***/retailco_models && dbt snapshot']
[2026-05-31T15:56:10.079+0000] {subprocess.py:86} INFO - Output:
[2026-05-31T15:56:14.421+0000] {subprocess.py:93} INFO - [0m15:56:14  Running with dbt=1.7.0
[2026-05-31T15:56:15.100+0000] {subprocess.py:93} INFO - [0m15:56:15  Registered adapter: postgres=1.7.0
[2026-05-31T15:56:15.802+0000] {subprocess.py:93} INFO - [0m15:56:15  [[33mWARNING[0m]: Configuration paths exist in your dbt_project.yml file which do not apply to any resources.
[2026-05-31T15:56:15.803+0000] {subprocess.py:93} INFO - There are 1 unused configuration paths:
[2026-05-31T15:56:15.803+0000] {subprocess.py:93} INFO - - models.retailco_models.example
[2026-05-31T15:56:15.868+0000] {subprocess.py:93} INFO - [0m15:56:15  Found 19 models, 2 snapshots, 16 tests, 8 sources, 0 exposures, 0 metrics, 401 macros, 0 groups, 0 semantic models
[2026-05-31T15:56:15.874+0000] {subprocess.py:93} INFO - [0m15:56:15
[2026-05-31T15:56:16.044+0000] {subprocess.py:93} INFO - [0m15:56:16  Concurrency: 4 threads (target='dev')
[2026-05-31T15:56:16.046+0000] {subprocess.py:93} INFO - [0m15:56:16
[2026-05-31T15:56:16.059+0000] {subprocess.py:93} INFO - [0m15:56:16  1 of 2 START snapshot snapshots.customer_snapshot .............................. [RUN]
[2026-05-31T15:56:16.061+0000] {subprocess.py:93} INFO - [0m15:56:16  2 of 2 START snapshot snapshots.product_snapshot ............................... [RUN]
[2026-05-31T15:56:16.451+0000] {subprocess.py:93} INFO - [0m15:56:16  2 of 2 OK snapshotted snapshots.product_snapshot ............................... [[32mINSERT 0 0[0m in 0.38s]
[2026-05-31T15:56:16.457+0000] {subprocess.py:93} INFO - [0m15:56:16  1 of 2 OK snapshotted snapshots.customer_snapshot .............................. [[32mINSERT 0 0[0m in 0.39s]
[2026-05-31T15:56:16.493+0000] {subprocess.py:93} INFO - [0m15:56:16
[2026-05-31T15:56:16.494+0000] {subprocess.py:93} INFO - [0m15:56:16  Finished running 2 snapshots in 0 hours 0 minutes and 0.62 seconds (0.62s).
[2026-05-31T15:56:16.533+0000] {subprocess.py:93} INFO - [0m15:56:16
[2026-05-31T15:56:16.535+0000] {subprocess.py:93} INFO - [0m15:56:16  [32mCompleted successfully[0m
[2026-05-31T15:56:16.536+0000] {subprocess.py:93} INFO - [0m15:56:16
[2026-05-31T15:56:16.538+0000] {subprocess.py:93} INFO - [0m15:56:16  Done. PASS=2 WARN=0 ERROR=0 SKIP=0 TOTAL=2
[2026-05-31T15:56:18.647+0000] {subprocess.py:97} INFO - Command exited with return code 0
[2026-05-31T15:56:18.648+0000] {taskinstance.py:441} INFO - ::group::Post task execution logs
[2026-05-31T15:56:18.685+0000] {taskinstance.py:1206} INFO - Marking task as SUCCESS. dag_id=retailco_master_pipeline, task_id=dbt_snapshot_dimensions, run_id=manual__2026-05-31T15:55:29.897550+00:00, execution_date=20260531T155529, start_date=20260531T155609, end_date=20260531T155618
[2026-05-31T15:56:18.731+0000] {local_task_job_runner.py:240} INFO - Task exited with return code 0
[2026-05-31T15:56:18.762+0000] {taskinstance.py:3498} INFO - 1 downstream tasks scheduled from follow-on schedule check
[2026-05-31T15:56:18.769+0000] {local_task_job_runner.py:222} INFO - ::endgroup::
