[0m12:10:23.704107 [debug] [MainThread]: Sending event: {'category': 'dbt', 'action': 'invocation', 'label': 'start', 'context': [<snowplow_tracker.self_describing_json.SelfDescribingJson object at 0x000001BE93E2D2B0>, <snowplow_tracker.self_describing_json.SelfDescribingJson object at 0x000001BE915B2710>, <snowplow_tracker.self_describing_json.SelfDescribingJson object at 0x000001BE95FA39D0>]}


============================== 12:10:23.770830 | 119c4237-611a-4228-b22c-dd46e03a1571 ==============================
[0m12:10:23.770830 [info ] [MainThread]: Running with dbt=1.12.0-b1
[0m12:10:23.773336 [debug] [MainThread]: running dbt with arguments {'version_check': 'True', 'no_print': 'None', 'static_parser': 'True', 'target_path': 'None', 'warn_error_options': 'WarnErrorOptionsV2(error=[], warn=[], silence=[])', 'printer_width': '80', 'write_json': 'True', 'empty': 'None', 'log_cache_events': 'False', 'introspect': 'True', 'cache_selected_only': 'False', 'fail_fast': 'False', 'debug': 'False', 'log_format': 'default', 'partial_parse': 'True', 'send_anonymous_usage_stats': 'True', 'quiet': 'False', 'warn_error': 'None', 'profiles_dir': 'C:\\Users\\Welcome Sir\\.dbt', 'use_colors': 'True', 'indirect_selection': 'eager', 'invocation_command': 'dbt init retailco_models', 'use_experimental_parser': 'False', 'log_path': 'logs'}
[0m12:10:23.845924 [info ] [MainThread]: Creating dbt configuration folder at C:\Users\Welcome Sir\.dbt
[0m12:10:23.857877 [debug] [MainThread]: Starter project path: C:\Users\Welcome Sir\Documents\Data_Projects\HNG\Stage8\retailco-pipeline\venv\Lib\site-packages\dbt\include\starter_project
[0m12:10:23.939336 [info ] [MainThread]: Setting up your profile.
[0m12:15:02.395709 [info ] [MainThread]: Profile retailco_models written to C:\Users\Welcome Sir\.dbt\profiles.yml using target's profile_template.yml and your supplied values.
[0m12:15:02.406382 [info ] [MainThread]: Running dbt debug to validate the project...
[0m12:15:02.408675 [info ] [MainThread]: dbt version: 1.12.0-b1
[0m12:15:02.410106 [info ] [MainThread]: python version: 3.14.3
[0m12:15:02.411391 [info ] [MainThread]: python path: C:\Users\Welcome Sir\Documents\Data_Projects\HNG\Stage8\retailco-pipeline\venv\Scripts\python.exe
[0m12:15:02.412827 [info ] [MainThread]: os info: Windows-10-10.0.19045-SP0
[0m12:15:02.517283 [info ] [MainThread]: Using profiles dir at C:\Users\Welcome Sir\.dbt
[0m12:15:02.518568 [info ] [MainThread]: Using profiles.yml file at C:\Users\Welcome Sir\.dbt\profiles.yml
[0m12:15:02.519703 [info ] [MainThread]: Using dbt_project.yml file at C:\Users\Welcome Sir\Documents\Data_Projects\HNG\Stage8\retailco-pipeline\retailco_models\dbt_project.yml
[0m12:15:02.522650 [info ] [MainThread]: adapter type: postgres
[0m12:15:02.523996 [info ] [MainThread]: adapter version: 1.10.0
[0m12:15:02.786252 [info ] [MainThread]: Configuration:
[0m12:15:02.787712 [info ] [MainThread]:   profiles.yml file [[32mOK found and valid[0m]
[0m12:15:02.788857 [info ] [MainThread]:   dbt_project.yml file [[32mOK found and valid[0m]
[0m12:15:02.790043 [info ] [MainThread]: Required dependencies:
[0m12:15:02.791336 [debug] [MainThread]: Executing "git --help"
[0m12:15:02.859713 [debug] [MainThread]: STDOUT: "b"usage: git [-v | --version] [-h | --help] [-C <path>] [-c <name>=<value>]\n           [--exec-path[=<path>]] [--html-path] [--man-path] [--info-path]\n           [-p | --paginate | -P | --no-pager] [--no-replace-objects] [--no-lazy-fetch]\n           [--no-optional-locks] [--no-advice] [--bare] [--git-dir=<path>]\n           [--work-tree=<path>] [--namespace=<name>] [--config-env=<name>=<envvar>]\n           <command> [<args>]\n\nThese are common Git commands used in various situations:\n\nstart a working area (see also: git help tutorial)\n   clone      Clone a repository into a new directory\n   init       Create an empty Git repository or reinitialize an existing one\n\nwork on the current change (see also: git help everyday)\n   add        Add file contents to the index\n   mv         Move or rename a file, a directory, or a symlink\n   restore    Restore working tree files\n   rm         Remove files from the working tree and from the index\n\nexamine the history and state (see also: git help revisions)\n   bisect     Use binary search to find the commit that introduced a bug\n   diff       Show changes between commits, commit and working tree, etc\n   grep       Print lines matching a pattern\n   log        Show commit logs\n   show       Show various types of objects\n   status     Show the working tree status\n\ngrow, mark and tweak your common history\n   backfill   Download missing objects in a partial clone\n   branch     List, create, or delete branches\n   commit     Record changes to the repository\n   merge      Join two or more development histories together\n   rebase     Reapply commits on top of another base tip\n   reset      Reset current HEAD to the specified state\n   switch     Switch branches\n   tag        Create, list, delete or verify a tag object signed with GPG\n\ncollaborate (see also: git help workflows)\n   fetch      Download objects and refs from another repository\n   pull       Fetch from and integrate with another repository or a local branch\n   push       Update remote refs along with associated objects\n\n'git help -a' and 'git help -g' list available subcommands and some\nconcept guides. See 'git help <command>' or 'git help <concept>'\nto read about a specific subcommand or concept.\nSee 'git help git' for an overview of the system.\n""
[0m12:15:02.860877 [debug] [MainThread]: STDERR: "b''"
[0m12:15:02.861613 [info ] [MainThread]:  - git [[32mOK found[0m]

[0m12:15:02.862866 [info ] [MainThread]: Connection:
[0m12:15:02.863861 [info ] [MainThread]:   host: 127.0.0.1
[0m12:15:02.865025 [info ] [MainThread]:   port: 5434
[0m12:15:02.866140 [info ] [MainThread]:   user: dwh_admin
[0m12:15:02.867333 [info ] [MainThread]:   database: retailco_dwh
[0m12:15:02.868491 [info ] [MainThread]:   schema: marts
[0m12:15:02.869700 [info ] [MainThread]:   connect_timeout: 10
[0m12:15:02.870752 [info ] [MainThread]:   role: None
[0m12:15:02.871832 [info ] [MainThread]:   search_path: None
[0m12:15:02.872853 [info ] [MainThread]:   keepalives_idle: 0
[0m12:15:02.873986 [info ] [MainThread]:   sslmode: None
[0m12:15:02.874977 [info ] [MainThread]:   sslcert: None
[0m12:15:02.876022 [info ] [MainThread]:   sslkey: None
[0m12:15:02.877075 [info ] [MainThread]:   sslrootcert: None
[0m12:15:02.878224 [info ] [MainThread]:   application_name: dbt
[0m12:15:02.879174 [info ] [MainThread]:   retries: 1
[0m12:15:02.880687 [info ] [MainThread]: Registered adapter: postgres=1.10.0
[0m12:15:03.530348 [debug] [MainThread]: Acquiring new postgres connection 'debug'
[0m12:15:11.331414 [debug] [MainThread]: Using postgres connection "debug"
[0m12:15:11.332486 [debug] [MainThread]: On debug: select 1 as id
[0m12:15:11.333899 [debug] [MainThread]: Opening a new connection, currently in state init
[0m12:15:11.519459 [debug] [MainThread]: SQL status: SELECT 1 in 0.186 seconds
[0m12:15:11.521949 [debug] [MainThread]: On debug: Close
[0m12:15:11.523299 [info ] [MainThread]:   Connection test: [[32mOK connection ok[0m]

[0m12:15:11.525347 [info ] [MainThread]: [32mAll checks passed![0m
[0m12:15:11.527425 [info ] [MainThread]: Your new dbt project "retailco_models" was created!
Initialized new project in C:\Users\Welcome Sir\Documents\Data_Projects\HNG\Stage8\retailco-pipeline\retailco_models\retailco_models

For more information on how to configure the profiles.yml file,
please consult the dbt documentation here:

  https://docs.getdbt.com/docs/configure-your-profile

One more thing:

Need help? Don't hesitate to reach out to us via GitHub issues or on Slack:

  https://community.getdbt.com/

Happy modeling!

[0m12:15:11.534659 [debug] [MainThread]: Command `dbt init` succeeded at 12:15:11.534219 after 288.32 seconds
[0m12:15:11.536103 [debug] [MainThread]: Connection 'debug' was properly closed.
[0m12:15:11.537309 [debug] [MainThread]: Sending event: {'category': 'dbt', 'action': 'invocation', 'label': 'end', 'context': [<snowplow_tracker.self_describing_json.SelfDescribingJson object at 0x000001BE96127E10>, <snowplow_tracker.self_describing_json.SelfDescribingJson object at 0x000001BE966C1910>, <snowplow_tracker.self_describing_json.SelfDescribingJson object at 0x000001BE91EFE9C0>]}
[0m12:15:11.538701 [debug] [MainThread]: Flushing usage events
[0m12:15:14.131202 [debug] [MainThread]: An error was encountered while trying to flush usage events
[0m22:14:15.567360 [debug] [MainThread]: Sending event: {'category': 'dbt', 'action': 'invocation', 'label': 'start', 'context': [<snowplow_tracker.self_describing_json.SelfDescribingJson object at 0x000001DFBBBBD2B0>, <snowplow_tracker.self_describing_json.SelfDescribingJson object at 0x000001DFB9332710>, <snowplow_tracker.self_describing_json.SelfDescribingJson object at 0x000001DFBDEE7890>]}


============================== 22:14:15.642180 | c4f766c2-5207-4943-a28f-250a2840a217 ==============================
[0m22:14:15.642180 [info ] [MainThread]: Running with dbt=1.12.0-b1
[0m22:14:15.645938 [debug] [MainThread]: running dbt with arguments {'version_check': 'True', 'no_print': 'None', 'static_parser': 'True', 'target_path': 'None', 'warn_error_options': 'WarnErrorOptionsV2(error=[], warn=[], silence=[])', 'printer_width': '80', 'write_json': 'True', 'introspect': 'True', 'log_cache_events': 'False', 'empty': 'False', 'cache_selected_only': 'False', 'log_format': 'default', 'debug': 'False', 'fail_fast': 'False', 'profiles_dir': 'C:\\Users\\Welcome Sir\\.dbt', 'send_anonymous_usage_stats': 'True', 'quiet': 'False', 'warn_error': 'None', 'partial_parse': 'True', 'indirect_selection': 'eager', 'invocation_command': 'dbt run', 'use_colors': 'True', 'use_experimental_parser': 'False', 'log_path': 'logs'}
[0m22:14:15.649414 [error] [MainThread]: [[31mERROR[0m]: Encountered an error:
Runtime Error
  No dbt_project.yml found at expected path C:\Users\Welcome Sir\Documents\Data_Projects\HNG\Stage8\retailco-pipeline\dbt_project.yml
  Verify that each entry within packages.yml (and their transitive dependencies) contains a file named dbt_project.yml
  
[0m22:14:15.654925 [debug] [MainThread]: Command `dbt run` failed at 22:14:15.654410 after 0.67 seconds
[0m22:14:15.656865 [debug] [MainThread]: Sending event: {'category': 'dbt', 'action': 'invocation', 'label': 'end', 'context': [<snowplow_tracker.self_describing_json.SelfDescribingJson object at 0x000001DFBDD2D810>, <snowplow_tracker.self_describing_json.SelfDescribingJson object at 0x000001DFBDD0E210>, <snowplow_tracker.self_describing_json.SelfDescribingJson object at 0x000001DFBDF1AAD0>]}
[0m22:14:15.658701 [debug] [MainThread]: Flushing usage events
[0m22:14:18.170650 [debug] [MainThread]: An error was encountered while trying to flush usage events
