[2026-05-31T14:56:08.881+0000] {local_task_job_runner.py:120} INFO - ::group::Pre task execution logs
[2026-05-31T14:56:08.927+0000] {taskinstance.py:2076} INFO - Dependencies all met for dep_context=non-requeueable deps ti=<TaskInstance: retailco_master_pipeline.dbt_run_marts manual__2026-05-31T14:43:34.200895+00:00 [queued]>
[2026-05-31T14:56:08.936+0000] {taskinstance.py:2076} INFO - Dependencies all met for dep_context=requeueable deps ti=<TaskInstance: retailco_master_pipeline.dbt_run_marts manual__2026-05-31T14:43:34.200895+00:00 [queued]>
[2026-05-31T14:56:08.937+0000] {taskinstance.py:2306} INFO - Starting attempt 1 of 3
[2026-05-31T14:56:08.953+0000] {taskinstance.py:2330} INFO - Executing <Task(BashOperator): dbt_run_marts> on 2026-05-31 14:43:34.200895+00:00
[2026-05-31T14:56:08.961+0000] {standard_task_runner.py:63} INFO - Started process 745 to run task
[2026-05-31T14:56:08.965+0000] {standard_task_runner.py:90} INFO - Running: ['***', 'tasks', 'run', 'retailco_master_pipeline', 'dbt_run_marts', 'manual__2026-05-31T14:43:34.200895+00:00', '--job-id', '16', '--raw', '--subdir', 'DAGS_FOLDER/retailco_dag.py', '--cfg-path', '/tmp/tmpiuef7oar']
[2026-05-31T14:56:08.967+0000] {standard_task_runner.py:91} INFO - Job 16: Subtask dbt_run_marts
[2026-05-31T14:56:09.048+0000] {task_command.py:426} INFO - Running <TaskInstance: retailco_master_pipeline.dbt_run_marts manual__2026-05-31T14:43:34.200895+00:00 [running]> on host 9f8f7458f75c
[2026-05-31T14:56:09.152+0000] {taskinstance.py:2648} INFO - Exporting env vars: AIRFLOW_CTX_DAG_OWNER='data_engineering_team' AIRFLOW_CTX_DAG_ID='retailco_master_pipeline' AIRFLOW_CTX_TASK_ID='dbt_run_marts' AIRFLOW_CTX_EXECUTION_DATE='2026-05-31T14:43:34.200895+00:00' AIRFLOW_CTX_TRY_NUMBER='1' AIRFLOW_CTX_DAG_RUN_ID='manual__2026-05-31T14:43:34.200895+00:00'
[2026-05-31T14:56:09.153+0000] {taskinstance.py:430} INFO - ::endgroup::
[2026-05-31T14:56:09.169+0000] {subprocess.py:63} INFO - Tmp dir root location: /tmp
[2026-05-31T14:56:09.170+0000] {subprocess.py:75} INFO - Running command: ['/usr/bin/bash', '-c', 'cd /opt/***/retailco_models && dbt run --select marts']
[2026-05-31T14:56:09.181+0000] {subprocess.py:86} INFO - Output:
[2026-05-31T14:56:12.581+0000] {subprocess.py:93} INFO - [0m14:56:12  Running with dbt=1.7.0
[2026-05-31T14:56:13.146+0000] {subprocess.py:93} INFO - [0m14:56:13  Registered adapter: postgres=1.7.0
[2026-05-31T14:56:13.601+0000] {subprocess.py:93} INFO - [0m14:56:13  [[33mWARNING[0m]: Configuration paths exist in your dbt_project.yml file which do not apply to any resources.
[2026-05-31T14:56:13.602+0000] {subprocess.py:93} INFO - There are 1 unused configuration paths:
[2026-05-31T14:56:13.603+0000] {subprocess.py:93} INFO - - models.retailco_models.example
[2026-05-31T14:56:13.665+0000] {subprocess.py:93} INFO - [0m14:56:13  Found 19 models, 2 snapshots, 16 tests, 8 sources, 0 exposures, 0 metrics, 401 macros, 0 groups, 0 semantic models
[2026-05-31T14:56:13.671+0000] {subprocess.py:93} INFO - [0m14:56:13
[2026-05-31T14:56:13.840+0000] {subprocess.py:93} INFO - [0m14:56:13  Concurrency: 4 threads (target='dev')
[2026-05-31T14:56:13.842+0000] {subprocess.py:93} INFO - [0m14:56:13
[2026-05-31T14:56:13.857+0000] {subprocess.py:93} INFO - [0m14:56:13  1 of 11 START sql view model marts.dim_customer ................................ [RUN]
[2026-05-31T14:56:13.859+0000] {subprocess.py:93} INFO - [0m14:56:13  2 of 11 START sql view model marts.dim_date .................................... [RUN]
[2026-05-31T14:56:13.861+0000] {subprocess.py:93} INFO - [0m14:56:13  3 of 11 START sql view model marts.dim_employee ................................ [RUN]
[2026-05-31T14:56:13.863+0000] {subprocess.py:93} INFO - [0m14:56:13  4 of 11 START sql view model marts.dim_payment_method .......................... [RUN]
[2026-05-31T14:56:14.255+0000] {subprocess.py:93} INFO - [0m14:56:14  4 of 11 OK created sql view model marts.dim_payment_method ..................... [[32mCREATE VIEW[0m in 0.37s]
[2026-05-31T14:56:14.261+0000] {subprocess.py:93} INFO - [0m14:56:14  3 of 11 OK created sql view model marts.dim_employee ........................... [[32mCREATE VIEW[0m in 0.38s]
[2026-05-31T14:56:14.283+0000] {subprocess.py:93} INFO - [0m14:56:14  5 of 11 START sql view model marts.dim_product ................................. [RUN]
[2026-05-31T14:56:14.285+0000] {subprocess.py:93} INFO - [0m14:56:14  1 of 11 OK created sql view model marts.dim_customer ........................... [[32mCREATE VIEW[0m in 0.41s]
[2026-05-31T14:56:14.287+0000] {subprocess.py:93} INFO - [0m14:56:14  6 of 11 START sql view model marts.dim_store ................................... [RUN]
[2026-05-31T14:56:14.290+0000] {subprocess.py:93} INFO - [0m14:56:14  2 of 11 OK created sql view model marts.dim_date ............................... [[32mCREATE VIEW[0m in 0.41s]
[2026-05-31T14:56:14.311+0000] {subprocess.py:93} INFO - [0m14:56:14  7 of 11 START sql view model marts.fct_order_lifecycle ......................... [RUN]
[2026-05-31T14:56:14.319+0000] {subprocess.py:93} INFO - [0m14:56:14  8 of 11 START sql view model marts.flagged_payments ............................ [RUN]
[2026-05-31T14:56:14.584+0000] {subprocess.py:93} INFO - [0m14:56:14  5 of 11 OK created sql view model marts.dim_product ............................ [[32mCREATE VIEW[0m in 0.28s]
[2026-05-31T14:56:14.586+0000] {subprocess.py:93} INFO - [0m14:56:14  6 of 11 OK created sql view model marts.dim_store .............................. [[32mCREATE VIEW[0m in 0.28s]
[2026-05-31T14:56:14.604+0000] {subprocess.py:93} INFO - [0m14:56:14  7 of 11 OK created sql view model marts.fct_order_lifecycle .................... [[32mCREATE VIEW[0m in 0.27s]
[2026-05-31T14:56:14.608+0000] {subprocess.py:93} INFO - [0m14:56:14  9 of 11 START sql view model marts.fct_sales ................................... [RUN]
[2026-05-31T14:56:14.610+0000] {subprocess.py:93} INFO - [0m14:56:14  10 of 11 START sql view model marts.fct_inventory_daily ........................ [RUN]
[2026-05-31T14:56:14.614+0000] {subprocess.py:93} INFO - [0m14:56:14  8 of 11 OK created sql view model marts.flagged_payments ....................... [[32mCREATE VIEW[0m in 0.28s]
[2026-05-31T14:56:14.638+0000] {subprocess.py:93} INFO - [0m14:56:14  11 of 11 START sql view model marts.fct_payments ............................... [RUN]
[2026-05-31T14:56:14.849+0000] {subprocess.py:93} INFO - [0m14:56:14  9 of 11 OK created sql view model marts.fct_sales .............................. [[32mCREATE VIEW[0m in 0.23s]
[2026-05-31T14:56:14.860+0000] {subprocess.py:93} INFO - [0m14:56:14  10 of 11 OK created sql view model marts.fct_inventory_daily ................... [[32mCREATE VIEW[0m in 0.24s]
[2026-05-31T14:56:14.877+0000] {subprocess.py:93} INFO - [0m14:56:14  11 of 11 OK created sql view model marts.fct_payments .......................... [[32mCREATE VIEW[0m in 0.23s]
[2026-05-31T14:56:14.921+0000] {subprocess.py:93} INFO - [0m14:56:14
[2026-05-31T14:56:14.923+0000] {subprocess.py:93} INFO - [0m14:56:14  Finished running 11 view models in 0 hours 0 minutes and 1.25 seconds (1.25s).
[2026-05-31T14:56:14.963+0000] {subprocess.py:93} INFO - [0m14:56:14
[2026-05-31T14:56:14.965+0000] {subprocess.py:93} INFO - [0m14:56:14  [32mCompleted successfully[0m
[2026-05-31T14:56:14.968+0000] {subprocess.py:93} INFO - [0m14:56:14
[2026-05-31T14:56:14.970+0000] {subprocess.py:93} INFO - [0m14:56:14  Done. PASS=11 WARN=0 ERROR=0 SKIP=0 TOTAL=11
[2026-05-31T14:56:16.717+0000] {subprocess.py:97} INFO - Command exited with return code 0
[2026-05-31T14:56:16.718+0000] {taskinstance.py:441} INFO - ::group::Post task execution logs
[2026-05-31T14:56:16.772+0000] {taskinstance.py:1206} INFO - Marking task as SUCCESS. dag_id=retailco_master_pipeline, task_id=dbt_run_marts, run_id=manual__2026-05-31T14:43:34.200895+00:00, execution_date=20260531T144334, start_date=20260531T145608, end_date=20260531T145616
[2026-05-31T14:56:16.807+0000] {local_task_job_runner.py:240} INFO - Task exited with return code 0
[2026-05-31T14:56:16.837+0000] {taskinstance.py:3498} INFO - 1 downstream tasks scheduled from follow-on schedule check
[2026-05-31T14:56:16.845+0000] {local_task_job_runner.py:222} INFO - ::endgroup::
