[2026-05-31T14:11:35.384+0000] {local_task_job_runner.py:120} INFO - ::group::Pre task execution logs
[2026-05-31T14:11:35.430+0000] {taskinstance.py:2076} INFO - Dependencies all met for dep_context=non-requeueable deps ti=<TaskInstance: retailco_master_pipeline.extract_erp_to_lake scheduled__2026-05-30T00:00:00+00:00 [queued]>
[2026-05-31T14:11:35.439+0000] {taskinstance.py:2076} INFO - Dependencies all met for dep_context=requeueable deps ti=<TaskInstance: retailco_master_pipeline.extract_erp_to_lake scheduled__2026-05-30T00:00:00+00:00 [queued]>
[2026-05-31T14:11:35.440+0000] {taskinstance.py:2306} INFO - Starting attempt 1 of 3
[2026-05-31T14:11:35.456+0000] {taskinstance.py:2330} INFO - Executing <Task(BashOperator): extract_erp_to_lake> on 2026-05-30 00:00:00+00:00
[2026-05-31T14:11:35.463+0000] {standard_task_runner.py:63} INFO - Started process 185 to run task
[2026-05-31T14:11:35.466+0000] {standard_task_runner.py:90} INFO - Running: ['***', 'tasks', 'run', 'retailco_master_pipeline', 'extract_erp_to_lake', 'scheduled__2026-05-30T00:00:00+00:00', '--job-id', '3', '--raw', '--subdir', 'DAGS_FOLDER/retailco_dag.py', '--cfg-path', '/tmp/tmpxjyc8ely']
[2026-05-31T14:11:35.468+0000] {standard_task_runner.py:91} INFO - Job 3: Subtask extract_erp_to_lake
[2026-05-31T14:11:35.575+0000] {task_command.py:426} INFO - Running <TaskInstance: retailco_master_pipeline.extract_erp_to_lake scheduled__2026-05-30T00:00:00+00:00 [running]> on host 9f8f7458f75c
[2026-05-31T14:11:35.740+0000] {taskinstance.py:2648} INFO - Exporting env vars: AIRFLOW_CTX_DAG_OWNER='data_engineering_team' AIRFLOW_CTX_DAG_ID='retailco_master_pipeline' AIRFLOW_CTX_TASK_ID='extract_erp_to_lake' AIRFLOW_CTX_EXECUTION_DATE='2026-05-30T00:00:00+00:00' AIRFLOW_CTX_TRY_NUMBER='1' AIRFLOW_CTX_DAG_RUN_ID='scheduled__2026-05-30T00:00:00+00:00'
[2026-05-31T14:11:35.741+0000] {taskinstance.py:430} INFO - ::endgroup::
[2026-05-31T14:11:35.787+0000] {subprocess.py:63} INFO - Tmp dir root location: /tmp
[2026-05-31T14:11:35.788+0000] {subprocess.py:75} INFO - Running command: ['/usr/bin/bash', '-c', 'python /opt/***/extractor.py']
[2026-05-31T14:11:35.799+0000] {subprocess.py:86} INFO - Output:
[2026-05-31T14:11:36.391+0000] {subprocess.py:93} INFO - 
[2026-05-31T14:11:36.392+0000] {subprocess.py:93} INFO - --- Starting Full Lake Extraction ---
[2026-05-31T14:11:36.393+0000] {subprocess.py:93} INFO - Traceback (most recent call last):
[2026-05-31T14:11:36.394+0000] {subprocess.py:93} INFO -   File "/opt/***/extractor.py", line 229, in <module>
[2026-05-31T14:11:36.397+0000] {subprocess.py:93} INFO -     conn = get_db_connection()
[2026-05-31T14:11:36.398+0000] {subprocess.py:93} INFO -            ^^^^^^^^^^^^^^^^^^^
[2026-05-31T14:11:36.399+0000] {subprocess.py:93} INFO -   File "/opt/***/extractor.py", line 43, in get_db_connection
[2026-05-31T14:11:36.400+0000] {subprocess.py:93} INFO -     return psycopg2.connect(
[2026-05-31T14:11:36.401+0000] {subprocess.py:93} INFO -            ^^^^^^^^^^^^^^^^^
[2026-05-31T14:11:36.402+0000] {subprocess.py:93} INFO -   File "/home/***/.local/lib/python3.11/site-packages/psycopg2/__init__.py", line 122, in connect
[2026-05-31T14:11:36.403+0000] {subprocess.py:93} INFO -     conn = _connect(dsn, connection_factory=connection_factory, **kwasync)
[2026-05-31T14:11:36.404+0000] {subprocess.py:93} INFO -            ^^^^^^^^^^^^^^^^^^^^^^^^^^^^^^^^^^^^^^^^^^^^^^^^^^^^^^^^^^^^^^^
[2026-05-31T14:11:36.405+0000] {subprocess.py:93} INFO - psycopg2.OperationalError: connection to server at "data-warehouse" (172.18.0.2), port 5432 failed: FATAL:  password authentication failed for user "admin"
[2026-05-31T14:11:36.406+0000] {subprocess.py:93} INFO - 
[2026-05-31T14:11:36.434+0000] {subprocess.py:97} INFO - Command exited with return code 1
[2026-05-31T14:11:36.436+0000] {taskinstance.py:441} INFO - ::group::Post task execution logs
[2026-05-31T14:11:36.453+0000] {taskinstance.py:2905} ERROR - Task failed with exception
Traceback (most recent call last):
  File "/home/airflow/.local/lib/python3.11/site-packages/airflow/models/taskinstance.py", line 465, in _execute_task
    result = _execute_callable(context=context, **execute_callable_kwargs)
             ^^^^^^^^^^^^^^^^^^^^^^^^^^^^^^^^^^^^^^^^^^^^^^^^^^^^^^^^^^^^^
  File "/home/airflow/.local/lib/python3.11/site-packages/airflow/models/taskinstance.py", line 432, in _execute_callable
    return execute_callable(context=context, **execute_callable_kwargs)
           ^^^^^^^^^^^^^^^^^^^^^^^^^^^^^^^^^^^^^^^^^^^^^^^^^^^^^^^^^^^^
  File "/home/airflow/.local/lib/python3.11/site-packages/airflow/models/baseoperator.py", line 400, in wrapper
    return func(self, *args, **kwargs)
           ^^^^^^^^^^^^^^^^^^^^^^^^^^^
  File "/home/airflow/.local/lib/python3.11/site-packages/airflow/operators/bash.py", line 243, in execute
    raise AirflowException(
airflow.exceptions.AirflowException: Bash command failed. The command returned a non-zero exit code 1.
[2026-05-31T14:11:36.465+0000] {taskinstance.py:1206} INFO - Marking task as UP_FOR_RETRY. dag_id=retailco_master_pipeline, task_id=extract_erp_to_lake, run_id=scheduled__2026-05-30T00:00:00+00:00, execution_date=20260530T000000, start_date=20260531T141135, end_date=20260531T141136
[2026-05-31T14:11:36.489+0000] {standard_task_runner.py:110} ERROR - Failed to execute job 3 for task extract_erp_to_lake (Bash command failed. The command returned a non-zero exit code 1.; 185)
[2026-05-31T14:11:36.524+0000] {local_task_job_runner.py:240} INFO - Task exited with return code 1
[2026-05-31T14:11:36.560+0000] {taskinstance.py:3498} INFO - 0 downstream tasks scheduled from follow-on schedule check
[2026-05-31T14:11:36.564+0000] {local_task_job_runner.py:222} INFO - ::endgroup::
