[2026-05-31T14:22:33.861+0000] {local_task_job_runner.py:120} INFO - ::group::Pre task execution logs
[2026-05-31T14:22:33.900+0000] {taskinstance.py:2076} INFO - Dependencies all met for dep_context=non-requeueable deps ti=<TaskInstance: retailco_master_pipeline.extract_erp_to_lake scheduled__2026-05-30T00:00:00+00:00 [queued]>
[2026-05-31T14:22:33.907+0000] {taskinstance.py:2076} INFO - Dependencies all met for dep_context=requeueable deps ti=<TaskInstance: retailco_master_pipeline.extract_erp_to_lake scheduled__2026-05-30T00:00:00+00:00 [queued]>
[2026-05-31T14:22:33.908+0000] {taskinstance.py:2306} INFO - Starting attempt 3 of 3
[2026-05-31T14:22:33.925+0000] {taskinstance.py:2330} INFO - Executing <Task(BashOperator): extract_erp_to_lake> on 2026-05-30 00:00:00+00:00
[2026-05-31T14:22:33.930+0000] {standard_task_runner.py:63} INFO - Started process 305 to run task
[2026-05-31T14:22:33.934+0000] {standard_task_runner.py:90} INFO - Running: ['***', 'tasks', 'run', 'retailco_master_pipeline', 'extract_erp_to_lake', 'scheduled__2026-05-30T00:00:00+00:00', '--job-id', '8', '--raw', '--subdir', 'DAGS_FOLDER/retailco_dag.py', '--cfg-path', '/tmp/tmpcvbnhm0e']
[2026-05-31T14:22:33.937+0000] {standard_task_runner.py:91} INFO - Job 8: Subtask extract_erp_to_lake
[2026-05-31T14:22:34.023+0000] {task_command.py:426} INFO - Running <TaskInstance: retailco_master_pipeline.extract_erp_to_lake scheduled__2026-05-30T00:00:00+00:00 [running]> on host 9f8f7458f75c
[2026-05-31T14:22:34.234+0000] {taskinstance.py:2648} INFO - Exporting env vars: AIRFLOW_CTX_DAG_OWNER='data_engineering_team' AIRFLOW_CTX_DAG_ID='retailco_master_pipeline' AIRFLOW_CTX_TASK_ID='extract_erp_to_lake' AIRFLOW_CTX_EXECUTION_DATE='2026-05-30T00:00:00+00:00' AIRFLOW_CTX_TRY_NUMBER='3' AIRFLOW_CTX_DAG_RUN_ID='scheduled__2026-05-30T00:00:00+00:00'
[2026-05-31T14:22:34.236+0000] {taskinstance.py:430} INFO - ::endgroup::
[2026-05-31T14:22:34.287+0000] {subprocess.py:63} INFO - Tmp dir root location: /tmp
[2026-05-31T14:22:34.298+0000] {subprocess.py:75} INFO - Running command: ['/usr/bin/bash', '-c', 'python /opt/***/extractor.py']
[2026-05-31T14:22:34.317+0000] {subprocess.py:86} INFO - Output:
[2026-05-31T14:22:34.872+0000] {subprocess.py:93} INFO - 
[2026-05-31T14:22:34.873+0000] {subprocess.py:93} INFO - --- Starting Full Lake Extraction ---
[2026-05-31T14:22:34.874+0000] {subprocess.py:93} INFO - Traceback (most recent call last):
[2026-05-31T14:22:34.874+0000] {subprocess.py:93} INFO -   File "/opt/***/extractor.py", line 229, in <module>
[2026-05-31T14:22:34.877+0000] {subprocess.py:93} INFO -     conn = get_db_connection()
[2026-05-31T14:22:34.877+0000] {subprocess.py:93} INFO -            ^^^^^^^^^^^^^^^^^^^
[2026-05-31T14:22:34.878+0000] {subprocess.py:93} INFO -   File "/opt/***/extractor.py", line 43, in get_db_connection
[2026-05-31T14:22:34.880+0000] {subprocess.py:93} INFO -     return psycopg2.connect(
[2026-05-31T14:22:34.880+0000] {subprocess.py:93} INFO -            ^^^^^^^^^^^^^^^^^
[2026-05-31T14:22:34.881+0000] {subprocess.py:93} INFO -   File "/home/***/.local/lib/python3.11/site-packages/psycopg2/__init__.py", line 122, in connect
[2026-05-31T14:22:34.882+0000] {subprocess.py:93} INFO -     conn = _connect(dsn, connection_factory=connection_factory, **kwasync)
[2026-05-31T14:22:34.882+0000] {subprocess.py:93} INFO -            ^^^^^^^^^^^^^^^^^^^^^^^^^^^^^^^^^^^^^^^^^^^^^^^^^^^^^^^^^^^^^^^
[2026-05-31T14:22:34.883+0000] {subprocess.py:93} INFO - psycopg2.OperationalError: connection to server at "data-warehouse" (172.18.0.2), port 5432 failed: FATAL:  password authentication failed for user "admin"
[2026-05-31T14:22:34.883+0000] {subprocess.py:93} INFO - 
[2026-05-31T14:22:34.905+0000] {subprocess.py:97} INFO - Command exited with return code 1
[2026-05-31T14:22:34.906+0000] {taskinstance.py:441} INFO - ::group::Post task execution logs
[2026-05-31T14:22:34.921+0000] {taskinstance.py:2905} ERROR - Task failed with exception
Traceback (most recent call last):
  File "/home/airflow/.local/lib/python3.11/site-packages/airflow/models/taskinstance.py", line 465, in _execute_task
    result = _execute_callable(context=context, **execute_callable_kwargs)
             ^^^^^^^^^^^^^^^^^^^^^^^^^^^^^^^^^^^^^^^^^^^^^^^^^^^^^^^^^^^^^
  File "/home/airflow/.local/lib/python3.11/site-packages/airflow/models/taskinstance.py", line 432, in _execute_callable
    return execute_callable(context=context, **execute_callable_kwargs)
           ^^^^^^^^^^^^^^^^^^^^^^^^^^^^^^^^^^^^^^^^^^^^^^^^^^^^^^^^^^^^
  File "/home/airflow/.local/lib/python3.11/site-packages/airflow/models/baseoperator.py", line 400, in wrapper
    return func(self, *args, **kwargs)
           ^^^^^^^^^^^^^^^^^^^^^^^^^^^
  File "/home/airflow/.local/lib/python3.11/site-packages/airflow/operators/bash.py", line 243, in execute
    raise AirflowException(
airflow.exceptions.AirflowException: Bash command failed. The command returned a non-zero exit code 1.
[2026-05-31T14:22:34.927+0000] {taskinstance.py:1206} INFO - Marking task as FAILED. dag_id=retailco_master_pipeline, task_id=extract_erp_to_lake, run_id=scheduled__2026-05-30T00:00:00+00:00, execution_date=20260530T000000, start_date=20260531T142233, end_date=20260531T142234
[2026-05-31T14:22:34.944+0000] {standard_task_runner.py:110} ERROR - Failed to execute job 8 for task extract_erp_to_lake (Bash command failed. The command returned a non-zero exit code 1.; 305)
[2026-05-31T14:22:34.990+0000] {local_task_job_runner.py:240} INFO - Task exited with return code 1
[2026-05-31T14:22:35.031+0000] {taskinstance.py:3498} INFO - 0 downstream tasks scheduled from follow-on schedule check
[2026-05-31T14:22:35.037+0000] {local_task_job_runner.py:222} INFO - ::endgroup::
