[2026-05-31T14:51:35.156+0000] {local_task_job_runner.py:120} INFO - ::group::Pre task execution logs
[2026-05-31T14:51:35.197+0000] {taskinstance.py:2076} INFO - Dependencies all met for dep_context=non-requeueable deps ti=<TaskInstance: retailco_master_pipeline.dbt_snapshot_dimensions manual__2026-05-31T14:43:34.200895+00:00 [queued]>
[2026-05-31T14:51:35.207+0000] {taskinstance.py:2076} INFO - Dependencies all met for dep_context=requeueable deps ti=<TaskInstance: retailco_master_pipeline.dbt_snapshot_dimensions manual__2026-05-31T14:43:34.200895+00:00 [queued]>
[2026-05-31T14:51:35.209+0000] {taskinstance.py:2306} INFO - Starting attempt 3 of 3
[2026-05-31T14:51:35.224+0000] {taskinstance.py:2330} INFO - Executing <Task(BashOperator): dbt_snapshot_dimensions> on 2026-05-31 14:43:34.200895+00:00
[2026-05-31T14:51:35.232+0000] {standard_task_runner.py:63} INFO - Started process 650 to run task
[2026-05-31T14:51:35.237+0000] {standard_task_runner.py:90} INFO - Running: ['***', 'tasks', 'run', 'retailco_master_pipeline', 'dbt_snapshot_dimensions', 'manual__2026-05-31T14:43:34.200895+00:00', '--job-id', '13', '--raw', '--subdir', 'DAGS_FOLDER/retailco_dag.py', '--cfg-path', '/tmp/tmpthop22_6']
[2026-05-31T14:51:35.242+0000] {standard_task_runner.py:91} INFO - Job 13: Subtask dbt_snapshot_dimensions
[2026-05-31T14:51:35.341+0000] {task_command.py:426} INFO - Running <TaskInstance: retailco_master_pipeline.dbt_snapshot_dimensions manual__2026-05-31T14:43:34.200895+00:00 [running]> on host 9f8f7458f75c
[2026-05-31T14:51:35.474+0000] {taskinstance.py:2648} INFO - Exporting env vars: AIRFLOW_CTX_DAG_OWNER='data_engineering_team' AIRFLOW_CTX_DAG_ID='retailco_master_pipeline' AIRFLOW_CTX_TASK_ID='dbt_snapshot_dimensions' AIRFLOW_CTX_EXECUTION_DATE='2026-05-31T14:43:34.200895+00:00' AIRFLOW_CTX_TRY_NUMBER='3' AIRFLOW_CTX_DAG_RUN_ID='manual__2026-05-31T14:43:34.200895+00:00'
[2026-05-31T14:51:35.475+0000] {taskinstance.py:430} INFO - ::endgroup::
[2026-05-31T14:51:35.494+0000] {subprocess.py:63} INFO - Tmp dir root location: /tmp
[2026-05-31T14:51:35.496+0000] {subprocess.py:75} INFO - Running command: ['/usr/bin/bash', '-c', 'cd /opt/***/retailco_models && dbt snapshot']
[2026-05-31T14:51:35.509+0000] {subprocess.py:86} INFO - Output:
[2026-05-31T14:51:39.947+0000] {subprocess.py:93} INFO - [0m14:51:39  Running with dbt=1.7.0
[2026-05-31T14:51:40.736+0000] {subprocess.py:93} INFO - [0m14:51:40  Registered adapter: postgres=1.7.0
[2026-05-31T14:51:41.265+0000] {subprocess.py:93} INFO - [0m14:51:41  [[33mWARNING[0m]: Configuration paths exist in your dbt_project.yml file which do not apply to any resources.
[2026-05-31T14:51:41.266+0000] {subprocess.py:93} INFO - There are 1 unused configuration paths:
[2026-05-31T14:51:41.267+0000] {subprocess.py:93} INFO - - models.retailco_models.example
[2026-05-31T14:51:41.334+0000] {subprocess.py:93} INFO - [0m14:51:41  Found 19 models, 2 snapshots, 16 tests, 8 sources, 0 exposures, 0 metrics, 401 macros, 0 groups, 0 semantic models
[2026-05-31T14:51:41.342+0000] {subprocess.py:93} INFO - [0m14:51:41
[2026-05-31T14:51:41.511+0000] {subprocess.py:93} INFO - [0m14:51:41  Concurrency: 4 threads (target='dev')
[2026-05-31T14:51:41.513+0000] {subprocess.py:93} INFO - [0m14:51:41
[2026-05-31T14:51:41.528+0000] {subprocess.py:93} INFO - [0m14:51:41  1 of 2 START snapshot snapshots.customer_snapshot .............................. [RUN]
[2026-05-31T14:51:41.531+0000] {subprocess.py:93} INFO - [0m14:51:41  2 of 2 START snapshot snapshots.product_snapshot ............................... [RUN]
[2026-05-31T14:51:41.679+0000] {subprocess.py:93} INFO - [0m14:51:41  [31mUnhandled error while executing target/run/retailco_models/snapshots/product_snapshot.sql[0m
[2026-05-31T14:51:41.680+0000] {subprocess.py:93} INFO - [Errno 21] Is a directory: '/opt/***/retailco_models/target/run/retailco_models/snapshots/product_snapshot.sql'
[2026-05-31T14:51:41.682+0000] {subprocess.py:93} INFO - [0m14:51:41  [31mUnhandled error while executing target/run/retailco_models/snapshots/customer_snapshot.sql[0m
[2026-05-31T14:51:41.683+0000] {subprocess.py:93} INFO - [Errno 21] Is a directory: '/opt/***/retailco_models/target/run/retailco_models/snapshots/customer_snapshot.sql'
[2026-05-31T14:51:41.698+0000] {subprocess.py:93} INFO - [0m14:51:41  1 of 2 ERROR snapshotting snapshots.customer_snapshot .......................... [[31mERROR[0m in 0.16s]
[2026-05-31T14:51:41.700+0000] {subprocess.py:93} INFO - [0m14:51:41  2 of 2 ERROR snapshotting snapshots.product_snapshot ........................... [[31mERROR[0m in 0.16s]
[2026-05-31T14:51:41.743+0000] {subprocess.py:93} INFO - [0m14:51:41
[2026-05-31T14:51:41.745+0000] {subprocess.py:93} INFO - [0m14:51:41  Finished running 2 snapshots in 0 hours 0 minutes and 0.40 seconds (0.40s).
[2026-05-31T14:51:41.783+0000] {subprocess.py:93} INFO - [0m14:51:41
[2026-05-31T14:51:41.786+0000] {subprocess.py:93} INFO - [0m14:51:41  [31mCompleted with 2 errors and 0 warnings:[0m
[2026-05-31T14:51:41.789+0000] {subprocess.py:93} INFO - [0m14:51:41
[2026-05-31T14:51:41.791+0000] {subprocess.py:93} INFO - [0m14:51:41    [Errno 21] Is a directory: '/opt/***/retailco_models/target/run/retailco_models/snapshots/customer_snapshot.sql'
[2026-05-31T14:51:41.793+0000] {subprocess.py:93} INFO - [0m14:51:41
[2026-05-31T14:51:41.795+0000] {subprocess.py:93} INFO - [0m14:51:41    [Errno 21] Is a directory: '/opt/***/retailco_models/target/run/retailco_models/snapshots/product_snapshot.sql'
[2026-05-31T14:51:41.797+0000] {subprocess.py:93} INFO - [0m14:51:41
[2026-05-31T14:51:41.799+0000] {subprocess.py:93} INFO - [0m14:51:41  Done. PASS=0 WARN=0 ERROR=2 SKIP=0 TOTAL=2
[2026-05-31T14:51:44.063+0000] {subprocess.py:97} INFO - Command exited with return code 1
[2026-05-31T14:51:44.065+0000] {taskinstance.py:441} INFO - ::group::Post task execution logs
[2026-05-31T14:51:44.096+0000] {taskinstance.py:2905} ERROR - Task failed with exception
Traceback (most recent call last):
  File "/home/airflow/.local/lib/python3.11/site-packages/airflow/models/taskinstance.py", line 465, in _execute_task
    result = _execute_callable(context=context, **execute_callable_kwargs)
             ^^^^^^^^^^^^^^^^^^^^^^^^^^^^^^^^^^^^^^^^^^^^^^^^^^^^^^^^^^^^^
  File "/home/airflow/.local/lib/python3.11/site-packages/airflow/models/taskinstance.py", line 432, in _execute_callable
    return execute_callable(context=context, **execute_callable_kwargs)
           ^^^^^^^^^^^^^^^^^^^^^^^^^^^^^^^^^^^^^^^^^^^^^^^^^^^^^^^^^^^^
  File "/home/airflow/.local/lib/python3.11/site-packages/airflow/models/baseoperator.py", line 400, in wrapper
    return func(self, *args, **kwargs)
           ^^^^^^^^^^^^^^^^^^^^^^^^^^^
  File "/home/airflow/.local/lib/python3.11/site-packages/airflow/operators/bash.py", line 243, in execute
    raise AirflowException(
airflow.exceptions.AirflowException: Bash command failed. The command returned a non-zero exit code 1.
[2026-05-31T14:51:44.107+0000] {taskinstance.py:1206} INFO - Marking task as FAILED. dag_id=retailco_master_pipeline, task_id=dbt_snapshot_dimensions, run_id=manual__2026-05-31T14:43:34.200895+00:00, execution_date=20260531T144334, start_date=20260531T145135, end_date=20260531T145144
[2026-05-31T14:51:44.141+0000] {standard_task_runner.py:110} ERROR - Failed to execute job 13 for task dbt_snapshot_dimensions (Bash command failed. The command returned a non-zero exit code 1.; 650)
[2026-05-31T14:51:44.185+0000] {local_task_job_runner.py:240} INFO - Task exited with return code 1
[2026-05-31T14:51:44.224+0000] {taskinstance.py:3498} INFO - 0 downstream tasks scheduled from follow-on schedule check
[2026-05-31T14:51:44.231+0000] {local_task_job_runner.py:222} INFO - ::endgroup::
