[2026-05-31T14:47:23.711+0000] {local_task_job_runner.py:120} INFO - ::group::Pre task execution logs
[2026-05-31T14:47:23.752+0000] {taskinstance.py:2076} INFO - Dependencies all met for dep_context=non-requeueable deps ti=<TaskInstance: retailco_master_pipeline.dbt_snapshot_dimensions manual__2026-05-31T14:43:34.200895+00:00 [queued]>
[2026-05-31T14:47:23.761+0000] {taskinstance.py:2076} INFO - Dependencies all met for dep_context=requeueable deps ti=<TaskInstance: retailco_master_pipeline.dbt_snapshot_dimensions manual__2026-05-31T14:43:34.200895+00:00 [queued]>
[2026-05-31T14:47:23.765+0000] {taskinstance.py:2306} INFO - Starting attempt 2 of 3
[2026-05-31T14:47:23.786+0000] {taskinstance.py:2330} INFO - Executing <Task(BashOperator): dbt_snapshot_dimensions> on 2026-05-31 14:43:34.200895+00:00
[2026-05-31T14:47:23.795+0000] {standard_task_runner.py:63} INFO - Started process 591 to run task
[2026-05-31T14:47:23.799+0000] {standard_task_runner.py:90} INFO - Running: ['***', 'tasks', 'run', 'retailco_master_pipeline', 'dbt_snapshot_dimensions', 'manual__2026-05-31T14:43:34.200895+00:00', '--job-id', '12', '--raw', '--subdir', 'DAGS_FOLDER/retailco_dag.py', '--cfg-path', '/tmp/tmpe7069mp9']
[2026-05-31T14:47:23.803+0000] {standard_task_runner.py:91} INFO - Job 12: Subtask dbt_snapshot_dimensions
[2026-05-31T14:47:23.895+0000] {task_command.py:426} INFO - Running <TaskInstance: retailco_master_pipeline.dbt_snapshot_dimensions manual__2026-05-31T14:43:34.200895+00:00 [running]> on host 9f8f7458f75c
[2026-05-31T14:47:24.017+0000] {taskinstance.py:2648} INFO - Exporting env vars: AIRFLOW_CTX_DAG_OWNER='data_engineering_team' AIRFLOW_CTX_DAG_ID='retailco_master_pipeline' AIRFLOW_CTX_TASK_ID='dbt_snapshot_dimensions' AIRFLOW_CTX_EXECUTION_DATE='2026-05-31T14:43:34.200895+00:00' AIRFLOW_CTX_TRY_NUMBER='2' AIRFLOW_CTX_DAG_RUN_ID='manual__2026-05-31T14:43:34.200895+00:00'
[2026-05-31T14:47:24.018+0000] {taskinstance.py:430} INFO - ::endgroup::
[2026-05-31T14:47:24.035+0000] {subprocess.py:63} INFO - Tmp dir root location: /tmp
[2026-05-31T14:47:24.037+0000] {subprocess.py:75} INFO - Running command: ['/usr/bin/bash', '-c', 'cd /opt/***/retailco_models && dbt snapshot']
[2026-05-31T14:47:24.049+0000] {subprocess.py:86} INFO - Output:
[2026-05-31T14:47:27.561+0000] {subprocess.py:93} INFO - [0m14:47:27  Running with dbt=1.7.0
[2026-05-31T14:47:28.150+0000] {subprocess.py:93} INFO - [0m14:47:28  Registered adapter: postgres=1.7.0
[2026-05-31T14:47:28.625+0000] {subprocess.py:93} INFO - [0m14:47:28  [[33mWARNING[0m]: Configuration paths exist in your dbt_project.yml file which do not apply to any resources.
[2026-05-31T14:47:28.625+0000] {subprocess.py:93} INFO - There are 1 unused configuration paths:
[2026-05-31T14:47:28.626+0000] {subprocess.py:93} INFO - - models.retailco_models.example
[2026-05-31T14:47:28.689+0000] {subprocess.py:93} INFO - [0m14:47:28  Found 19 models, 2 snapshots, 16 tests, 8 sources, 0 exposures, 0 metrics, 401 macros, 0 groups, 0 semantic models
[2026-05-31T14:47:28.695+0000] {subprocess.py:93} INFO - [0m14:47:28
[2026-05-31T14:47:28.856+0000] {subprocess.py:93} INFO - [0m14:47:28  Concurrency: 4 threads (target='dev')
[2026-05-31T14:47:28.858+0000] {subprocess.py:93} INFO - [0m14:47:28
[2026-05-31T14:47:28.877+0000] {subprocess.py:93} INFO - [0m14:47:28  1 of 2 START snapshot snapshots.customer_snapshot .............................. [RUN]
[2026-05-31T14:47:28.880+0000] {subprocess.py:93} INFO - [0m14:47:28  2 of 2 START snapshot snapshots.product_snapshot ............................... [RUN]
[2026-05-31T14:47:28.998+0000] {subprocess.py:93} INFO - [0m14:47:28  [31mUnhandled error while executing target/run/retailco_models/snapshots/product_snapshot.sql[0m
[2026-05-31T14:47:28.998+0000] {subprocess.py:93} INFO - [Errno 21] Is a directory: '/opt/***/retailco_models/target/run/retailco_models/snapshots/product_snapshot.sql'
[2026-05-31T14:47:29.000+0000] {subprocess.py:93} INFO - [0m14:47:29  [31mUnhandled error while executing target/run/retailco_models/snapshots/customer_snapshot.sql[0m
[2026-05-31T14:47:29.000+0000] {subprocess.py:93} INFO - [Errno 21] Is a directory: '/opt/***/retailco_models/target/run/retailco_models/snapshots/customer_snapshot.sql'
[2026-05-31T14:47:29.012+0000] {subprocess.py:93} INFO - [0m14:47:29  2 of 2 ERROR snapshotting snapshots.product_snapshot ........................... [[31mERROR[0m in 0.12s]
[2026-05-31T14:47:29.014+0000] {subprocess.py:93} INFO - [0m14:47:29  1 of 2 ERROR snapshotting snapshots.customer_snapshot .......................... [[31mERROR[0m in 0.13s]
[2026-05-31T14:47:29.051+0000] {subprocess.py:93} INFO - [0m14:47:29
[2026-05-31T14:47:29.052+0000] {subprocess.py:93} INFO - [0m14:47:29  Finished running 2 snapshots in 0 hours 0 minutes and 0.35 seconds (0.35s).
[2026-05-31T14:47:29.086+0000] {subprocess.py:93} INFO - [0m14:47:29
[2026-05-31T14:47:29.088+0000] {subprocess.py:93} INFO - [0m14:47:29  [31mCompleted with 2 errors and 0 warnings:[0m
[2026-05-31T14:47:29.090+0000] {subprocess.py:93} INFO - [0m14:47:29
[2026-05-31T14:47:29.093+0000] {subprocess.py:93} INFO - [0m14:47:29    [Errno 21] Is a directory: '/opt/***/retailco_models/target/run/retailco_models/snapshots/product_snapshot.sql'
[2026-05-31T14:47:29.095+0000] {subprocess.py:93} INFO - [0m14:47:29
[2026-05-31T14:47:29.097+0000] {subprocess.py:93} INFO - [0m14:47:29    [Errno 21] Is a directory: '/opt/***/retailco_models/target/run/retailco_models/snapshots/customer_snapshot.sql'
[2026-05-31T14:47:29.099+0000] {subprocess.py:93} INFO - [0m14:47:29
[2026-05-31T14:47:29.101+0000] {subprocess.py:93} INFO - [0m14:47:29  Done. PASS=0 WARN=0 ERROR=2 SKIP=0 TOTAL=2
[2026-05-31T14:47:31.172+0000] {subprocess.py:97} INFO - Command exited with return code 1
[2026-05-31T14:47:31.174+0000] {taskinstance.py:441} INFO - ::group::Post task execution logs
[2026-05-31T14:47:31.195+0000] {taskinstance.py:2905} ERROR - Task failed with exception
Traceback (most recent call last):
  File "/home/airflow/.local/lib/python3.11/site-packages/airflow/models/taskinstance.py", line 465, in _execute_task
    result = _execute_callable(context=context, **execute_callable_kwargs)
             ^^^^^^^^^^^^^^^^^^^^^^^^^^^^^^^^^^^^^^^^^^^^^^^^^^^^^^^^^^^^^
  File "/home/airflow/.local/lib/python3.11/site-packages/airflow/models/taskinstance.py", line 432, in _execute_callable
    return execute_callable(context=context, **execute_callable_kwargs)
           ^^^^^^^^^^^^^^^^^^^^^^^^^^^^^^^^^^^^^^^^^^^^^^^^^^^^^^^^^^^^
  File "/home/airflow/.local/lib/python3.11/site-packages/airflow/models/baseoperator.py", line 400, in wrapper
    return func(self, *args, **kwargs)
           ^^^^^^^^^^^^^^^^^^^^^^^^^^^
  File "/home/airflow/.local/lib/python3.11/site-packages/airflow/operators/bash.py", line 243, in execute
    raise AirflowException(
airflow.exceptions.AirflowException: Bash command failed. The command returned a non-zero exit code 1.
[2026-05-31T14:47:31.200+0000] {taskinstance.py:1206} INFO - Marking task as UP_FOR_RETRY. dag_id=retailco_master_pipeline, task_id=dbt_snapshot_dimensions, run_id=manual__2026-05-31T14:43:34.200895+00:00, execution_date=20260531T144334, start_date=20260531T144723, end_date=20260531T144731
[2026-05-31T14:47:31.216+0000] {standard_task_runner.py:110} ERROR - Failed to execute job 12 for task dbt_snapshot_dimensions (Bash command failed. The command returned a non-zero exit code 1.; 591)
[2026-05-31T14:47:31.235+0000] {local_task_job_runner.py:240} INFO - Task exited with return code 1
[2026-05-31T14:47:31.268+0000] {taskinstance.py:3498} INFO - 0 downstream tasks scheduled from follow-on schedule check
[2026-05-31T14:47:31.272+0000] {local_task_job_runner.py:222} INFO - ::endgroup::
