[2026-05-31T14:55:47.532+0000] {local_task_job_runner.py:120} INFO - ::group::Pre task execution logs
[2026-05-31T14:55:47.570+0000] {taskinstance.py:2076} INFO - Dependencies all met for dep_context=non-requeueable deps ti=<TaskInstance: retailco_master_pipeline.dbt_snapshot_dimensions manual__2026-05-31T14:43:34.200895+00:00 [queued]>
[2026-05-31T14:55:47.579+0000] {taskinstance.py:2076} INFO - Dependencies all met for dep_context=requeueable deps ti=<TaskInstance: retailco_master_pipeline.dbt_snapshot_dimensions manual__2026-05-31T14:43:34.200895+00:00 [queued]>
[2026-05-31T14:55:47.580+0000] {taskinstance.py:2306} INFO - Starting attempt 4 of 6
[2026-05-31T14:55:47.596+0000] {taskinstance.py:2330} INFO - Executing <Task(BashOperator): dbt_snapshot_dimensions> on 2026-05-31 14:43:34.200895+00:00
[2026-05-31T14:55:47.602+0000] {standard_task_runner.py:63} INFO - Started process 704 to run task
[2026-05-31T14:55:47.605+0000] {standard_task_runner.py:90} INFO - Running: ['***', 'tasks', 'run', 'retailco_master_pipeline', 'dbt_snapshot_dimensions', 'manual__2026-05-31T14:43:34.200895+00:00', '--job-id', '14', '--raw', '--subdir', 'DAGS_FOLDER/retailco_dag.py', '--cfg-path', '/tmp/tmpr1xhh0ol']
[2026-05-31T14:55:47.608+0000] {standard_task_runner.py:91} INFO - Job 14: Subtask dbt_snapshot_dimensions
[2026-05-31T14:55:47.703+0000] {task_command.py:426} INFO - Running <TaskInstance: retailco_master_pipeline.dbt_snapshot_dimensions manual__2026-05-31T14:43:34.200895+00:00 [running]> on host 9f8f7458f75c
[2026-05-31T14:55:47.849+0000] {taskinstance.py:2648} INFO - Exporting env vars: AIRFLOW_CTX_DAG_OWNER='data_engineering_team' AIRFLOW_CTX_DAG_ID='retailco_master_pipeline' AIRFLOW_CTX_TASK_ID='dbt_snapshot_dimensions' AIRFLOW_CTX_EXECUTION_DATE='2026-05-31T14:43:34.200895+00:00' AIRFLOW_CTX_TRY_NUMBER='4' AIRFLOW_CTX_DAG_RUN_ID='manual__2026-05-31T14:43:34.200895+00:00'
[2026-05-31T14:55:47.851+0000] {taskinstance.py:430} INFO - ::endgroup::
[2026-05-31T14:55:47.867+0000] {subprocess.py:63} INFO - Tmp dir root location: /tmp
[2026-05-31T14:55:47.869+0000] {subprocess.py:75} INFO - Running command: ['/usr/bin/bash', '-c', 'cd /opt/***/retailco_models && dbt snapshot']
[2026-05-31T14:55:47.880+0000] {subprocess.py:86} INFO - Output:
[2026-05-31T14:55:51.764+0000] {subprocess.py:93} INFO - [0m14:55:51  Running with dbt=1.7.0
[2026-05-31T14:55:52.322+0000] {subprocess.py:93} INFO - [0m14:55:52  Registered adapter: postgres=1.7.0
[2026-05-31T14:55:52.342+0000] {subprocess.py:93} INFO - [0m14:55:52  Unable to do partial parsing because saved manifest not found. Starting full parse.
[2026-05-31T14:55:54.664+0000] {subprocess.py:93} INFO - [0m14:55:54  [[33mWARNING[0m]: Configuration paths exist in your dbt_project.yml file which do not apply to any resources.
[2026-05-31T14:55:54.664+0000] {subprocess.py:93} INFO - There are 1 unused configuration paths:
[2026-05-31T14:55:54.665+0000] {subprocess.py:93} INFO - - models.retailco_models.example
[2026-05-31T14:55:54.737+0000] {subprocess.py:93} INFO - [0m14:55:54  Found 19 models, 2 snapshots, 16 tests, 8 sources, 0 exposures, 0 metrics, 401 macros, 0 groups, 0 semantic models
[2026-05-31T14:55:54.745+0000] {subprocess.py:93} INFO - [0m14:55:54
[2026-05-31T14:55:55.022+0000] {subprocess.py:93} INFO - [0m14:55:55  Concurrency: 4 threads (target='dev')
[2026-05-31T14:55:55.025+0000] {subprocess.py:93} INFO - [0m14:55:55
[2026-05-31T14:55:55.039+0000] {subprocess.py:93} INFO - [0m14:55:55  1 of 2 START snapshot snapshots.customer_snapshot .............................. [RUN]
[2026-05-31T14:55:55.041+0000] {subprocess.py:93} INFO - [0m14:55:55  2 of 2 START snapshot snapshots.product_snapshot ............................... [RUN]
[2026-05-31T14:55:55.282+0000] {subprocess.py:93} INFO - [0m14:55:55  1 of 2 OK snapshotted snapshots.customer_snapshot .............................. [[32mSELECT 50[0m in 0.23s]
[2026-05-31T14:55:55.284+0000] {subprocess.py:93} INFO - [0m14:55:55  2 of 2 OK snapshotted snapshots.product_snapshot ............................... [[32mSELECT 50[0m in 0.23s]
[2026-05-31T14:55:55.322+0000] {subprocess.py:93} INFO - [0m14:55:55
[2026-05-31T14:55:55.325+0000] {subprocess.py:93} INFO - [0m14:55:55  Finished running 2 snapshots in 0 hours 0 minutes and 0.58 seconds (0.58s).
[2026-05-31T14:55:55.357+0000] {subprocess.py:93} INFO - [0m14:55:55
[2026-05-31T14:55:55.359+0000] {subprocess.py:93} INFO - [0m14:55:55  [32mCompleted successfully[0m
[2026-05-31T14:55:55.362+0000] {subprocess.py:93} INFO - [0m14:55:55
[2026-05-31T14:55:55.363+0000] {subprocess.py:93} INFO - [0m14:55:55  Done. PASS=2 WARN=0 ERROR=0 SKIP=0 TOTAL=2
[2026-05-31T14:55:57.405+0000] {subprocess.py:97} INFO - Command exited with return code 0
[2026-05-31T14:55:57.407+0000] {taskinstance.py:441} INFO - ::group::Post task execution logs
[2026-05-31T14:55:57.443+0000] {taskinstance.py:1206} INFO - Marking task as SUCCESS. dag_id=retailco_master_pipeline, task_id=dbt_snapshot_dimensions, run_id=manual__2026-05-31T14:43:34.200895+00:00, execution_date=20260531T144334, start_date=20260531T145547, end_date=20260531T145557
[2026-05-31T14:55:57.470+0000] {local_task_job_runner.py:240} INFO - Task exited with return code 0
[2026-05-31T14:55:57.502+0000] {taskinstance.py:3498} INFO - 1 downstream tasks scheduled from follow-on schedule check
[2026-05-31T14:55:57.505+0000] {local_task_job_runner.py:222} INFO - ::endgroup::
