[2026-05-31T14:44:15.244+0000] {local_task_job_runner.py:120} INFO - ::group::Pre task execution logs
[2026-05-31T14:44:15.285+0000] {taskinstance.py:2076} INFO - Dependencies all met for dep_context=non-requeueable deps ti=<TaskInstance: retailco_master_pipeline.dbt_snapshot_dimensions manual__2026-05-31T14:43:34.200895+00:00 [queued]>
[2026-05-31T14:44:15.294+0000] {taskinstance.py:2076} INFO - Dependencies all met for dep_context=requeueable deps ti=<TaskInstance: retailco_master_pipeline.dbt_snapshot_dimensions manual__2026-05-31T14:43:34.200895+00:00 [queued]>
[2026-05-31T14:44:15.296+0000] {taskinstance.py:2306} INFO - Starting attempt 1 of 3
[2026-05-31T14:44:15.312+0000] {taskinstance.py:2330} INFO - Executing <Task(BashOperator): dbt_snapshot_dimensions> on 2026-05-31 14:43:34.200895+00:00
[2026-05-31T14:44:15.322+0000] {standard_task_runner.py:63} INFO - Started process 539 to run task
[2026-05-31T14:44:15.326+0000] {standard_task_runner.py:90} INFO - Running: ['***', 'tasks', 'run', 'retailco_master_pipeline', 'dbt_snapshot_dimensions', 'manual__2026-05-31T14:43:34.200895+00:00', '--job-id', '11', '--raw', '--subdir', 'DAGS_FOLDER/retailco_dag.py', '--cfg-path', '/tmp/tmpwlkxzbwf']
[2026-05-31T14:44:15.329+0000] {standard_task_runner.py:91} INFO - Job 11: Subtask dbt_snapshot_dimensions
[2026-05-31T14:44:15.415+0000] {task_command.py:426} INFO - Running <TaskInstance: retailco_master_pipeline.dbt_snapshot_dimensions manual__2026-05-31T14:43:34.200895+00:00 [running]> on host 9f8f7458f75c
[2026-05-31T14:44:15.522+0000] {taskinstance.py:2648} INFO - Exporting env vars: AIRFLOW_CTX_DAG_OWNER='data_engineering_team' AIRFLOW_CTX_DAG_ID='retailco_master_pipeline' AIRFLOW_CTX_TASK_ID='dbt_snapshot_dimensions' AIRFLOW_CTX_EXECUTION_DATE='2026-05-31T14:43:34.200895+00:00' AIRFLOW_CTX_TRY_NUMBER='1' AIRFLOW_CTX_DAG_RUN_ID='manual__2026-05-31T14:43:34.200895+00:00'
[2026-05-31T14:44:15.524+0000] {taskinstance.py:430} INFO - ::endgroup::
[2026-05-31T14:44:15.539+0000] {subprocess.py:63} INFO - Tmp dir root location: /tmp
[2026-05-31T14:44:15.540+0000] {subprocess.py:75} INFO - Running command: ['/usr/bin/bash', '-c', 'cd /opt/***/retailco_models && dbt snapshot']
[2026-05-31T14:44:15.555+0000] {subprocess.py:86} INFO - Output:
[2026-05-31T14:44:21.983+0000] {subprocess.py:93} INFO - [0m14:44:21  Running with dbt=1.7.0
[2026-05-31T14:44:23.032+0000] {subprocess.py:93} INFO - [0m14:44:23  Registered adapter: postgres=1.7.0
[2026-05-31T14:44:25.970+0000] {subprocess.py:93} INFO - [0m14:44:25  [[33mWARNING[0m]: Configuration paths exist in your dbt_project.yml file which do not apply to any resources.
[2026-05-31T14:44:25.970+0000] {subprocess.py:93} INFO - There are 1 unused configuration paths:
[2026-05-31T14:44:25.971+0000] {subprocess.py:93} INFO - - models.retailco_models.example
[2026-05-31T14:44:26.105+0000] {subprocess.py:93} INFO - [0m14:44:26  Found 19 models, 2 snapshots, 16 tests, 8 sources, 0 exposures, 0 metrics, 401 macros, 0 groups, 0 semantic models
[2026-05-31T14:44:26.112+0000] {subprocess.py:93} INFO - [0m14:44:26
[2026-05-31T14:44:26.541+0000] {subprocess.py:93} INFO - [0m14:44:26  Concurrency: 4 threads (target='dev')
[2026-05-31T14:44:26.543+0000] {subprocess.py:93} INFO - [0m14:44:26
[2026-05-31T14:44:26.556+0000] {subprocess.py:93} INFO - [0m14:44:26  1 of 2 START snapshot snapshots.customer_snapshot .............................. [RUN]
[2026-05-31T14:44:26.558+0000] {subprocess.py:93} INFO - [0m14:44:26  2 of 2 START snapshot snapshots.product_snapshot ............................... [RUN]
[2026-05-31T14:44:26.694+0000] {subprocess.py:93} INFO - [0m14:44:26  [31mUnhandled error while executing target/run/retailco_models/snapshots/customer_snapshot.sql[0m
[2026-05-31T14:44:26.694+0000] {subprocess.py:93} INFO - [Errno 21] Is a directory: '/opt/***/retailco_models/target/run/retailco_models/snapshots/customer_snapshot.sql'
[2026-05-31T14:44:26.696+0000] {subprocess.py:93} INFO - [0m14:44:26  [31mUnhandled error while executing target/run/retailco_models/snapshots/product_snapshot.sql[0m
[2026-05-31T14:44:26.696+0000] {subprocess.py:93} INFO - [Errno 21] Is a directory: '/opt/***/retailco_models/target/run/retailco_models/snapshots/product_snapshot.sql'
[2026-05-31T14:44:26.722+0000] {subprocess.py:93} INFO - [0m14:44:26  2 of 2 ERROR snapshotting snapshots.product_snapshot ........................... [[31mERROR[0m in 0.16s]
[2026-05-31T14:44:26.724+0000] {subprocess.py:93} INFO - [0m14:44:26  1 of 2 ERROR snapshotting snapshots.customer_snapshot .......................... [[31mERROR[0m in 0.16s]
[2026-05-31T14:44:26.760+0000] {subprocess.py:93} INFO - [0m14:44:26
[2026-05-31T14:44:26.762+0000] {subprocess.py:93} INFO - [0m14:44:26  Finished running 2 snapshots in 0 hours 0 minutes and 0.65 seconds (0.65s).
[2026-05-31T14:44:26.812+0000] {subprocess.py:93} INFO - [0m14:44:26
[2026-05-31T14:44:26.813+0000] {subprocess.py:93} INFO - [0m14:44:26  [31mCompleted with 2 errors and 0 warnings:[0m
[2026-05-31T14:44:26.815+0000] {subprocess.py:93} INFO - [0m14:44:26
[2026-05-31T14:44:26.817+0000] {subprocess.py:93} INFO - [0m14:44:26    [Errno 21] Is a directory: '/opt/***/retailco_models/target/run/retailco_models/snapshots/product_snapshot.sql'
[2026-05-31T14:44:26.818+0000] {subprocess.py:93} INFO - [0m14:44:26
[2026-05-31T14:44:26.820+0000] {subprocess.py:93} INFO - [0m14:44:26    [Errno 21] Is a directory: '/opt/***/retailco_models/target/run/retailco_models/snapshots/customer_snapshot.sql'
[2026-05-31T14:44:26.821+0000] {subprocess.py:93} INFO - [0m14:44:26
[2026-05-31T14:44:26.823+0000] {subprocess.py:93} INFO - [0m14:44:26  Done. PASS=0 WARN=0 ERROR=2 SKIP=0 TOTAL=2
[2026-05-31T14:44:29.092+0000] {subprocess.py:97} INFO - Command exited with return code 1
[2026-05-31T14:44:29.094+0000] {taskinstance.py:441} INFO - ::group::Post task execution logs
[2026-05-31T14:44:29.114+0000] {taskinstance.py:2905} ERROR - Task failed with exception
Traceback (most recent call last):
  File "/home/airflow/.local/lib/python3.11/site-packages/airflow/models/taskinstance.py", line 465, in _execute_task
    result = _execute_callable(context=context, **execute_callable_kwargs)
             ^^^^^^^^^^^^^^^^^^^^^^^^^^^^^^^^^^^^^^^^^^^^^^^^^^^^^^^^^^^^^
  File "/home/airflow/.local/lib/python3.11/site-packages/airflow/models/taskinstance.py", line 432, in _execute_callable
    return execute_callable(context=context, **execute_callable_kwargs)
           ^^^^^^^^^^^^^^^^^^^^^^^^^^^^^^^^^^^^^^^^^^^^^^^^^^^^^^^^^^^^
  File "/home/airflow/.local/lib/python3.11/site-packages/airflow/models/baseoperator.py", line 400, in wrapper
    return func(self, *args, **kwargs)
           ^^^^^^^^^^^^^^^^^^^^^^^^^^^
  File "/home/airflow/.local/lib/python3.11/site-packages/airflow/operators/bash.py", line 243, in execute
    raise AirflowException(
airflow.exceptions.AirflowException: Bash command failed. The command returned a non-zero exit code 1.
[2026-05-31T14:44:29.131+0000] {taskinstance.py:1206} INFO - Marking task as UP_FOR_RETRY. dag_id=retailco_master_pipeline, task_id=dbt_snapshot_dimensions, run_id=manual__2026-05-31T14:43:34.200895+00:00, execution_date=20260531T144334, start_date=20260531T144415, end_date=20260531T144429
[2026-05-31T14:44:29.151+0000] {standard_task_runner.py:110} ERROR - Failed to execute job 11 for task dbt_snapshot_dimensions (Bash command failed. The command returned a non-zero exit code 1.; 539)
[2026-05-31T14:44:29.196+0000] {local_task_job_runner.py:240} INFO - Task exited with return code 1
[2026-05-31T14:44:29.230+0000] {taskinstance.py:3498} INFO - 0 downstream tasks scheduled from follow-on schedule check
[2026-05-31T14:44:29.238+0000] {local_task_job_runner.py:222} INFO - ::endgroup::
