[2026-05-31T20:14:47.744+0000] {local_task_job_runner.py:120} INFO - ::group::Pre task execution logs
[2026-05-31T20:14:47.824+0000] {taskinstance.py:2076} INFO - Dependencies all met for dep_context=non-requeueable deps ti=<TaskInstance: retailco_master_pipeline.dbt_run_staging manual__2026-05-31T20:13:33.267598+00:00 [queued]>
[2026-05-31T20:14:47.841+0000] {taskinstance.py:2076} INFO - Dependencies all met for dep_context=requeueable deps ti=<TaskInstance: retailco_master_pipeline.dbt_run_staging manual__2026-05-31T20:13:33.267598+00:00 [queued]>
[2026-05-31T20:14:47.843+0000] {taskinstance.py:2306} INFO - Starting attempt 1 of 3
[2026-05-31T20:14:47.867+0000] {taskinstance.py:2330} INFO - Executing <Task(BashOperator): dbt_run_staging> on 2026-05-31 20:13:33.267598+00:00
[2026-05-31T20:14:47.879+0000] {standard_task_runner.py:63} INFO - Started process 3941 to run task
[2026-05-31T20:14:47.887+0000] {standard_task_runner.py:90} INFO - Running: ['***', 'tasks', 'run', 'retailco_master_pipeline', 'dbt_run_staging', 'manual__2026-05-31T20:13:33.267598+00:00', '--job-id', '27', '--raw', '--subdir', 'DAGS_FOLDER/retailco_dag.py', '--cfg-path', '/tmp/tmpke1zyqwp']
[2026-05-31T20:14:47.893+0000] {standard_task_runner.py:91} INFO - Job 27: Subtask dbt_run_staging
[2026-05-31T20:14:48.077+0000] {task_command.py:426} INFO - Running <TaskInstance: retailco_master_pipeline.dbt_run_staging manual__2026-05-31T20:13:33.267598+00:00 [running]> on host 9f8f7458f75c
[2026-05-31T20:14:48.297+0000] {taskinstance.py:2648} INFO - Exporting env vars: AIRFLOW_CTX_DAG_OWNER='data_engineering_team' AIRFLOW_CTX_DAG_ID='retailco_master_pipeline' AIRFLOW_CTX_TASK_ID='dbt_run_staging' AIRFLOW_CTX_EXECUTION_DATE='2026-05-31T20:13:33.267598+00:00' AIRFLOW_CTX_TRY_NUMBER='1' AIRFLOW_CTX_DAG_RUN_ID='manual__2026-05-31T20:13:33.267598+00:00'
[2026-05-31T20:14:48.300+0000] {taskinstance.py:430} INFO - ::endgroup::
[2026-05-31T20:14:48.329+0000] {subprocess.py:63} INFO - Tmp dir root location: /tmp
[2026-05-31T20:14:48.333+0000] {subprocess.py:75} INFO - Running command: ['/usr/bin/bash', '-c', 'cd /opt/***/retailco_models && dbt run --select staging']
[2026-05-31T20:14:48.352+0000] {subprocess.py:86} INFO - Output:
[2026-05-31T20:14:55.803+0000] {subprocess.py:93} INFO - [0m20:14:55  Running with dbt=1.7.0
[2026-05-31T20:14:57.142+0000] {subprocess.py:93} INFO - [0m20:14:57  Registered adapter: postgres=1.7.0
[2026-05-31T20:14:58.345+0000] {subprocess.py:93} INFO - [0m20:14:58  [[33mWARNING[0m]: Configuration paths exist in your dbt_project.yml file which do not apply to any resources.
[2026-05-31T20:14:58.347+0000] {subprocess.py:93} INFO - There are 1 unused configuration paths:
[2026-05-31T20:14:58.349+0000] {subprocess.py:93} INFO - - models.retailco_models.example
[2026-05-31T20:14:58.456+0000] {subprocess.py:93} INFO - [0m20:14:58  Found 19 models, 2 snapshots, 16 tests, 8 sources, 0 exposures, 0 metrics, 401 macros, 0 groups, 0 semantic models
[2026-05-31T20:14:58.466+0000] {subprocess.py:93} INFO - [0m20:14:58
[2026-05-31T20:14:58.785+0000] {subprocess.py:93} INFO - [0m20:14:58  Concurrency: 4 threads (target='dev')
[2026-05-31T20:14:58.789+0000] {subprocess.py:93} INFO - [0m20:14:58
[2026-05-31T20:14:58.824+0000] {subprocess.py:93} INFO - [0m20:14:58  1 of 8 START sql view model marts.stg_customers ................................ [RUN]
[2026-05-31T20:14:58.833+0000] {subprocess.py:93} INFO - [0m20:14:58  2 of 8 START sql view model marts.stg_employees ................................ [RUN]
[2026-05-31T20:14:58.838+0000] {subprocess.py:93} INFO - [0m20:14:58  3 of 8 START sql view model marts.stg_inventory_movements ...................... [RUN]
[2026-05-31T20:14:58.843+0000] {subprocess.py:93} INFO - [0m20:14:58  4 of 8 START sql view model marts.stg_orders ................................... [RUN]
[2026-05-31T20:14:59.730+0000] {subprocess.py:93} INFO - [0m20:14:59  3 of 8 OK created sql view model marts.stg_inventory_movements ................. [[32mCREATE VIEW[0m in 0.86s]
[2026-05-31T20:14:59.742+0000] {subprocess.py:93} INFO - [0m20:14:59  4 of 8 OK created sql view model marts.stg_orders .............................. [[32mCREATE VIEW[0m in 0.86s]
[2026-05-31T20:14:59.746+0000] {subprocess.py:93} INFO - [0m20:14:59  2 of 8 OK created sql view model marts.stg_employees ........................... [[32mCREATE VIEW[0m in 0.87s]
[2026-05-31T20:14:59.754+0000] {subprocess.py:93} INFO - [0m20:14:59  1 of 8 OK created sql view model marts.stg_customers ........................... [[32mCREATE VIEW[0m in 0.89s]
[2026-05-31T20:14:59.785+0000] {subprocess.py:93} INFO - [0m20:14:59  5 of 8 START sql view model marts.stg_payment_methods .......................... [RUN]
[2026-05-31T20:14:59.794+0000] {subprocess.py:93} INFO - [0m20:14:59  6 of 8 START sql view model marts.stg_payments ................................. [RUN]
[2026-05-31T20:14:59.799+0000] {subprocess.py:93} INFO - [0m20:14:59  7 of 8 START sql view model marts.stg_products ................................. [RUN]
[2026-05-31T20:14:59.808+0000] {subprocess.py:93} INFO - [0m20:14:59  8 of 8 START sql view model marts.stg_stores ................................... [RUN]
[2026-05-31T20:15:00.478+0000] {subprocess.py:93} INFO - [0m20:15:00  5 of 8 OK created sql view model marts.stg_payment_methods ..................... [[32mCREATE VIEW[0m in 0.66s]
[2026-05-31T20:15:00.516+0000] {subprocess.py:93} INFO - [0m20:15:00  8 of 8 OK created sql view model marts.stg_stores .............................. [[32mCREATE VIEW[0m in 0.66s]
[2026-05-31T20:15:00.527+0000] {subprocess.py:93} INFO - [0m20:15:00  7 of 8 OK created sql view model marts.stg_products ............................ [[32mCREATE VIEW[0m in 0.69s]
[2026-05-31T20:15:00.545+0000] {subprocess.py:93} INFO - [0m20:15:00  6 of 8 OK created sql view model marts.stg_payments ............................ [[32mCREATE VIEW[0m in 0.72s]
[2026-05-31T20:15:00.616+0000] {subprocess.py:93} INFO - [0m20:15:00
[2026-05-31T20:15:00.618+0000] {subprocess.py:93} INFO - [0m20:15:00  Finished running 8 view models in 0 hours 0 minutes and 2.15 seconds (2.15s).
[2026-05-31T20:15:00.692+0000] {subprocess.py:93} INFO - [0m20:15:00
[2026-05-31T20:15:00.695+0000] {subprocess.py:93} INFO - [0m20:15:00  [32mCompleted successfully[0m
[2026-05-31T20:15:00.699+0000] {subprocess.py:93} INFO - [0m20:15:00
[2026-05-31T20:15:00.701+0000] {subprocess.py:93} INFO - [0m20:15:00  Done. PASS=8 WARN=0 ERROR=0 SKIP=0 TOTAL=8
[2026-05-31T20:15:03.175+0000] {subprocess.py:97} INFO - Command exited with return code 0
[2026-05-31T20:15:03.177+0000] {taskinstance.py:441} INFO - ::group::Post task execution logs
[2026-05-31T20:15:03.260+0000] {taskinstance.py:1206} INFO - Marking task as SUCCESS. dag_id=retailco_master_pipeline, task_id=dbt_run_staging, run_id=manual__2026-05-31T20:13:33.267598+00:00, execution_date=20260531T201333, start_date=20260531T201447, end_date=20260531T201503
[2026-05-31T20:15:03.303+0000] {local_task_job_runner.py:240} INFO - Task exited with return code 0
[2026-05-31T20:15:03.367+0000] {taskinstance.py:3498} INFO - 1 downstream tasks scheduled from follow-on schedule check
[2026-05-31T20:15:03.372+0000] {local_task_job_runner.py:222} INFO - ::endgroup::
