[2026-05-31T14:43:54.083+0000] {local_task_job_runner.py:120} INFO - ::group::Pre task execution logs
[2026-05-31T14:43:54.121+0000] {taskinstance.py:2076} INFO - Dependencies all met for dep_context=non-requeueable deps ti=<TaskInstance: retailco_master_pipeline.load_lake_to_warehouse manual__2026-05-31T14:43:34.200895+00:00 [queued]>
[2026-05-31T14:43:54.130+0000] {taskinstance.py:2076} INFO - Dependencies all met for dep_context=requeueable deps ti=<TaskInstance: retailco_master_pipeline.load_lake_to_warehouse manual__2026-05-31T14:43:34.200895+00:00 [queued]>
[2026-05-31T14:43:54.132+0000] {taskinstance.py:2306} INFO - Starting attempt 1 of 3
[2026-05-31T14:43:54.150+0000] {taskinstance.py:2330} INFO - Executing <Task(BashOperator): load_lake_to_warehouse> on 2026-05-31 14:43:34.200895+00:00
[2026-05-31T14:43:54.158+0000] {standard_task_runner.py:63} INFO - Started process 526 to run task
[2026-05-31T14:43:54.162+0000] {standard_task_runner.py:90} INFO - Running: ['***', 'tasks', 'run', 'retailco_master_pipeline', 'load_lake_to_warehouse', 'manual__2026-05-31T14:43:34.200895+00:00', '--job-id', '10', '--raw', '--subdir', 'DAGS_FOLDER/retailco_dag.py', '--cfg-path', '/tmp/tmp9nxhervs']
[2026-05-31T14:43:54.166+0000] {standard_task_runner.py:91} INFO - Job 10: Subtask load_lake_to_warehouse
[2026-05-31T14:43:54.251+0000] {task_command.py:426} INFO - Running <TaskInstance: retailco_master_pipeline.load_lake_to_warehouse manual__2026-05-31T14:43:34.200895+00:00 [running]> on host 9f8f7458f75c
[2026-05-31T14:43:54.362+0000] {taskinstance.py:2648} INFO - Exporting env vars: AIRFLOW_CTX_DAG_OWNER='data_engineering_team' AIRFLOW_CTX_DAG_ID='retailco_master_pipeline' AIRFLOW_CTX_TASK_ID='load_lake_to_warehouse' AIRFLOW_CTX_EXECUTION_DATE='2026-05-31T14:43:34.200895+00:00' AIRFLOW_CTX_TRY_NUMBER='1' AIRFLOW_CTX_DAG_RUN_ID='manual__2026-05-31T14:43:34.200895+00:00'
[2026-05-31T14:43:54.365+0000] {taskinstance.py:430} INFO - ::endgroup::
[2026-05-31T14:43:54.378+0000] {subprocess.py:63} INFO - Tmp dir root location: /tmp
[2026-05-31T14:43:54.383+0000] {subprocess.py:75} INFO - Running command: ['/usr/bin/bash', '-c', 'python /opt/***/loader.py']
[2026-05-31T14:43:54.393+0000] {subprocess.py:86} INFO - Output:
[2026-05-31T14:44:01.696+0000] {subprocess.py:93} INFO - 2026-05-31 14:44:01,694 - INFO - Reading the config from /opt/***/***.cfg
[2026-05-31T14:44:02.471+0000] {subprocess.py:93} INFO - 2026-05-31 14:44:02,470 - INFO - Configured default timezone UTC
[2026-05-31T14:44:07.906+0000] {subprocess.py:93} INFO - 
[2026-05-31T14:44:07.907+0000] {subprocess.py:93} INFO - --- Starting Full dlt Warehouse Load ---
[2026-05-31T14:44:07.907+0000] {subprocess.py:93} INFO - 
[2026-05-31T14:44:07.908+0000] {subprocess.py:93} INFO - Extracting 'customers' from Lake and loading to Warehouse...
[2026-05-31T14:44:07.908+0000] {subprocess.py:93} INFO - [[34m2026-05-31T14:44:07.906+0000[0m] {[34mloader.py:[0m83} INFO[0m - SUCCESS: customers securely loaded to the Data Warehouse.[0m
[2026-05-31T14:44:08.301+0000] {subprocess.py:93} INFO - 
[2026-05-31T14:44:08.302+0000] {subprocess.py:93} INFO - Extracting 'products' from Lake and loading to Warehouse...
[2026-05-31T14:44:08.302+0000] {subprocess.py:93} INFO - [[34m2026-05-31T14:44:08.301+0000[0m] {[34mloader.py:[0m83} INFO[0m - SUCCESS: products securely loaded to the Data Warehouse.[0m
[2026-05-31T14:44:08.700+0000] {subprocess.py:93} INFO - 
[2026-05-31T14:44:08.701+0000] {subprocess.py:93} INFO - Extracting 'stores' from Lake and loading to Warehouse...
[2026-05-31T14:44:08.702+0000] {subprocess.py:93} INFO - [[34m2026-05-31T14:44:08.700+0000[0m] {[34mloader.py:[0m83} INFO[0m - SUCCESS: stores securely loaded to the Data Warehouse.[0m
[2026-05-31T14:44:09.074+0000] {subprocess.py:93} INFO - 
[2026-05-31T14:44:09.075+0000] {subprocess.py:93} INFO - Extracting 'employees' from Lake and loading to Warehouse...
[2026-05-31T14:44:09.075+0000] {subprocess.py:93} INFO - [[34m2026-05-31T14:44:09.074+0000[0m] {[34mloader.py:[0m83} INFO[0m - SUCCESS: employees securely loaded to the Data Warehouse.[0m
[2026-05-31T14:44:09.548+0000] {subprocess.py:93} INFO - 
[2026-05-31T14:44:09.548+0000] {subprocess.py:93} INFO - Extracting 'payment_methods' from Lake and loading to Warehouse...
[2026-05-31T14:44:09.549+0000] {subprocess.py:93} INFO - [[34m2026-05-31T14:44:09.548+0000[0m] {[34mloader.py:[0m83} INFO[0m - SUCCESS: payment_methods securely loaded to the Data Warehouse.[0m
[2026-05-31T14:44:09.711+0000] {subprocess.py:93} INFO - 2026-05-31 14:44:09,711|[WARNING]|527|135993742546752|dlt|validate.py|verify_normalized_table:113|In schema `retailco_warehouse`: The following columns in table 'orders' did not receive any data during this load and therefore could not have their types inferred:
[2026-05-31T14:44:09.713+0000] {subprocess.py:93} INFO -   - delivered_at
[2026-05-31T14:44:09.714+0000] {subprocess.py:93} INFO -   - shipped_at
[2026-05-31T14:44:09.714+0000] {subprocess.py:93} INFO - 
[2026-05-31T14:44:09.715+0000] {subprocess.py:93} INFO - Unless type hints are provided, these columns will not be materialized in the destination.
[2026-05-31T14:44:09.715+0000] {subprocess.py:93} INFO - One way to provide type hints is to use the 'columns' argument in the '@dlt.resource' decorator.  For example:
[2026-05-31T14:44:09.716+0000] {subprocess.py:93} INFO - 
[2026-05-31T14:44:09.716+0000] {subprocess.py:93} INFO - @dlt.resource(columns={'delivered_at': {'data_type': 'text'}})
[2026-05-31T14:44:09.717+0000] {subprocess.py:93} INFO - 
[2026-05-31T14:44:09.975+0000] {subprocess.py:93} INFO - 
[2026-05-31T14:44:09.976+0000] {subprocess.py:93} INFO - Extracting 'orders' from Lake and loading to Warehouse...
[2026-05-31T14:44:09.977+0000] {subprocess.py:93} INFO - [[34m2026-05-31T14:44:09.975+0000[0m] {[34mloader.py:[0m83} INFO[0m - SUCCESS: orders securely loaded to the Data Warehouse.[0m
[2026-05-31T14:44:10.485+0000] {subprocess.py:93} INFO - 
[2026-05-31T14:44:10.485+0000] {subprocess.py:93} INFO - Extracting 'payments' from Lake and loading to Warehouse...
[2026-05-31T14:44:10.486+0000] {subprocess.py:93} INFO - [[34m2026-05-31T14:44:10.485+0000[0m] {[34mloader.py:[0m83} INFO[0m - SUCCESS: payments securely loaded to the Data Warehouse.[0m
[2026-05-31T14:44:10.889+0000] {subprocess.py:93} INFO - 
[2026-05-31T14:44:10.890+0000] {subprocess.py:93} INFO - Extracting 'inventory_movements' from Lake and loading to Warehouse...
[2026-05-31T14:44:10.891+0000] {subprocess.py:93} INFO - [[34m2026-05-31T14:44:10.889+0000[0m] {[34mloader.py:[0m83} INFO[0m - SUCCESS: inventory_movements securely loaded to the Data Warehouse.[0m
[2026-05-31T14:44:10.891+0000] {subprocess.py:93} INFO - 
[2026-05-31T14:44:10.892+0000] {subprocess.py:93} INFO - --- CHECKPOINT 3 COMPLETE: All tables loaded into the Analytics Warehouse! ---
[2026-05-31T14:44:14.226+0000] {subprocess.py:97} INFO - Command exited with return code 0
[2026-05-31T14:44:14.229+0000] {taskinstance.py:441} INFO - ::group::Post task execution logs
[2026-05-31T14:44:14.266+0000] {taskinstance.py:1206} INFO - Marking task as SUCCESS. dag_id=retailco_master_pipeline, task_id=load_lake_to_warehouse, run_id=manual__2026-05-31T14:43:34.200895+00:00, execution_date=20260531T144334, start_date=20260531T144354, end_date=20260531T144414
[2026-05-31T14:44:14.313+0000] {local_task_job_runner.py:240} INFO - Task exited with return code 0
[2026-05-31T14:44:14.354+0000] {taskinstance.py:3498} INFO - 1 downstream tasks scheduled from follow-on schedule check
[2026-05-31T14:44:14.361+0000] {local_task_job_runner.py:222} INFO - ::endgroup::
